******************************************************************************
                  TI ARM Linker PC v5.2.2                      
******************************************************************************
>> Linked Mon Jun 08 23:11:35 2015

OUTPUT FILE NAME:   <EMouse.out>
ENTRY POINT SYMBOL: "_c_int00"  address: 00002a4d


MEMORY CONFIGURATION

         name            origin    length      used     unused   attr    fill
----------------------  --------  ---------  --------  --------  ----  --------
  FLASH                 00000000   00040000  000036e0  0003c920  R  X
  SRAM                  20000000   00008000  00000532  00007ace  RW X


SEGMENT ALLOCATION MAP

run origin  load origin   length   init length attrs members
----------  ----------- ---------- ----------- ----- -------
00000000    00000000    000036e8   000036e8    r-x
  00000000    00000000    0000026c   0000026c    r-- .intvecs
  0000026c    0000026c    00002eee   00002eee    r-x .text
  0000315c    0000315c    000004d6   000004d6    r-- .const
  00003638    00003638    000000b0   000000b0    r-- .cinit
20000000    20000000    00000536   00000000    rw-
  20000000    20000000    0000026c   00000000    rw- .vtable
  2000026c    2000026c    00000200   00000000    rw- .stack
  2000046c    2000046c    000000a8   00000000    rw- .data
  20000518    20000518    0000001e   00000000    rw- .bss


SECTION ALLOCATION MAP

 output                                  attributes/
section   page    origin      length       input sections
--------  ----  ----------  ----------   ----------------
.intvecs   0    00000000    0000026c     
                  00000000    0000026c     tm4c123gh6pm_startup_ccs.obj (.intvecs)

.text      0    0000026c    00002eee     
                  0000026c    000007b8     NEC.obj (.text)
                  00000a24    000005d8     PID.obj (.text)
                  00000ffc    0000049c     uartstdio.obj (.text)
                  00001498    000003c0     interrupt.obj (.text)
                  00001858    000003b0     Motor.obj (.text)
                  00001c08    000001b6     rtsv7M4_T_le_v4SPD16_eabi.lib : fd_add_t2.obj (.text)
                  00001dbe    00000002     --HOLE-- [fill = 0]
                  00001dc0    0000018c     UART0.obj (.text)
                  00001f4c    00000168     InfSen.obj (.text)
                  000020b4    00000136     rtsv7M4_T_le_v4SPD16_eabi.lib : fd_div_t2.obj (.text)
                  000021ea    00000130     driverlib.lib : gpio.obj (.text:GPIOPadConfigSet)
                  0000231a    00000002     --HOLE-- [fill = 0]
                  0000231c    0000012c     Seg.obj (.text)
                  00002448    00000118     driverlib.lib : sysctl.obj (.text:SysCtlClockGet)
                  00002560    000000fc     rtsv7M4_T_le_v4SPD16_eabi.lib : fd_mul_t2.obj (.text)
                  0000265c    000000f0     driverlib.lib : sysctl.obj (.text:SysCtlClockSet)
                  0000274c    0000009c     rtsv7M4_T_le_v4SPD16_eabi.lib : memcpy_t2.obj (.text)
                  000027e8    0000007a                                   : memset_t2.obj (.text)
                  00002862    00000002     --HOLE-- [fill = 0]
                  00002864    0000006c                                   : autoinit.obj (.text)
                  000028d0    0000006a                                   : copy_decompress_rle.obj (.text)
                  0000293a    00000002     --HOLE-- [fill = 0]
                  0000293c    0000005c     EMouse.obj (.text)
                  00002998    0000005c     driverlib.lib : timer.obj (.text:TimerConfigure)
                  000029f4    00000056                   : gpio.obj (.text:GPIOIntTypeSet)
                  00002a4a    00000002     --HOLE-- [fill = 0]
                  00002a4c    00000050     rtsv7M4_T_le_v4SPD16_eabi.lib : boot.obj (.text)
                  00002a9c    0000004c     driverlib.lib : timer.obj (.text:_TimerIntNumberGet)
                  00002ae8    0000004c     rtsv7M4_T_le_v4SPD16_eabi.lib : cpy_tbl.obj (.text)
                  00002b34    0000004a                                   : fd_tos_t2.obj (.text)
                  00002b7e    00000002     --HOLE-- [fill = 0]
                  00002b80    00000048     driverlib.lib : gpio.obj (.text:GPIOPinConfigure)
                  00002bc8    00000044     rtsv7M4_T_le_v4SPD16_eabi.lib : exit.obj (.text)
                  00002c0c    00000044                                   : fd_tou_t2.obj (.text)
                  00002c50    00000042                                   : u_divt2.obj (.text)
                  00002c92    00000040     driverlib.lib : uart.obj (.text:UARTConfigSetExpClk)
                  00002cd2    00000002     --HOLE-- [fill = 0]
                  00002cd4    00000040                   : gpio.obj (.text:_GPIOIntNumberGet)
                  00002d14    00000040                   : uart.obj (.text:_UARTIntNumberGet)
                  00002d54    00000038     rtsv7M4_T_le_v4SPD16_eabi.lib : fs_tod_t2.obj (.text)
                  00002d8c    00000034     driverlib.lib : sysctl.obj (.text:SysCtlPeripheralEnable)
                  00002dc0    00000034                   : sysctl.obj (.text:SysCtlPeripheralPresent)
                  00002df4    0000002e     rtsv7M4_T_le_v4SPD16_eabi.lib : i_tofd_t2.obj (.text)
                  00002e22    0000002a     driverlib.lib : gpio.obj (.text:GPIODirModeSet)
                  00002e4c    00000022                   : pwm.obj (.text:PWMGenConfigure)
                  00002e6e    00000020     rtsv7M4_T_le_v4SPD16_eabi.lib : u_tofd_t2.obj (.text)
                  00002e8e    0000001e     driverlib.lib : pwm.obj (.text:PWMPulseWidthSet)
                  00002eac    0000001c                   : uart.obj (.text:UARTDisable)
                  00002ec8    00000018                   : gpio.obj (.text:GPIOIntRegister)
                  00002ee0    00000018                   : gpio.obj (.text:GPIOPinTypeGPIOOutput)
                  00002ef8    00000018                   : timer.obj (.text:TimerIntRegister)
                  00002f10    00000018                   : uart.obj (.text:UARTIntRegister)
                  00002f28    00000018     rtsv7M4_T_le_v4SPD16_eabi.lib : args_main.obj (.text)
                  00002f40    00000014     driverlib.lib : sysctl.obj (.text:SysCtlPWMClockSet)
                  00002f54    00000014                   : uart.obj (.text:UARTEnable)
                  00002f68    00000014     rtsv7M4_T_le_v4SPD16_eabi.lib : _lock.obj (.text)
                  00002f7c    00000014                                   : strlen.obj (.text)
                  00002f90    00000012     driverlib.lib : gpio.obj (.text:GPIOPinTypeGPIOInput)
                  00002fa2    00000012                   : gpio.obj (.text:GPIOPinTypePWM)
                  00002fb4    00000012                   : gpio.obj (.text:GPIOPinTypeQEI)
                  00002fc6    00000012                   : gpio.obj (.text:GPIOPinTypeUART)
                  00002fd8    00000012                   : timer.obj (.text:TimerLoadSet)
                  00002fea    00000002     --HOLE-- [fill = 0]
                  00002fec    00000010                   : fpu.obj (.text:FPUEnable)
                  00002ffc    00000010                   : pwm.obj (.text:PWMGenPeriodSet)
                  0000300c    00000010                   : qei.obj (.text:QEIVelocityConfigure)
                  0000301c    0000000e                   : gpio.obj (.text:GPIOIntDisable)
                  0000302a    0000000e                   : qei.obj (.text:QEIConfigure)
                  00003038    0000000e                   : timer.obj (.text:TimerEnable)
                  00003046    0000000e                   : uart.obj (.text:UARTCharGetNonBlocking)
                  00003054    0000000e     rtsv7M4_T_le_v4SPD16_eabi.lib : copy_decompress_none.obj (.text:decompress:none)
                  00003062    0000000c     driverlib.lib : cpu.obj (.text:CPUcpsid)
                  0000306e    0000000c                   : cpu.obj (.text:CPUcpsie)
                  0000307a    0000000c                   : gpio.obj (.text:GPIOIntEnable)
                  00003086    0000000c                   : pwm.obj (.text:PWMGenEnable)
                  00003092    0000000c                   : uart.obj (.text:UARTCharsAvail)
                  0000309e    0000000c     rtsv7M4_T_le_v4SPD16_eabi.lib : copy_zero_init.obj (.text:decompress:ZI)
                  000030aa    0000000c     tm4c123gh6pm_startup_ccs.obj (.text)
                  000030b6    0000000a     driverlib.lib : cpu.obj (.text:CPUbasepriGet)
                  000030c0    0000000a                   : qei.obj (.text:QEIEnable)
                  000030ca    0000000a                   : qei.obj (.text:QEIVelocityEnable)
                  000030d4    0000000a                   : timer.obj (.text:TimerIntDisable)
                  000030de    0000000a                   : uart.obj (.text:UARTCharGet)
                  000030e8    0000000a                   : uart.obj (.text:UARTCharPut)
                  000030f2    0000000a                   : uart.obj (.text:UARTFIFODisable)
                  000030fc    0000000a                   : uart.obj (.text:UARTIntStatus)
                  00003106    00000008                   : timer.obj (.text:TimerIntEnable)
                  0000310e    00000008                   : uart.obj (.text:UARTIntEnable)
                  00003116    00000006                   : cpu.obj (.text:CPUbasepriSet)
                  0000311c    00000006                   : gpio.obj (.text:GPIOIntClear)
                  00003122    00000006                   : gpio.obj (.text:GPIOPinRead)
                  00003128    00000006                   : gpio.obj (.text:GPIOPinWrite)
                  0000312e    00000006                   : sysctl.obj (.text:SysCtlDelay)
                  00003134    00000006                   : timer.obj (.text:TimerClockSourceSet)
                  0000313a    00000006                   : uart.obj (.text:UARTClockSourceSet)
                  00003140    00000006     rtsv7M4_T_le_v4SPD16_eabi.lib : copy_decompress_rle.obj (.text:decompress:rle24)
                  00003146    00000004     driverlib.lib : qei.obj (.text:QEIPositionSet)
                  0000314a    00000004                   : qei.obj (.text:QEIVelocityGet)
                  0000314e    00000004                   : timer.obj (.text:TimerIntClear)
                  00003152    00000004                   : uart.obj (.text:UARTIntClear)
                  00003156    00000004     rtsv7M4_T_le_v4SPD16_eabi.lib : pre_init.obj (.text)

.const     0    0000315c    000004d6     
                  0000315c    000000c0     driverlib.lib : gpio.obj (.const:g_ppui32GPIOIntMapBlizzard)
                  0000321c    000000c0                   : gpio.obj (.const:g_ppui32GPIOIntMapSnowflake)
                  000032dc    0000009c     interrupt.obj (.const:g_pui32Regs)
                  00003378    00000090     driverlib.lib : gpio.obj (.const:g_pui32GPIOBaseAddrs)
                  00003408    00000070     interrupt.obj (.const)
                  00003478    0000006c     driverlib.lib : sysctl.obj (.const:g_pui32Xtals)
                  000034e4    00000060                   : timer.obj (.const:g_ppui32TimerIntMap)
                  00003544    00000040                   : timer.obj (.const:g_ppui32TimerIntMapSnowflake)
                  00003584    00000040                   : uart.obj (.const:g_ppui32UARTIntMap)
                  000035c4    00000040                   : uart.obj (.const:g_ppui32UARTIntMapSnowflake)
                  00003604    0000001c     uartstdio.obj (.const)
                  00003620    00000012     uartstdio.obj (.const:.string)

.cinit     0    00003638    000000b0     
                  00003638    0000007c     (.cinit..data.load) [load image, compression = rle]
                  000036b4    0000000c     (__TI_handler_table)
                  000036c0    00000008     (.cinit..bss.load) [load image, compression = zero_init]
                  000036c8    00000008     (.cinit..vtable.load) [load image, compression = zero_init]
                  000036d0    00000018     (__TI_cinit_table)

.init_array 
*          0    00000000    00000000     UNINITIALIZED

.vtable    0    20000000    0000026c     UNINITIALIZED
                  20000000    0000026c     interrupt.obj (.vtable)

.stack     0    2000026c    00000200     UNINITIALIZED
                  2000026c    00000200     --HOLE--

.data      0    2000046c    000000a8     UNINITIALIZED
                  2000046c    00000060     PID.obj (.data)
                  200004cc    00000010     Motor.obj (.data)
                  200004dc    00000010     Seg.obj (.data)
                  200004ec    00000009     NEC.obj (.data)
                  200004f5    00000001     UART0.obj (.data)
                  200004f6    00000002     --HOLE--
                  200004f8    00000008     rtsv7M4_T_le_v4SPD16_eabi.lib : _lock.obj (.data)
                  20000500    00000008                                   : exit.obj (.data)
                  20000508    00000005     uartstdio.obj (.data)
                  2000050d    00000003     --HOLE--
                  20000510    00000004     rtsv7M4_T_le_v4SPD16_eabi.lib : stkdepth_vars.obj (.data)

.bss       0    20000518    0000001e     UNINITIALIZED
                  20000518    00000010     (.common:ui64InfraRawCode)
                  20000528    00000004     (.common:ui32NECEncoded)
                  2000052c    00000004     (.common:ui32PE0IntEnable)
                  20000530    00000001     (.common:machineState)
                  20000531    00000001     (.common:ui8CountOnesCounter)
                  20000532    00000001     (.common:ui8EncodedBitCounter)
                  20000533    00000001     (.common:ui8LeadOnesCounter)
                  20000534    00000001     (.common:ui8RawBitCounter)
                  20000535    00000001     (.common:ui8TransmitEnable)

.TI.persistent 
*          0    2000046c    00000000     UNINITIALIZED

.TI.noinit 
*          0    20000518    00000000     UNINITIALIZED


LINKER GENERATED COPY TABLES

__TI_cinit_table @ 000036d0 records: 3, size/record: 8, table size: 24
	.data: load addr=00003638, load size=0000007c bytes, run addr=2000046c, run size=000000a8 bytes, compression=rle
	.bss: load addr=000036c0, load size=00000008 bytes, run addr=20000518, run size=0000001e bytes, compression=zero_init
	.vtable: load addr=000036c8, load size=00000008 bytes, run addr=20000000, run size=0000026c bytes, compression=zero_init


LINKER GENERATED HANDLER TABLE

__TI_handler_table @ 000036b4 records: 3, size/record: 4, table size: 12
	index: 0, handler: __TI_zero_init
	index: 1, handler: __TI_decompress_rle24
	index: 2, handler: __TI_decompress_none


GLOBAL SYMBOLS: SORTED ALPHABETICALLY BY Name 

address   name                    
-------   ----                    
00002bc9  C$$EXIT                 
000030b7  CPUbasepriGet           
00003117  CPUbasepriSet           
00003063  CPUcpsid                
0000306f  CPUcpsie                
00002955  EMouse_Init             
00002fed  FPUEnable               
00002e23  GPIODirModeSet          
0000311d  GPIOIntClear            
0000301d  GPIOIntDisable          
0000307b  GPIOIntEnable           
00002ec9  GPIOIntRegister         
000029f5  GPIOIntTypeSet          
000021eb  GPIOPadConfigSet        
00002b81  GPIOPinConfigure        
00003123  GPIOPinRead             
00002f91  GPIOPinTypeGPIOInput    
00002ee1  GPIOPinTypeGPIOOutput   
00002fa3  GPIOPinTypePWM          
00002fb5  GPIOPinTypeQEI          
00002fc7  GPIOPinTypeUART         
00003129  GPIOPinWrite            
00001f4d  InfSen_Init             
0000201d  InfSen_Read             
0000043b  InfraPortInit           
000004dd  InfraPortIntHandler     
00001659  IntDisable              
000015e7  IntEnable               
000016cb  IntIsEnabled            
000014ab  IntMasterDisable        
0000149b  IntMasterEnable         
000017c1  IntPendClear            
00001751  IntPendSet              
000015c3  IntPriorityGet          
0000153b  IntPriorityGroupingGet  
00001521  IntPriorityGroupingSet  
0000181b  IntPriorityMaskGet      
0000180f  IntPriorityMaskSet      
00001573  IntPrioritySet          
000014bb  IntRegister             
00001823  IntTrigger              
0000150d  IntUnregister           
00001a79  Motor_Break             
00001a13  Motor_Init              
00001859  Motor_Init_PWM          
0000193f  Motor_Init_QEI          
00001a1f  Motor_Left_PWM_Width    
00001acf  Motor_Move              
00001a39  Motor_Right_PWM_Width   
00001a55  Motor_Start             
00001a69  Motor_Stop              
0000026d  NECCommandExecute       
000008b5  NECCommandExtract       
000009e5  NECCommandMenu          
0000081d  NECReceiveBit           
00000851  NECReceiveReset         
00000473  NECTimerInit            
00000539  NECTimerIntHandler      
00000413  NEC_Init                
00000ccb  PIDTimerIntHandler      
00000d7d  PID_Cali_Left_RPS       
00000e79  PID_Cali_Right_RPS      
00000c61  PID_Init                
00000c69  PID_Init_Timer          
00000a99  PID_Left_RPS_To_PWM     
00000a25  PID_Move                
00000ae3  PID_Right_RPS_To_PWM    
00000b2d  PID_Set_Left_RPS        
00000bc3  PID_Set_Right_RPS       
00000a71  PID_Start               
00000f65  PID_Stop                
00002e4d  PWMGenConfigure         
00003087  PWMGenEnable            
00002ffd  PWMGenPeriodSet         
00002e8f  PWMPulseWidthSet        
0000302b  QEIConfigure            
000030c1  QEIEnable               
00003147  QEIPositionSet          
0000300d  QEIVelocityConfigure    
000030cb  QEIVelocityEnable       
0000314b  QEIVelocityGet          
000030ab  ResetISR                
200004dc  SEG_A_List              
UNDEFED   SHT$$INIT_ARRAY$$Base   
UNDEFED   SHT$$INIT_ARRAY$$Limit  
0000235b  Seg_Display_Num         
0000231d  Seg_Update              
00000719  StateMachine            
00002449  SysCtlClockGet          
0000265d  SysCtlClockSet          
0000312f  SysCtlDelay             
00002f41  SysCtlPWMClockSet       
00002d8d  SysCtlPeripheralEnable  
00002dc1  SysCtlPeripheralPresent 
00003135  TimerClockSourceSet     
00002999  TimerConfigure          
00003039  TimerEnable             
0000314f  TimerIntClear           
000030d5  TimerIntDisable         
00003107  TimerIntEnable          
00002ef9  TimerIntRegister        
00002fd9  TimerLoadSet            
00001e47  UART0_Init              
00001e11  UART0_Interrupt         
000030df  UARTCharGet             
00003047  UARTCharGetNonBlocking  
000030e9  UARTCharPut             
00003093  UARTCharsAvail          
0000313b  UARTClockSourceSet      
00002c93  UARTConfigSetExpClk     
00002ead  UARTDisable             
00002f55  UARTEnable              
000030f3  UARTFIFODisable         
00003153  UARTIntClear            
0000310f  UARTIntEnable           
00002f11  UARTIntRegister         
000030fd  UARTIntStatus           
00000ffd  UARTStdioConfig         
00001f0b  UART_Int_Len            
00001ea7  UART_Int_To_String      
00001dc1  UART_Send_String        
200004f5  UART_counter            
00001143  UARTgetc                
00001089  UARTgets                
00001463  UARTprintf              
00001169  UARTvprintf             
00001043  UARTwrite               
2000046c  __STACK_END             
00000200  __STACK_SIZE            
2000046c  __STACK_TOP             
000036d0  __TI_CINIT_Base         
000036e8  __TI_CINIT_Limit        
000036b4  __TI_Handler_Table_Base 
000036c0  __TI_Handler_Table_Limit
00002865  __TI_auto_init          
20000500  __TI_cleanup_ptr        
00003055  __TI_decompress_none    
00003141  __TI_decompress_rle24   
20000504  __TI_dtors_ptr          
00000000  __TI_static_base__      
0000309f  __TI_zero_init          
00002b35  __aeabi_d2f             
00002c0d  __aeabi_d2uiz           
00001c13  __aeabi_dadd            
000020b5  __aeabi_ddiv            
00002561  __aeabi_dmul            
00001c09  __aeabi_dsub            
00002d55  __aeabi_f2d             
00002df5  __aeabi_i2d             
000027e9  __aeabi_memclr          
000027e9  __aeabi_memclr4         
000027e9  __aeabi_memclr8         
0000274d  __aeabi_memcpy          
0000274d  __aeabi_memcpy4         
0000274d  __aeabi_memcpy8         
000027eb  __aeabi_memset          
000027eb  __aeabi_memset4         
000027eb  __aeabi_memset8         
00002e6f  __aeabi_ui2d            
00002c51  __aeabi_uidiv           
00002c51  __aeabi_uidivmod        
ffffffff  __binit__               
ffffffff  __c_args__              
2000026c  __stack                 
00002f29  _args_main              
00002a4d  _c_int00                
200004f8  _lock                   
00002f77  _nop                    
00002f6f  _register_lock          
00002f69  _register_unlock        
00003157  _system_pre_init        
200004fc  _unlock                 
00002bcd  abort                   
ffffffff  binit                   
00002ae9  copy_in                 
00002bd5  exit                    
200004f0  freqToSet               
200004f4  gPreCommand             
20000484  g_L_A                   
2000049c  g_L_A0                  
20000488  g_L_A1                  
200004a0  g_L_B0                  
2000048c  g_L_B1                  
200004d0  g_L_Cur_Dir             
200004cc  g_L_Cur_PWM             
200004b0  g_L_Dir                 
200004b8  g_L_Integral            
2000047c  g_L_Kd                  
20000474  g_L_Ki                  
2000046c  g_L_Kp                  
200004b4  g_L_Pre_Err             
200004ac  g_L_RPS                 
200004d4  g_L_Sample_RPS          
20000490  g_R_A                   
200004a4  g_R_A0                  
20000494  g_R_A1                  
200004a8  g_R_B0                  
20000498  g_R_B1                  
200004d1  g_R_Cur_Dir             
200004ce  g_R_Cur_PWM             
200004c0  g_R_Dir                 
200004c8  g_R_Integral            
20000480  g_R_Kd                  
20000478  g_R_Ki                  
20000470  g_R_Kp                  
200004c4  g_R_Pre_Err             
200004bc  g_R_RPS                 
200004d8  g_R_Sample_RPS          
20000000  g_pfnRAMVectors         
00000000  g_pfnVectors            
20000530  machineState            
0000293d  main                    
20000510  main_func_sp            
0000274d  memcpy                  
000027f1  memset                  
200004ec  necCommandMenuStatus    
00002f7d  strlen                  
20000528  ui32NECEncoded          
2000052c  ui32PE0IntEnable        
20000518  ui64InfraRawCode        
20000531  ui8CountOnesCounter     
20000532  ui8EncodedBitCounter    
20000533  ui8LeadOnesCounter      
20000534  ui8RawBitCounter        
20000535  ui8TransmitEnable       


GLOBAL SYMBOLS: SORTED BY Symbol Address 

address   name                    
-------   ----                    
00000000  __TI_static_base__      
00000000  g_pfnVectors            
00000200  __STACK_SIZE            
0000026d  NECCommandExecute       
00000413  NEC_Init                
0000043b  InfraPortInit           
00000473  NECTimerInit            
000004dd  InfraPortIntHandler     
00000539  NECTimerIntHandler      
00000719  StateMachine            
0000081d  NECReceiveBit           
00000851  NECReceiveReset         
000008b5  NECCommandExtract       
000009e5  NECCommandMenu          
00000a25  PID_Move                
00000a71  PID_Start               
00000a99  PID_Left_RPS_To_PWM     
00000ae3  PID_Right_RPS_To_PWM    
00000b2d  PID_Set_Left_RPS        
00000bc3  PID_Set_Right_RPS       
00000c61  PID_Init                
00000c69  PID_Init_Timer          
00000ccb  PIDTimerIntHandler      
00000d7d  PID_Cali_Left_RPS       
00000e79  PID_Cali_Right_RPS      
00000f65  PID_Stop                
00000ffd  UARTStdioConfig         
00001043  UARTwrite               
00001089  UARTgets                
00001143  UARTgetc                
00001169  UARTvprintf             
00001463  UARTprintf              
0000149b  IntMasterEnable         
000014ab  IntMasterDisable        
000014bb  IntRegister             
0000150d  IntUnregister           
00001521  IntPriorityGroupingSet  
0000153b  IntPriorityGroupingGet  
00001573  IntPrioritySet          
000015c3  IntPriorityGet          
000015e7  IntEnable               
00001659  IntDisable              
000016cb  IntIsEnabled            
00001751  IntPendSet              
000017c1  IntPendClear            
0000180f  IntPriorityMaskSet      
0000181b  IntPriorityMaskGet      
00001823  IntTrigger              
00001859  Motor_Init_PWM          
0000193f  Motor_Init_QEI          
00001a13  Motor_Init              
00001a1f  Motor_Left_PWM_Width    
00001a39  Motor_Right_PWM_Width   
00001a55  Motor_Start             
00001a69  Motor_Stop              
00001a79  Motor_Break             
00001acf  Motor_Move              
00001c09  __aeabi_dsub            
00001c13  __aeabi_dadd            
00001dc1  UART_Send_String        
00001e11  UART0_Interrupt         
00001e47  UART0_Init              
00001ea7  UART_Int_To_String      
00001f0b  UART_Int_Len            
00001f4d  InfSen_Init             
0000201d  InfSen_Read             
000020b5  __aeabi_ddiv            
000021eb  GPIOPadConfigSet        
0000231d  Seg_Update              
0000235b  Seg_Display_Num         
00002449  SysCtlClockGet          
00002561  __aeabi_dmul            
0000265d  SysCtlClockSet          
0000274d  __aeabi_memcpy          
0000274d  __aeabi_memcpy4         
0000274d  __aeabi_memcpy8         
0000274d  memcpy                  
000027e9  __aeabi_memclr          
000027e9  __aeabi_memclr4         
000027e9  __aeabi_memclr8         
000027eb  __aeabi_memset          
000027eb  __aeabi_memset4         
000027eb  __aeabi_memset8         
000027f1  memset                  
00002865  __TI_auto_init          
0000293d  main                    
00002955  EMouse_Init             
00002999  TimerConfigure          
000029f5  GPIOIntTypeSet          
00002a4d  _c_int00                
00002ae9  copy_in                 
00002b35  __aeabi_d2f             
00002b81  GPIOPinConfigure        
00002bc9  C$$EXIT                 
00002bcd  abort                   
00002bd5  exit                    
00002c0d  __aeabi_d2uiz           
00002c51  __aeabi_uidiv           
00002c51  __aeabi_uidivmod        
00002c93  UARTConfigSetExpClk     
00002d55  __aeabi_f2d             
00002d8d  SysCtlPeripheralEnable  
00002dc1  SysCtlPeripheralPresent 
00002df5  __aeabi_i2d             
00002e23  GPIODirModeSet          
00002e4d  PWMGenConfigure         
00002e6f  __aeabi_ui2d            
00002e8f  PWMPulseWidthSet        
00002ead  UARTDisable             
00002ec9  GPIOIntRegister         
00002ee1  GPIOPinTypeGPIOOutput   
00002ef9  TimerIntRegister        
00002f11  UARTIntRegister         
00002f29  _args_main              
00002f41  SysCtlPWMClockSet       
00002f55  UARTEnable              
00002f69  _register_unlock        
00002f6f  _register_lock          
00002f77  _nop                    
00002f7d  strlen                  
00002f91  GPIOPinTypeGPIOInput    
00002fa3  GPIOPinTypePWM          
00002fb5  GPIOPinTypeQEI          
00002fc7  GPIOPinTypeUART         
00002fd9  TimerLoadSet            
00002fed  FPUEnable               
00002ffd  PWMGenPeriodSet         
0000300d  QEIVelocityConfigure    
0000301d  GPIOIntDisable          
0000302b  QEIConfigure            
00003039  TimerEnable             
00003047  UARTCharGetNonBlocking  
00003055  __TI_decompress_none    
00003063  CPUcpsid                
0000306f  CPUcpsie                
0000307b  GPIOIntEnable           
00003087  PWMGenEnable            
00003093  UARTCharsAvail          
0000309f  __TI_zero_init          
000030ab  ResetISR                
000030b7  CPUbasepriGet           
000030c1  QEIEnable               
000030cb  QEIVelocityEnable       
000030d5  TimerIntDisable         
000030df  UARTCharGet             
000030e9  UARTCharPut             
000030f3  UARTFIFODisable         
000030fd  UARTIntStatus           
00003107  TimerIntEnable          
0000310f  UARTIntEnable           
00003117  CPUbasepriSet           
0000311d  GPIOIntClear            
00003123  GPIOPinRead             
00003129  GPIOPinWrite            
0000312f  SysCtlDelay             
00003135  TimerClockSourceSet     
0000313b  UARTClockSourceSet      
00003141  __TI_decompress_rle24   
00003147  QEIPositionSet          
0000314b  QEIVelocityGet          
0000314f  TimerIntClear           
00003153  UARTIntClear            
00003157  _system_pre_init        
000036b4  __TI_Handler_Table_Base 
000036c0  __TI_Handler_Table_Limit
000036d0  __TI_CINIT_Base         
000036e8  __TI_CINIT_Limit        
20000000  g_pfnRAMVectors         
2000026c  __stack                 
2000046c  __STACK_END             
2000046c  __STACK_TOP             
2000046c  g_L_Kp                  
20000470  g_R_Kp                  
20000474  g_L_Ki                  
20000478  g_R_Ki                  
2000047c  g_L_Kd                  
20000480  g_R_Kd                  
20000484  g_L_A                   
20000488  g_L_A1                  
2000048c  g_L_B1                  
20000490  g_R_A                   
20000494  g_R_A1                  
20000498  g_R_B1                  
2000049c  g_L_A0                  
200004a0  g_L_B0                  
200004a4  g_R_A0                  
200004a8  g_R_B0                  
200004ac  g_L_RPS                 
200004b0  g_L_Dir                 
200004b4  g_L_Pre_Err             
200004b8  g_L_Integral            
200004bc  g_R_RPS                 
200004c0  g_R_Dir                 
200004c4  g_R_Pre_Err             
200004c8  g_R_Integral            
200004cc  g_L_Cur_PWM             
200004ce  g_R_Cur_PWM             
200004d0  g_L_Cur_Dir             
200004d1  g_R_Cur_Dir             
200004d4  g_L_Sample_RPS          
200004d8  g_R_Sample_RPS          
200004dc  SEG_A_List              
200004ec  necCommandMenuStatus    
200004f0  freqToSet               
200004f4  gPreCommand             
200004f5  UART_counter            
200004f8  _lock                   
200004fc  _unlock                 
20000500  __TI_cleanup_ptr        
20000504  __TI_dtors_ptr          
20000510  main_func_sp            
20000518  ui64InfraRawCode        
20000528  ui32NECEncoded          
2000052c  ui32PE0IntEnable        
20000530  machineState            
20000531  ui8CountOnesCounter     
20000532  ui8EncodedBitCounter    
20000533  ui8LeadOnesCounter      
20000534  ui8RawBitCounter        
20000535  ui8TransmitEnable       
ffffffff  __binit__               
ffffffff  __c_args__              
ffffffff  binit                   
UNDEFED   SHT$$INIT_ARRAY$$Base   
UNDEFED   SHT$$INIT_ARRAY$$Limit  

[225 symbols]
