******************************************************************************
                  TI ARM Linker PC v5.2.2                      
******************************************************************************
>> Linked Mon Jul 06 06:46:15 2015

OUTPUT FILE NAME:   <EMouse.out>
ENTRY POINT SYMBOL: "_c_int00"  address: 000039c9


MEMORY CONFIGURATION

         name            origin    length      used     unused   attr    fill
----------------------  --------  ---------  --------  --------  ----  --------
  FLASH                 00000000   00040000  0000455c  0003baa4  R  X
  SRAM                  20000000   00008000  00000693  0000796d  RW X


SEGMENT ALLOCATION MAP

run origin  load origin   length   init length attrs members
----------  ----------- ---------- ----------- ----- -------
00000000    00000000    00004560   00004560    r-x
  00000000    00000000    0000026c   0000026c    r-- .intvecs
  0000026c    0000026c    00003d58   00003d58    r-x .text
  00003fc4    00003fc4    000004e0   000004e0    r-- .const
  000044a8    000044a8    000000b8   000000b8    r-- .cinit
20000000    20000000    00000693   00000000    rw-
  20000000    20000000    0000026c   00000000    rw- .vtable
  2000026c    2000026c    00000200   00000000    rw- .stack
  2000046c    2000046c    000001b4   00000000    rw- .data
  20000620    20000620    00000073   00000000    rw- .bss


SECTION ALLOCATION MAP

 output                                  attributes/
section   page    origin      length       input sections
--------  ----  ----------  ----------   ----------------
.intvecs   0    00000000    0000026c     
                  00000000    0000026c     tm4c123gh6pm_startup_ccs.obj (.intvecs)

.text      0    0000026c    00003d58     
                  0000026c    000007e0     NEC.obj (.text)
                  00000a4c    000007d4     Motor.obj (.text)
                  00001220    0000065a     timer.obj (.text)
                  0000187a    00000002     --HOLE-- [fill = 0]
                  0000187c    0000054c     PID.obj (.text)
                  00001dc8    0000049c     uartstdio.obj (.text)
                  00002264    000003c0     interrupt.obj (.text)
                  00002624    000003bc     MotionControl.obj (.text)
                  000029e0    0000022c     UART0.obj (.text)
                  00002c0c    000001b6     rtsv7M4_T_le_v4SPD16_eabi.lib : fd_add_t2.obj (.text)
                  00002dc2    00000002     --HOLE-- [fill = 0]
                  00002dc4    00000174     InfSen.obj (.text)
                  00002f38    00000136     rtsv7M4_T_le_v4SPD16_eabi.lib : fd_div_t2.obj (.text)
                  0000306e    00000130     driverlib.lib : gpio.obj (.text:GPIOPadConfigSet)
                  0000319e    00000002     --HOLE-- [fill = 0]
                  000031a0    00000118                   : sysctl.obj (.text:SysCtlClockGet)
                  000032b8    000000fc     rtsv7M4_T_le_v4SPD16_eabi.lib : fd_mul_t2.obj (.text)
                  000033b4    000000f4     Motor.obj (.text:Motor_Sample_RPS)
                  000034a8    000000f4     Seg.obj (.text)
                  0000359c    000000f0     driverlib.lib : sysctl.obj (.text:SysCtlClockSet)
                  0000368c    0000009c     rtsv7M4_T_le_v4SPD16_eabi.lib : memcpy_t2.obj (.text)
                  00003728    00000098     Sch.obj (.text)
                  000037c0    0000007a     rtsv7M4_T_le_v4SPD16_eabi.lib : memset_t2.obj (.text)
                  0000383a    00000002     --HOLE-- [fill = 0]
                  0000383c    0000006c                                   : autoinit.obj (.text)
                  000038a8    0000006a                                   : copy_decompress_rle.obj (.text)
                  00003912    00000002     --HOLE-- [fill = 0]
                  00003914    0000005c     EMouse.obj (.text)
                  00003970    00000056     driverlib.lib : gpio.obj (.text:GPIOIntTypeSet)
                  000039c6    00000002     --HOLE-- [fill = 0]
                  000039c8    00000050     rtsv7M4_T_le_v4SPD16_eabi.lib : boot.obj (.text)
                  00003a18    0000004c                                   : cpy_tbl.obj (.text)
                  00003a64    0000004a                                   : fd_tos_t2.obj (.text)
                  00003aae    00000002     --HOLE-- [fill = 0]
                  00003ab0    00000048     driverlib.lib : gpio.obj (.text:GPIOPinConfigure)
                  00003af8    00000044     rtsv7M4_T_le_v4SPD16_eabi.lib : exit.obj (.text)
                  00003b3c    00000042                                   : u_divt2.obj (.text)
                  00003b7e    00000040     driverlib.lib : uart.obj (.text:UARTConfigSetExpClk)
                  00003bbe    00000002     --HOLE-- [fill = 0]
                  00003bc0    00000040                   : gpio.obj (.text:_GPIOIntNumberGet)
                  00003c00    00000040                   : uart.obj (.text:_UARTIntNumberGet)
                  00003c40    00000038     rtsv7M4_T_le_v4SPD16_eabi.lib : fs_tod_t2.obj (.text)
                  00003c78    00000034     driverlib.lib : sysctl.obj (.text:SysCtlPeripheralEnable)
                  00003cac    00000034                   : sysctl.obj (.text:SysCtlPeripheralPresent)
                  00003ce0    0000002a                   : gpio.obj (.text:GPIODirModeSet)
                  00003d0a    00000022                   : pwm.obj (.text:PWMGenConfigure)
                  00003d2c    00000020     rtsv7M4_T_le_v4SPD16_eabi.lib : u_tofd_t2.obj (.text)
                  00003d4c    0000001e     driverlib.lib : pwm.obj (.text:PWMPulseWidthSet)
                  00003d6a    00000002     --HOLE-- [fill = 0]
                  00003d6c    0000001c                   : uart.obj (.text:UARTDisable)
                  00003d88    00000018                   : gpio.obj (.text:GPIOIntRegister)
                  00003da0    00000018                   : gpio.obj (.text:GPIOPinTypeGPIOOutput)
                  00003db8    00000018                   : uart.obj (.text:UARTIntRegister)
                  00003dd0    00000018     rtsv7M4_T_le_v4SPD16_eabi.lib : args_main.obj (.text)
                  00003de8    00000014     driverlib.lib : sysctl.obj (.text:SysCtlPWMClockSet)
                  00003dfc    00000014                   : uart.obj (.text:UARTEnable)
                  00003e10    00000014     rtsv7M4_T_le_v4SPD16_eabi.lib : _lock.obj (.text)
                  00003e24    00000014                                   : strlen.obj (.text)
                  00003e38    00000012     driverlib.lib : gpio.obj (.text:GPIOPinTypeGPIOInput)
                  00003e4a    00000012                   : gpio.obj (.text:GPIOPinTypePWM)
                  00003e5c    00000012                   : gpio.obj (.text:GPIOPinTypeQEI)
                  00003e6e    00000012                   : gpio.obj (.text:GPIOPinTypeUART)
                  00003e80    00000010                   : fpu.obj (.text:FPUEnable)
                  00003e90    00000010                   : pwm.obj (.text:PWMGenPeriodSet)
                  00003ea0    00000010                   : qei.obj (.text:QEIVelocityConfigure)
                  00003eb0    0000000e                   : gpio.obj (.text:GPIOIntDisable)
                  00003ebe    0000000e                   : qei.obj (.text:QEIConfigure)
                  00003ecc    0000000e                   : uart.obj (.text:UARTCharGetNonBlocking)
                  00003eda    0000000e     rtsv7M4_T_le_v4SPD16_eabi.lib : copy_decompress_none.obj (.text:decompress:none)
                  00003ee8    0000000c     driverlib.lib : cpu.obj (.text:CPUcpsid)
                  00003ef4    0000000c                   : cpu.obj (.text:CPUcpsie)
                  00003f00    0000000c                   : gpio.obj (.text:GPIOIntEnable)
                  00003f0c    0000000c                   : pwm.obj (.text:PWMGenEnable)
                  00003f18    0000000c                   : uart.obj (.text:UARTCharsAvail)
                  00003f24    0000000c     rtsv7M4_T_le_v4SPD16_eabi.lib : copy_zero_init.obj (.text:decompress:ZI)
                  00003f30    0000000c     tm4c123gh6pm_startup_ccs.obj (.text)
                  00003f3c    0000000a     driverlib.lib : cpu.obj (.text:CPUbasepriGet)
                  00003f46    0000000a                   : qei.obj (.text:QEIEnable)
                  00003f50    0000000a                   : qei.obj (.text:QEIVelocityEnable)
                  00003f5a    0000000a                   : uart.obj (.text:UARTCharGet)
                  00003f64    0000000a                   : uart.obj (.text:UARTCharPut)
                  00003f6e    0000000a                   : uart.obj (.text:UARTFIFODisable)
                  00003f78    0000000a                   : uart.obj (.text:UARTIntStatus)
                  00003f82    00000008                   : uart.obj (.text:UARTIntEnable)
                  00003f8a    00000006                   : cpu.obj (.text:CPUbasepriSet)
                  00003f90    00000006                   : gpio.obj (.text:GPIOIntClear)
                  00003f96    00000006                   : gpio.obj (.text:GPIOPinRead)
                  00003f9c    00000006                   : gpio.obj (.text:GPIOPinWrite)
                  00003fa2    00000006                   : sysctl.obj (.text:SysCtlDelay)
                  00003fa8    00000006                   : uart.obj (.text:UARTClockSourceSet)
                  00003fae    00000006     rtsv7M4_T_le_v4SPD16_eabi.lib : copy_decompress_rle.obj (.text:decompress:rle24)
                  00003fb4    00000004     driverlib.lib : qei.obj (.text:QEIPositionSet)
                  00003fb8    00000004                   : qei.obj (.text:QEIVelocityGet)
                  00003fbc    00000004                   : uart.obj (.text:UARTIntClear)
                  00003fc0    00000004     rtsv7M4_T_le_v4SPD16_eabi.lib : pre_init.obj (.text)

.const     0    00003fc4    000004e0     
                  00003fc4    000000c0     driverlib.lib : gpio.obj (.const:g_ppui32GPIOIntMapBlizzard)
                  00004084    000000c0                   : gpio.obj (.const:g_ppui32GPIOIntMapSnowflake)
                  00004144    0000009c     interrupt.obj (.const:g_pui32Regs)
                  000041e0    00000090     driverlib.lib : gpio.obj (.const:g_pui32GPIOBaseAddrs)
                  00004270    00000070     interrupt.obj (.const)
                  000042e0    0000006c     driverlib.lib : sysctl.obj (.const:g_pui32Xtals)
                  0000434c    00000060     timer.obj (.const:g_ppui32TimerIntMap)
                  000043ac    00000040     timer.obj (.const:g_ppui32TimerIntMapSnowflake)
                  000043ec    00000040     driverlib.lib : uart.obj (.const:g_ppui32UARTIntMap)
                  0000442c    00000040                   : uart.obj (.const:g_ppui32UARTIntMapSnowflake)
                  0000446c    0000001c     uartstdio.obj (.const)
                  00004488    00000012     uartstdio.obj (.const:.string)
                  0000449a    00000002     --HOLE-- [fill = 0]
                  0000449c    00000008     timer.obj (.const)

.cinit     0    000044a8    000000b8     
                  000044a8    00000082     (.cinit..data.load) [load image, compression = rle]
                  0000452a    00000002     --HOLE-- [fill = 0]
                  0000452c    0000000c     (__TI_handler_table)
                  00004538    00000008     (.cinit..bss.load) [load image, compression = zero_init]
                  00004540    00000008     (.cinit..vtable.load) [load image, compression = zero_init]
                  00004548    00000018     (__TI_cinit_table)

.init_array 
*          0    00000000    00000000     UNINITIALIZED

.vtable    0    20000000    0000026c     UNINITIALIZED
                  20000000    0000026c     interrupt.obj (.vtable)

.stack     0    2000026c    00000200     UNINITIALIZED
                  2000026c    00000200     --HOLE--

.data      0    2000046c    000001b4     UNINITIALIZED
                  2000046c    000000f0     Motor.obj (.data:data)
                  2000055c    00000070     PID.obj (.data)
                  200005cc    0000001c     Motor.obj (.data)
                  200005e8    00000010     Seg.obj (.data)
                  200005f8    0000000b     NEC.obj (.data)
                  20000603    00000001     UART0.obj (.data)
                  20000604    00000008     rtsv7M4_T_le_v4SPD16_eabi.lib : _lock.obj (.data)
                  2000060c    00000008                                   : exit.obj (.data)
                  20000614    00000005     uartstdio.obj (.data)
                  20000619    00000003     --HOLE--
                  2000061c    00000004     rtsv7M4_T_le_v4SPD16_eabi.lib : stkdepth_vars.obj (.data)

.bss       0    20000620    00000073     UNINITIALIZED
                  20000620    00000050     MotionControl.obj (.bss:nodes)
                  20000670    00000010     (.common:ui64InfraRawCode)
                  20000680    00000004     (.common:ui32NECEncoded)
                  20000684    00000004     (.common:ui32PE0IntEnable)
                  20000688    00000001     (.common:InfSenValue)
                  20000689    00000001     (.common:end_flag)
                  2000068a    00000001     (.common:machineState)
                  2000068b    00000001     (.common:nodes_ptr)
                  2000068c    00000001     (.common:now_motion)
                  2000068d    00000001     (.common:now_sen)
                  2000068e    00000001     (.common:ui8CountOnesCounter)
                  2000068f    00000001     (.common:ui8EncodedBitCounter)
                  20000690    00000001     (.common:ui8LeadOnesCounter)
                  20000691    00000001     (.common:ui8RawBitCounter)
                  20000692    00000001     (.common:ui8TransmitEnable)

.TI.persistent 
*          0    2000046c    00000000     UNINITIALIZED

.TI.noinit 
*          0    20000620    00000000     UNINITIALIZED


LINKER GENERATED COPY TABLES

__TI_cinit_table @ 00004548 records: 3, size/record: 8, table size: 24
	.data: load addr=000044a8, load size=00000082 bytes, run addr=2000046c, run size=000001b4 bytes, compression=rle
	.bss: load addr=00004538, load size=00000008 bytes, run addr=20000620, run size=00000073 bytes, compression=zero_init
	.vtable: load addr=00004540, load size=00000008 bytes, run addr=20000000, run size=0000026c bytes, compression=zero_init


LINKER GENERATED HANDLER TABLE

__TI_handler_table @ 0000452c records: 3, size/record: 4, table size: 12
	index: 0, handler: __TI_zero_init
	index: 1, handler: __TI_decompress_rle24
	index: 2, handler: __TI_decompress_none


GLOBAL SYMBOLS: SORTED ALPHABETICALLY BY Name 

address   name                     
-------   ----                     
00003af9  C$$EXIT                  
00003f3d  CPUbasepriGet            
00003f8b  CPUbasepriSet            
00003ee9  CPUcpsid                 
00003ef5  CPUcpsie                 
00003925  EMouse_Init              
00003e81  FPUEnable                
00003ce1  GPIODirModeSet           
00003f91  GPIOIntClear             
00003eb1  GPIOIntDisable           
00003f01  GPIOIntEnable            
00003d89  GPIOIntRegister          
00003971  GPIOIntTypeSet           
0000306f  GPIOPadConfigSet         
00003ab1  GPIOPinConfigure         
00003f97  GPIOPinRead              
00003e39  GPIOPinTypeGPIOInput     
00003da1  GPIOPinTypeGPIOOutput    
00003e4b  GPIOPinTypePWM           
00003e5d  GPIOPinTypeQEI           
00003e6f  GPIOPinTypeUART          
00003f9d  GPIOPinWrite             
20000688  InfSenValue              
00002dc5  InfSen_Init              
00002e95  InfSen_Read              
00000473  InfraPortInit            
00000515  InfraPortIntHandler      
00002425  IntDisable               
000023b3  IntEnable                
00002497  IntIsEnabled             
00002277  IntMasterDisable         
00002267  IntMasterEnable          
0000258d  IntPendClear             
0000251d  IntPendSet               
0000238f  IntPriorityGet           
00002307  IntPriorityGroupingGet   
000022ed  IntPriorityGroupingSet   
000025e7  IntPriorityMaskGet       
000025db  IntPriorityMaskSet       
0000233f  IntPrioritySet           
00002287  IntRegister              
000025ef  IntTrigger               
000022d9  IntUnregister            
00002625  MotionControl            
000029ab  MotionControl_Init       
200005dd  Motor_Accel_Ticks        
00000dd1  Motor_Break              
00000a4d  Motor_Check_Timeout      
200005dc  Motor_G                  
00001101  Motor_Init               
00000f3f  Motor_Init_PWM           
00001029  Motor_Init_QEI           
00000e41  Motor_Invert             
0000110d  Motor_Left_PWM_Width     
00000e7d  Motor_Move               
0000117f  Motor_PWM_Width_Protect  
00000c67  Motor_Pause              
00000b91  Motor_Print_Data         
200005e0  Motor_RPS_Sampled        
00001149  Motor_Right_PWM_Width    
000033b5  Motor_Sample_RPS         
00000d21  Motor_SetDir             
00000cc1  Motor_SetPWM_And_Move    
00000c7d  Motor_SetPWM_Not_Move    
200005de  Motor_Ticks              
200005df  Motor_Timeout_Count      
0000029b  NECCommandExecute        
000008b1  NECCommandExtract        
000009e5  NECCommandMenu           
00000811  NECReceiveBit            
00000845  NECReceiveReset          
000004ab  NECTimerInit             
00000561  NECTimerIntHandler       
0000026d  NEC_Init                 
00000447  NEC_LED_Check_Timeout    
20000600  NEC_LED_G                
00000a09  NEC_LED_Off              
00000a1d  NEC_LED_On               
20000601  NEC_Time_Ticks           
00001977  PIDTimerIntHandler       
00001b51  PID_Cali_Left_RPS        
00001c2d  PID_Cali_Right_RPS       
00001ced  PID_Check_Timeout        
200005a8  PID_G                    
00001ae7  PID_Init                 
00001aef  PID_Init_Timer           
0000198b  PID_Left_RPS_To_PWM      
0000187d  PID_Move                 
00001cf9  PID_Param_Clear          
0000192d  PID_Protect              
00001d2d  PID_Protect_RPS          
000019d5  PID_Right_RPS_To_PWM     
00001a1f  PID_Set_Left_RPS         
00001a7f  PID_Set_Right_RPS        
00001901  PID_Stop                 
200005a9  PID_Ticks                
00003d0b  PWMGenConfigure          
00003f0d  PWMGenEnable             
00003e91  PWMGenPeriodSet          
00003d4d  PWMPulseWidthSet         
00003ebf  QEIConfigure             
00003f47  QEIEnable                
00003fb5  QEIPositionSet           
00003ea1  QEIVelocityConfigure     
00003f51  QEIVelocityEnable        
00003fb9  QEIVelocityGet           
00003f31  ResetISR                 
200005e8  SEG_A_List               
UNDEFED   SHT$$INIT_ARRAY$$Base    
UNDEFED   SHT$$INIT_ARRAY$$Limit   
00003751  Sch_Init                 
00003759  Sch_Init_Timer           
00003729  Sch_Timer_ISR            
000034bd  Seg_Display_Num          
000034a9  Seg_Update               
00000709  StateMachine             
000031a1  SysCtlClockGet           
0000359d  SysCtlClockSet           
00003fa3  SysCtlDelay              
00003de9  SysCtlPWMClockSet        
00003c79  SysCtlPeripheralEnable   
00003cad  SysCtlPeripheralPresent  
000017f9  TimerADCEventGet         
000017e7  TimerADCEventSet         
00001511  TimerClockSourceGet      
000014f5  TimerClockSourceSet      
000012d3  TimerConfigure           
000013f3  TimerControlEvent        
0000134f  TimerControlLevel        
0000141d  TimerControlStall        
00001385  TimerControlTrigger      
00001453  TimerControlWaitOnTrigger
00001819  TimerDMAEventGet         
00001807  TimerDMAEventSet         
000012b5  TimerDisable             
00001297  TimerEnable              
000017c3  TimerIntClear            
0000178d  TimerIntDisable          
00001775  TimerIntEnable           
0000172f  TimerIntRegister         
000017a5  TimerIntStatus           
00001757  TimerIntUnregister       
000015db  TimerLoadGet             
00001617  TimerLoadGet64           
000015b1  TimerLoadSet             
000015f7  TimerLoadSet64           
000016c1  TimerMatchGet            
000016fd  TimerMatchGet64          
00001697  TimerMatchSet            
000016dd  TimerMatchSet64          
0000154b  TimerPrescaleGet         
00001595  TimerPrescaleMatchGet    
00001567  TimerPrescaleMatchSet    
00001521  TimerPrescaleSet         
000014c9  TimerRTCDisable          
000014b3  TimerRTCEnable           
000017d5  TimerSynchronize         
00001827  TimerUpdateMode          
00001649  TimerValueGet            
00001665  TimerValueGet64          
00002a21  UART0_Check_Timeout      
00002acd  UART0_Init               
00002a97  UART0_Interrupt          
000029e1  UART0_Printf             
20000603  UART0_Ticks              
00003f5b  UARTCharGet              
00003ecd  UARTCharGetNonBlocking   
00003f65  UARTCharPut              
00003f19  UARTCharsAvail           
00003fa9  UARTClockSourceSet       
00003b7f  UARTConfigSetExpClk      
00003d6d  UARTDisable              
00003dfd  UARTEnable               
00003f6f  UARTFIFODisable          
00003fbd  UARTIntClear             
00003f83  UARTIntEnable            
00003db9  UARTIntRegister          
00003f79  UARTIntStatus            
00001dc9  UARTStdioConfig          
00002b91  UART_Int_Len             
00002b2d  UART_Int_To_String       
00002a47  UART_Send_String         
00001f0f  UARTgetc                 
00001e55  UARTgets                 
0000222f  UARTprintf               
00001f35  UARTvprintf              
00001e0f  UARTwrite                
2000046c  __STACK_END              
00000200  __STACK_SIZE             
2000046c  __STACK_TOP              
00004548  __TI_CINIT_Base          
00004560  __TI_CINIT_Limit         
0000452c  __TI_Handler_Table_Base  
00004538  __TI_Handler_Table_Limit 
0000383d  __TI_auto_init           
2000060c  __TI_cleanup_ptr         
00003edb  __TI_decompress_none     
00003faf  __TI_decompress_rle24    
20000610  __TI_dtors_ptr           
00000000  __TI_static_base__       
00003f25  __TI_zero_init           
00003a65  __aeabi_d2f              
00002c17  __aeabi_dadd             
00002f39  __aeabi_ddiv             
000032b9  __aeabi_dmul             
00002c0d  __aeabi_dsub             
00003c41  __aeabi_f2d              
000037c1  __aeabi_memclr           
000037c1  __aeabi_memclr4          
000037c1  __aeabi_memclr8          
0000368d  __aeabi_memcpy           
0000368d  __aeabi_memcpy4          
0000368d  __aeabi_memcpy8          
000037c3  __aeabi_memset           
000037c3  __aeabi_memset4          
000037c3  __aeabi_memset8          
00003d2d  __aeabi_ui2d             
00003b3d  __aeabi_uidiv            
00003b3d  __aeabi_uidivmod         
ffffffff  __binit__                
ffffffff  __c_args__               
2000026c  __stack                  
00003dd1  _args_main               
000039c9  _c_int00                 
20000604  _lock                    
00003e1f  _nop                     
00003e17  _register_lock           
00003e11  _register_unlock         
00003fc1  _system_pre_init         
20000608  _unlock                  
00003afd  abort                    
ffffffff  binit                    
00003a19  copy_in                  
2000046c  data                     
200005e4  dataPtr                  
200005c0  diff_Integral            
200005b8  diff_Kd                  
200005b4  diff_Ki                  
200005b0  diff_Kp                  
200005ab  diff_counter             
200005c4  diff_deri                
200005ac  diff_rps                 
200005aa  diff_ticks               
20000689  end_flag                 
00003b05  exit                     
200005fc  freqToSet                
20000602  gPreCommand              
20000574  g_L_A0                   
20000578  g_L_B0                   
200005d0  g_L_Cur_Dir              
200005cc  g_L_Cur_PWM              
20000588  g_L_Dir                  
20000590  g_L_Integral             
2000056c  g_L_Kd                   
20000564  g_L_Ki                   
2000055c  g_L_Kp                   
2000058c  g_L_Pre_Err              
20000584  g_L_RPS                  
200005d4  g_L_Sample_RPS           
2000057c  g_R_A0                   
20000580  g_R_B0                   
200005d1  g_R_Cur_Dir              
200005ce  g_R_Cur_PWM              
20000598  g_R_Dir                  
200005a0  g_R_Integral             
20000570  g_R_Kd                   
20000568  g_R_Ki                   
20000560  g_R_Kp                   
2000059c  g_R_Pre_Err              
20000594  g_R_RPS                  
200005d8  g_R_Sample_RPS           
200005a4  g_Sum_RPS                
20000000  g_pfnRAMVectors          
00000000  g_pfnVectors             
2000068a  machineState             
00003915  main                     
2000061c  main_func_sp             
0000368d  memcpy                   
000037c9  memset                   
200005f8  necCommandMenuStatus     
20000620  nodes                    
2000068b  nodes_ptr                
2000068c  now_motion               
2000068d  now_sen                  
200005bc  pre_diff_rps             
00003e25  strlen                   
200005ca  success_count            
200005c8  success_flag             
20000680  ui32NECEncoded           
20000684  ui32PE0IntEnable         
20000670  ui64InfraRawCode         
2000068e  ui8CountOnesCounter      
2000068f  ui8EncodedBitCounter     
20000690  ui8LeadOnesCounter       
20000691  ui8RawBitCounter         
20000692  ui8TransmitEnable        


GLOBAL SYMBOLS: SORTED BY Symbol Address 

address   name                     
-------   ----                     
00000000  __TI_static_base__       
00000000  g_pfnVectors             
00000200  __STACK_SIZE             
0000026d  NEC_Init                 
0000029b  NECCommandExecute        
00000447  NEC_LED_Check_Timeout    
00000473  InfraPortInit            
000004ab  NECTimerInit             
00000515  InfraPortIntHandler      
00000561  NECTimerIntHandler       
00000709  StateMachine             
00000811  NECReceiveBit            
00000845  NECReceiveReset          
000008b1  NECCommandExtract        
000009e5  NECCommandMenu           
00000a09  NEC_LED_Off              
00000a1d  NEC_LED_On               
00000a4d  Motor_Check_Timeout      
00000b91  Motor_Print_Data         
00000c67  Motor_Pause              
00000c7d  Motor_SetPWM_Not_Move    
00000cc1  Motor_SetPWM_And_Move    
00000d21  Motor_SetDir             
00000dd1  Motor_Break              
00000e41  Motor_Invert             
00000e7d  Motor_Move               
00000f3f  Motor_Init_PWM           
00001029  Motor_Init_QEI           
00001101  Motor_Init               
0000110d  Motor_Left_PWM_Width     
00001149  Motor_Right_PWM_Width    
0000117f  Motor_PWM_Width_Protect  
00001297  TimerEnable              
000012b5  TimerDisable             
000012d3  TimerConfigure           
0000134f  TimerControlLevel        
00001385  TimerControlTrigger      
000013f3  TimerControlEvent        
0000141d  TimerControlStall        
00001453  TimerControlWaitOnTrigger
000014b3  TimerRTCEnable           
000014c9  TimerRTCDisable          
000014f5  TimerClockSourceSet      
00001511  TimerClockSourceGet      
00001521  TimerPrescaleSet         
0000154b  TimerPrescaleGet         
00001567  TimerPrescaleMatchSet    
00001595  TimerPrescaleMatchGet    
000015b1  TimerLoadSet             
000015db  TimerLoadGet             
000015f7  TimerLoadSet64           
00001617  TimerLoadGet64           
00001649  TimerValueGet            
00001665  TimerValueGet64          
00001697  TimerMatchSet            
000016c1  TimerMatchGet            
000016dd  TimerMatchSet64          
000016fd  TimerMatchGet64          
0000172f  TimerIntRegister         
00001757  TimerIntUnregister       
00001775  TimerIntEnable           
0000178d  TimerIntDisable          
000017a5  TimerIntStatus           
000017c3  TimerIntClear            
000017d5  TimerSynchronize         
000017e7  TimerADCEventSet         
000017f9  TimerADCEventGet         
00001807  TimerDMAEventSet         
00001819  TimerDMAEventGet         
00001827  TimerUpdateMode          
0000187d  PID_Move                 
00001901  PID_Stop                 
0000192d  PID_Protect              
00001977  PIDTimerIntHandler       
0000198b  PID_Left_RPS_To_PWM      
000019d5  PID_Right_RPS_To_PWM     
00001a1f  PID_Set_Left_RPS         
00001a7f  PID_Set_Right_RPS        
00001ae7  PID_Init                 
00001aef  PID_Init_Timer           
00001b51  PID_Cali_Left_RPS        
00001c2d  PID_Cali_Right_RPS       
00001ced  PID_Check_Timeout        
00001cf9  PID_Param_Clear          
00001d2d  PID_Protect_RPS          
00001dc9  UARTStdioConfig          
00001e0f  UARTwrite                
00001e55  UARTgets                 
00001f0f  UARTgetc                 
00001f35  UARTvprintf              
0000222f  UARTprintf               
00002267  IntMasterEnable          
00002277  IntMasterDisable         
00002287  IntRegister              
000022d9  IntUnregister            
000022ed  IntPriorityGroupingSet   
00002307  IntPriorityGroupingGet   
0000233f  IntPrioritySet           
0000238f  IntPriorityGet           
000023b3  IntEnable                
00002425  IntDisable               
00002497  IntIsEnabled             
0000251d  IntPendSet               
0000258d  IntPendClear             
000025db  IntPriorityMaskSet       
000025e7  IntPriorityMaskGet       
000025ef  IntTrigger               
00002625  MotionControl            
000029ab  MotionControl_Init       
000029e1  UART0_Printf             
00002a21  UART0_Check_Timeout      
00002a47  UART_Send_String         
00002a97  UART0_Interrupt          
00002acd  UART0_Init               
00002b2d  UART_Int_To_String       
00002b91  UART_Int_Len             
00002c0d  __aeabi_dsub             
00002c17  __aeabi_dadd             
00002dc5  InfSen_Init              
00002e95  InfSen_Read              
00002f39  __aeabi_ddiv             
0000306f  GPIOPadConfigSet         
000031a1  SysCtlClockGet           
000032b9  __aeabi_dmul             
000033b5  Motor_Sample_RPS         
000034a9  Seg_Update               
000034bd  Seg_Display_Num          
0000359d  SysCtlClockSet           
0000368d  __aeabi_memcpy           
0000368d  __aeabi_memcpy4          
0000368d  __aeabi_memcpy8          
0000368d  memcpy                   
00003729  Sch_Timer_ISR            
00003751  Sch_Init                 
00003759  Sch_Init_Timer           
000037c1  __aeabi_memclr           
000037c1  __aeabi_memclr4          
000037c1  __aeabi_memclr8          
000037c3  __aeabi_memset           
000037c3  __aeabi_memset4          
000037c3  __aeabi_memset8          
000037c9  memset                   
0000383d  __TI_auto_init           
00003915  main                     
00003925  EMouse_Init              
00003971  GPIOIntTypeSet           
000039c9  _c_int00                 
00003a19  copy_in                  
00003a65  __aeabi_d2f              
00003ab1  GPIOPinConfigure         
00003af9  C$$EXIT                  
00003afd  abort                    
00003b05  exit                     
00003b3d  __aeabi_uidiv            
00003b3d  __aeabi_uidivmod         
00003b7f  UARTConfigSetExpClk      
00003c41  __aeabi_f2d              
00003c79  SysCtlPeripheralEnable   
00003cad  SysCtlPeripheralPresent  
00003ce1  GPIODirModeSet           
00003d0b  PWMGenConfigure          
00003d2d  __aeabi_ui2d             
00003d4d  PWMPulseWidthSet         
00003d6d  UARTDisable              
00003d89  GPIOIntRegister          
00003da1  GPIOPinTypeGPIOOutput    
00003db9  UARTIntRegister          
00003dd1  _args_main               
00003de9  SysCtlPWMClockSet        
00003dfd  UARTEnable               
00003e11  _register_unlock         
00003e17  _register_lock           
00003e1f  _nop                     
00003e25  strlen                   
00003e39  GPIOPinTypeGPIOInput     
00003e4b  GPIOPinTypePWM           
00003e5d  GPIOPinTypeQEI           
00003e6f  GPIOPinTypeUART          
00003e81  FPUEnable                
00003e91  PWMGenPeriodSet          
00003ea1  QEIVelocityConfigure     
00003eb1  GPIOIntDisable           
00003ebf  QEIConfigure             
00003ecd  UARTCharGetNonBlocking   
00003edb  __TI_decompress_none     
00003ee9  CPUcpsid                 
00003ef5  CPUcpsie                 
00003f01  GPIOIntEnable            
00003f0d  PWMGenEnable             
00003f19  UARTCharsAvail           
00003f25  __TI_zero_init           
00003f31  ResetISR                 
00003f3d  CPUbasepriGet            
00003f47  QEIEnable                
00003f51  QEIVelocityEnable        
00003f5b  UARTCharGet              
00003f65  UARTCharPut              
00003f6f  UARTFIFODisable          
00003f79  UARTIntStatus            
00003f83  UARTIntEnable            
00003f8b  CPUbasepriSet            
00003f91  GPIOIntClear             
00003f97  GPIOPinRead              
00003f9d  GPIOPinWrite             
00003fa3  SysCtlDelay              
00003fa9  UARTClockSourceSet       
00003faf  __TI_decompress_rle24    
00003fb5  QEIPositionSet           
00003fb9  QEIVelocityGet           
00003fbd  UARTIntClear             
00003fc1  _system_pre_init         
0000452c  __TI_Handler_Table_Base  
00004538  __TI_Handler_Table_Limit 
00004548  __TI_CINIT_Base          
00004560  __TI_CINIT_Limit         
20000000  g_pfnRAMVectors          
2000026c  __stack                  
2000046c  __STACK_END              
2000046c  __STACK_TOP              
2000046c  data                     
2000055c  g_L_Kp                   
20000560  g_R_Kp                   
20000564  g_L_Ki                   
20000568  g_R_Ki                   
2000056c  g_L_Kd                   
20000570  g_R_Kd                   
20000574  g_L_A0                   
20000578  g_L_B0                   
2000057c  g_R_A0                   
20000580  g_R_B0                   
20000584  g_L_RPS                  
20000588  g_L_Dir                  
2000058c  g_L_Pre_Err              
20000590  g_L_Integral             
20000594  g_R_RPS                  
20000598  g_R_Dir                  
2000059c  g_R_Pre_Err              
200005a0  g_R_Integral             
200005a4  g_Sum_RPS                
200005a8  PID_G                    
200005a9  PID_Ticks                
200005aa  diff_ticks               
200005ab  diff_counter             
200005ac  diff_rps                 
200005b0  diff_Kp                  
200005b4  diff_Ki                  
200005b8  diff_Kd                  
200005bc  pre_diff_rps             
200005c0  diff_Integral            
200005c4  diff_deri                
200005c8  success_flag             
200005ca  success_count            
200005cc  g_L_Cur_PWM              
200005ce  g_R_Cur_PWM              
200005d0  g_L_Cur_Dir              
200005d1  g_R_Cur_Dir              
200005d4  g_L_Sample_RPS           
200005d8  g_R_Sample_RPS           
200005dc  Motor_G                  
200005dd  Motor_Accel_Ticks        
200005de  Motor_Ticks              
200005df  Motor_Timeout_Count      
200005e0  Motor_RPS_Sampled        
200005e4  dataPtr                  
200005e8  SEG_A_List               
200005f8  necCommandMenuStatus     
200005fc  freqToSet                
20000600  NEC_LED_G                
20000601  NEC_Time_Ticks           
20000602  gPreCommand              
20000603  UART0_Ticks              
20000604  _lock                    
20000608  _unlock                  
2000060c  __TI_cleanup_ptr         
20000610  __TI_dtors_ptr           
2000061c  main_func_sp             
20000620  nodes                    
20000670  ui64InfraRawCode         
20000680  ui32NECEncoded           
20000684  ui32PE0IntEnable         
20000688  InfSenValue              
20000689  end_flag                 
2000068a  machineState             
2000068b  nodes_ptr                
2000068c  now_motion               
2000068d  now_sen                  
2000068e  ui8CountOnesCounter      
2000068f  ui8EncodedBitCounter     
20000690  ui8LeadOnesCounter       
20000691  ui8RawBitCounter         
20000692  ui8TransmitEnable        
ffffffff  __binit__                
ffffffff  __c_args__               
ffffffff  binit                    
UNDEFED   SHT$$INIT_ARRAY$$Base    
UNDEFED   SHT$$INIT_ARRAY$$Limit   

[296 symbols]
