<?xml version="1.0"?>
<link_info>
   <banner>TI ARM Linker PC v5.2.2</banner>
   <copyright>Copyright (c) 1996-2015 Texas Instruments Incorporated</copyright>
   <link_time>0x5575b0a7</link_time>
   <link_errors>0x0</link_errors>
   <output_file>EMouse.out</output_file>
   <entry_point>
      <name>_c_int00</name>
      <address>0x2a4d</address>
   </entry_point>
   <input_file_list>
      <input_file id="fl-2">
         <path>.\</path>
         <kind>object</kind>
         <file>EMouse.obj</file>
         <name>EMouse.obj</name>
      </input_file>
      <input_file id="fl-3">
         <path>.\</path>
         <kind>object</kind>
         <file>InfSen.obj</file>
         <name>InfSen.obj</name>
      </input_file>
      <input_file id="fl-4">
         <path>.\</path>
         <kind>object</kind>
         <file>Motor.obj</file>
         <name>Motor.obj</name>
      </input_file>
      <input_file id="fl-5">
         <path>.\</path>
         <kind>object</kind>
         <file>NEC.obj</file>
         <name>NEC.obj</name>
      </input_file>
      <input_file id="fl-6">
         <path>.\</path>
         <kind>object</kind>
         <file>PID.obj</file>
         <name>PID.obj</name>
      </input_file>
      <input_file id="fl-7">
         <path>.\</path>
         <kind>object</kind>
         <file>Seg.obj</file>
         <name>Seg.obj</name>
      </input_file>
      <input_file id="fl-8">
         <path>.\</path>
         <kind>object</kind>
         <file>UART0.obj</file>
         <name>UART0.obj</name>
      </input_file>
      <input_file id="fl-9">
         <path>.\</path>
         <kind>object</kind>
         <file>interrupt.obj</file>
         <name>interrupt.obj</name>
      </input_file>
      <input_file id="fl-a">
         <path>.\</path>
         <kind>object</kind>
         <file>tm4c123gh6pm_startup_ccs.obj</file>
         <name>tm4c123gh6pm_startup_ccs.obj</name>
      </input_file>
      <input_file id="fl-b">
         <path>.\</path>
         <kind>object</kind>
         <file>uartstdio.obj</file>
         <name>uartstdio.obj</name>
      </input_file>
      <input_file id="fl-11">
         <path>D:\Cygwin64\home\HuangKan\TivaWare\driverlib\ccs\Debug\</path>
         <kind>archive</kind>
         <file>driverlib.lib</file>
         <name>uart.obj</name>
      </input_file>
      <input_file id="fl-12">
         <path>D:\Cygwin64\home\HuangKan\TivaWare\driverlib\ccs\Debug\</path>
         <kind>archive</kind>
         <file>driverlib.lib</file>
         <name>timer.obj</name>
      </input_file>
      <input_file id="fl-13">
         <path>D:\Cygwin64\home\HuangKan\TivaWare\driverlib\ccs\Debug\</path>
         <kind>archive</kind>
         <file>driverlib.lib</file>
         <name>sysctl.obj</name>
      </input_file>
      <input_file id="fl-14">
         <path>D:\Cygwin64\home\HuangKan\TivaWare\driverlib\ccs\Debug\</path>
         <kind>archive</kind>
         <file>driverlib.lib</file>
         <name>qei.obj</name>
      </input_file>
      <input_file id="fl-15">
         <path>D:\Cygwin64\home\HuangKan\TivaWare\driverlib\ccs\Debug\</path>
         <kind>archive</kind>
         <file>driverlib.lib</file>
         <name>pwm.obj</name>
      </input_file>
      <input_file id="fl-16">
         <path>D:\Cygwin64\home\HuangKan\TivaWare\driverlib\ccs\Debug\</path>
         <kind>archive</kind>
         <file>driverlib.lib</file>
         <name>gpio.obj</name>
      </input_file>
      <input_file id="fl-17">
         <path>D:\Cygwin64\home\HuangKan\TivaWare\driverlib\ccs\Debug\</path>
         <kind>archive</kind>
         <file>driverlib.lib</file>
         <name>fpu.obj</name>
      </input_file>
      <input_file id="fl-18">
         <path>D:\Cygwin64\home\HuangKan\TivaWare\driverlib\ccs\Debug\</path>
         <kind>archive</kind>
         <file>driverlib.lib</file>
         <name>cpu.obj</name>
      </input_file>
      <input_file id="fl-13a">
         <path>D:\Program Files (x86)\ti\ccsv6\tools\compiler\ti-cgt-arm_5.2.2\lib\</path>
         <kind>archive</kind>
         <file>rtsv7M4_T_le_v4SPD16_eabi.lib</file>
         <name>boot.obj</name>
      </input_file>
      <input_file id="fl-13b">
         <path>D:\Program Files (x86)\ti\ccsv6\tools\compiler\ti-cgt-arm_5.2.2\lib\</path>
         <kind>archive</kind>
         <file>rtsv7M4_T_le_v4SPD16_eabi.lib</file>
         <name>copy_decompress_none.obj</name>
      </input_file>
      <input_file id="fl-13c">
         <path>D:\Program Files (x86)\ti\ccsv6\tools\compiler\ti-cgt-arm_5.2.2\lib\</path>
         <kind>archive</kind>
         <file>rtsv7M4_T_le_v4SPD16_eabi.lib</file>
         <name>copy_decompress_rle.obj</name>
      </input_file>
      <input_file id="fl-13d">
         <path>D:\Program Files (x86)\ti\ccsv6\tools\compiler\ti-cgt-arm_5.2.2\lib\</path>
         <kind>archive</kind>
         <file>rtsv7M4_T_le_v4SPD16_eabi.lib</file>
         <name>copy_zero_init.obj</name>
      </input_file>
      <input_file id="fl-13e">
         <path>D:\Program Files (x86)\ti\ccsv6\tools\compiler\ti-cgt-arm_5.2.2\lib\</path>
         <kind>archive</kind>
         <file>rtsv7M4_T_le_v4SPD16_eabi.lib</file>
         <name>exit.obj</name>
      </input_file>
      <input_file id="fl-13f">
         <path>D:\Program Files (x86)\ti\ccsv6\tools\compiler\ti-cgt-arm_5.2.2\lib\</path>
         <kind>archive</kind>
         <file>rtsv7M4_T_le_v4SPD16_eabi.lib</file>
         <name>fd_add_t2.obj</name>
      </input_file>
      <input_file id="fl-140">
         <path>D:\Program Files (x86)\ti\ccsv6\tools\compiler\ti-cgt-arm_5.2.2\lib\</path>
         <kind>archive</kind>
         <file>rtsv7M4_T_le_v4SPD16_eabi.lib</file>
         <name>fd_div_t2.obj</name>
      </input_file>
      <input_file id="fl-141">
         <path>D:\Program Files (x86)\ti\ccsv6\tools\compiler\ti-cgt-arm_5.2.2\lib\</path>
         <kind>archive</kind>
         <file>rtsv7M4_T_le_v4SPD16_eabi.lib</file>
         <name>fd_mul_t2.obj</name>
      </input_file>
      <input_file id="fl-142">
         <path>D:\Program Files (x86)\ti\ccsv6\tools\compiler\ti-cgt-arm_5.2.2\lib\</path>
         <kind>archive</kind>
         <file>rtsv7M4_T_le_v4SPD16_eabi.lib</file>
         <name>fd_tos_t2.obj</name>
      </input_file>
      <input_file id="fl-143">
         <path>D:\Program Files (x86)\ti\ccsv6\tools\compiler\ti-cgt-arm_5.2.2\lib\</path>
         <kind>archive</kind>
         <file>rtsv7M4_T_le_v4SPD16_eabi.lib</file>
         <name>fd_tou_t2.obj</name>
      </input_file>
      <input_file id="fl-144">
         <path>D:\Program Files (x86)\ti\ccsv6\tools\compiler\ti-cgt-arm_5.2.2\lib\</path>
         <kind>archive</kind>
         <file>rtsv7M4_T_le_v4SPD16_eabi.lib</file>
         <name>fs_tod_t2.obj</name>
      </input_file>
      <input_file id="fl-145">
         <path>D:\Program Files (x86)\ti\ccsv6\tools\compiler\ti-cgt-arm_5.2.2\lib\</path>
         <kind>archive</kind>
         <file>rtsv7M4_T_le_v4SPD16_eabi.lib</file>
         <name>i_tofd_t2.obj</name>
      </input_file>
      <input_file id="fl-146">
         <path>D:\Program Files (x86)\ti\ccsv6\tools\compiler\ti-cgt-arm_5.2.2\lib\</path>
         <kind>archive</kind>
         <file>rtsv7M4_T_le_v4SPD16_eabi.lib</file>
         <name>memcpy_t2.obj</name>
      </input_file>
      <input_file id="fl-147">
         <path>D:\Program Files (x86)\ti\ccsv6\tools\compiler\ti-cgt-arm_5.2.2\lib\</path>
         <kind>archive</kind>
         <file>rtsv7M4_T_le_v4SPD16_eabi.lib</file>
         <name>memset_t2.obj</name>
      </input_file>
      <input_file id="fl-148">
         <path>D:\Program Files (x86)\ti\ccsv6\tools\compiler\ti-cgt-arm_5.2.2\lib\</path>
         <kind>archive</kind>
         <file>rtsv7M4_T_le_v4SPD16_eabi.lib</file>
         <name>pre_init.obj</name>
      </input_file>
      <input_file id="fl-149">
         <path>D:\Program Files (x86)\ti\ccsv6\tools\compiler\ti-cgt-arm_5.2.2\lib\</path>
         <kind>archive</kind>
         <file>rtsv7M4_T_le_v4SPD16_eabi.lib</file>
         <name>stkdepth_vars.obj</name>
      </input_file>
      <input_file id="fl-14a">
         <path>D:\Program Files (x86)\ti\ccsv6\tools\compiler\ti-cgt-arm_5.2.2\lib\</path>
         <kind>archive</kind>
         <file>rtsv7M4_T_le_v4SPD16_eabi.lib</file>
         <name>strlen.obj</name>
      </input_file>
      <input_file id="fl-14b">
         <path>D:\Program Files (x86)\ti\ccsv6\tools\compiler\ti-cgt-arm_5.2.2\lib\</path>
         <kind>archive</kind>
         <file>rtsv7M4_T_le_v4SPD16_eabi.lib</file>
         <name>u_divt2.obj</name>
      </input_file>
      <input_file id="fl-14c">
         <path>D:\Program Files (x86)\ti\ccsv6\tools\compiler\ti-cgt-arm_5.2.2\lib\</path>
         <kind>archive</kind>
         <file>rtsv7M4_T_le_v4SPD16_eabi.lib</file>
         <name>u_tofd_t2.obj</name>
      </input_file>
      <input_file id="fl-14d">
         <path>D:\Program Files (x86)\ti\ccsv6\tools\compiler\ti-cgt-arm_5.2.2\lib\</path>
         <kind>archive</kind>
         <file>rtsv7M4_T_le_v4SPD16_eabi.lib</file>
         <name>_lock.obj</name>
      </input_file>
      <input_file id="fl-14e">
         <path>D:\Program Files (x86)\ti\ccsv6\tools\compiler\ti-cgt-arm_5.2.2\lib\</path>
         <kind>archive</kind>
         <file>rtsv7M4_T_le_v4SPD16_eabi.lib</file>
         <name>args_main.obj</name>
      </input_file>
      <input_file id="fl-14f">
         <path>D:\Program Files (x86)\ti\ccsv6\tools\compiler\ti-cgt-arm_5.2.2\lib\</path>
         <kind>archive</kind>
         <file>rtsv7M4_T_le_v4SPD16_eabi.lib</file>
         <name>autoinit.obj</name>
      </input_file>
      <input_file id="fl-150">
         <path>D:\Program Files (x86)\ti\ccsv6\tools\compiler\ti-cgt-arm_5.2.2\lib\</path>
         <kind>archive</kind>
         <file>rtsv7M4_T_le_v4SPD16_eabi.lib</file>
         <name>cpy_tbl.obj</name>
      </input_file>
   </input_file_list>
   <object_component_list>
      <object_component id="oc-f">
         <name>.intvecs</name>
         <load_address>0x0</load_address>
         <run_address>0x0</run_address>
         <size>0x26c</size>
         <input_file_ref idref="fl-a"/>
      </object_component>
      <object_component id="oc-db">
         <name>.text</name>
         <load_address>0x26c</load_address>
         <run_address>0x26c</run_address>
         <size>0x7b8</size>
         <input_file_ref idref="fl-5"/>
      </object_component>
      <object_component id="oc-c3">
         <name>.text</name>
         <load_address>0xa24</load_address>
         <run_address>0xa24</run_address>
         <size>0x5d8</size>
         <input_file_ref idref="fl-6"/>
      </object_component>
      <object_component id="oc-167">
         <name>.text</name>
         <load_address>0xffc</load_address>
         <run_address>0xffc</run_address>
         <size>0x49c</size>
         <input_file_ref idref="fl-b"/>
      </object_component>
      <object_component id="oc-ed">
         <name>.text</name>
         <load_address>0x1498</load_address>
         <run_address>0x1498</run_address>
         <size>0x3c0</size>
         <input_file_ref idref="fl-9"/>
      </object_component>
      <object_component id="oc-d5">
         <name>.text</name>
         <load_address>0x1858</load_address>
         <run_address>0x1858</run_address>
         <size>0x3b0</size>
         <input_file_ref idref="fl-4"/>
      </object_component>
      <object_component id="oc-2bf">
         <name>.text</name>
         <load_address>0x1c08</load_address>
         <run_address>0x1c08</run_address>
         <size>0x1b6</size>
         <input_file_ref idref="fl-13f"/>
      </object_component>
      <object_component id="oc-e7">
         <name>.text</name>
         <load_address>0x1dc0</load_address>
         <run_address>0x1dc0</run_address>
         <size>0x18c</size>
         <input_file_ref idref="fl-8"/>
      </object_component>
      <object_component id="oc-e1">
         <name>.text</name>
         <load_address>0x1f4c</load_address>
         <run_address>0x1f4c</run_address>
         <size>0x168</size>
         <input_file_ref idref="fl-3"/>
      </object_component>
      <object_component id="oc-15d">
         <name>.text</name>
         <load_address>0x20b4</load_address>
         <run_address>0x20b4</run_address>
         <size>0x136</size>
         <input_file_ref idref="fl-140"/>
      </object_component>
      <object_component id="oc-1f0">
         <name>.text:GPIOPadConfigSet</name>
         <load_address>0x21ea</load_address>
         <run_address>0x21ea</run_address>
         <size>0x130</size>
         <input_file_ref idref="fl-16"/>
      </object_component>
      <object_component id="oc-14c">
         <name>.text</name>
         <load_address>0x231c</load_address>
         <run_address>0x231c</run_address>
         <size>0x12c</size>
         <input_file_ref idref="fl-7"/>
      </object_component>
      <object_component id="oc-128">
         <name>.text:SysCtlClockGet</name>
         <load_address>0x2448</load_address>
         <run_address>0x2448</run_address>
         <size>0x118</size>
         <input_file_ref idref="fl-13"/>
      </object_component>
      <object_component id="oc-1d9">
         <name>.text</name>
         <load_address>0x2560</load_address>
         <run_address>0x2560</run_address>
         <size>0xfc</size>
         <input_file_ref idref="fl-141"/>
      </object_component>
      <object_component id="oc-c9">
         <name>.text:SysCtlClockSet</name>
         <load_address>0x265c</load_address>
         <run_address>0x265c</run_address>
         <size>0xf0</size>
         <input_file_ref idref="fl-13"/>
      </object_component>
      <object_component id="oc-33">
         <name>.text</name>
         <load_address>0x274c</load_address>
         <run_address>0x274c</run_address>
         <size>0x9c</size>
         <input_file_ref idref="fl-146"/>
      </object_component>
      <object_component id="oc-4c">
         <name>.text</name>
         <load_address>0x27e8</load_address>
         <run_address>0x27e8</run_address>
         <size>0x7a</size>
         <input_file_ref idref="fl-147"/>
      </object_component>
      <object_component id="oc-5e">
         <name>.text</name>
         <load_address>0x2864</load_address>
         <run_address>0x2864</run_address>
         <size>0x6c</size>
         <input_file_ref idref="fl-14f"/>
      </object_component>
      <object_component id="oc-3f">
         <name>.text</name>
         <load_address>0x28d0</load_address>
         <run_address>0x28d0</run_address>
         <size>0x6a</size>
         <input_file_ref idref="fl-13c"/>
      </object_component>
      <object_component id="oc-9d">
         <name>.text</name>
         <load_address>0x293c</load_address>
         <run_address>0x293c</run_address>
         <size>0x5c</size>
         <input_file_ref idref="fl-2"/>
      </object_component>
      <object_component id="oc-11c">
         <name>.text:TimerConfigure</name>
         <load_address>0x2998</load_address>
         <run_address>0x2998</run_address>
         <size>0x5c</size>
         <input_file_ref idref="fl-12"/>
      </object_component>
      <object_component id="oc-1f6">
         <name>.text:GPIOIntTypeSet</name>
         <load_address>0x29f4</load_address>
         <run_address>0x29f4</run_address>
         <size>0x56</size>
         <input_file_ref idref="fl-16"/>
      </object_component>
      <object_component id="oc-24">
         <name>.text</name>
         <load_address>0x2a4c</load_address>
         <run_address>0x2a4c</run_address>
         <size>0x50</size>
         <input_file_ref idref="fl-13a"/>
      </object_component>
      <object_component id="oc-2b0">
         <name>.text:_TimerIntNumberGet</name>
         <load_address>0x2a9c</load_address>
         <run_address>0x2a9c</run_address>
         <size>0x4c</size>
         <input_file_ref idref="fl-12"/>
      </object_component>
      <object_component id="oc-95">
         <name>.text</name>
         <load_address>0x2ae8</load_address>
         <run_address>0x2ae8</run_address>
         <size>0x4c</size>
         <input_file_ref idref="fl-150"/>
      </object_component>
      <object_component id="oc-170">
         <name>.text</name>
         <load_address>0x2b34</load_address>
         <run_address>0x2b34</run_address>
         <size>0x4a</size>
         <input_file_ref idref="fl-142"/>
      </object_component>
      <object_component id="oc-18b">
         <name>.text:GPIOPinConfigure</name>
         <load_address>0x2b80</load_address>
         <run_address>0x2b80</run_address>
         <size>0x48</size>
         <input_file_ref idref="fl-16"/>
      </object_component>
      <object_component id="oc-6a">
         <name>.text</name>
         <load_address>0x2bc8</load_address>
         <run_address>0x2bc8</run_address>
         <size>0x44</size>
         <input_file_ref idref="fl-13e"/>
      </object_component>
      <object_component id="oc-162">
         <name>.text</name>
         <load_address>0x2c0c</load_address>
         <run_address>0x2c0c</run_address>
         <size>0x44</size>
         <input_file_ref idref="fl-143"/>
      </object_component>
      <object_component id="oc-279">
         <name>.text</name>
         <load_address>0x2c50</load_address>
         <run_address>0x2c50</run_address>
         <size>0x42</size>
         <input_file_ref idref="fl-14b"/>
      </object_component>
      <object_component id="oc-261">
         <name>.text:UARTConfigSetExpClk</name>
         <load_address>0x2c92</load_address>
         <run_address>0x2c92</run_address>
         <size>0x40</size>
         <input_file_ref idref="fl-11"/>
      </object_component>
      <object_component id="oc-31e">
         <name>.text:_GPIOIntNumberGet</name>
         <load_address>0x2cd4</load_address>
         <run_address>0x2cd4</run_address>
         <size>0x40</size>
         <input_file_ref idref="fl-16"/>
      </object_component>
      <object_component id="oc-341">
         <name>.text:_UARTIntNumberGet</name>
         <load_address>0x2d14</load_address>
         <run_address>0x2d14</run_address>
         <size>0x40</size>
         <input_file_ref idref="fl-11"/>
      </object_component>
      <object_component id="oc-1d4">
         <name>.text</name>
         <load_address>0x2d54</load_address>
         <run_address>0x2d54</run_address>
         <size>0x38</size>
         <input_file_ref idref="fl-144"/>
      </object_component>
      <object_component id="oc-116">
         <name>.text:SysCtlPeripheralEnable</name>
         <load_address>0x2d8c</load_address>
         <run_address>0x2d8c</run_address>
         <size>0x34</size>
         <input_file_ref idref="fl-13"/>
      </object_component>
      <object_component id="oc-2cd">
         <name>.text:SysCtlPeripheralPresent</name>
         <load_address>0x2dc0</load_address>
         <run_address>0x2dc0</run_address>
         <size>0x34</size>
         <input_file_ref idref="fl-13"/>
      </object_component>
      <object_component id="oc-2ba">
         <name>.text</name>
         <load_address>0x2df4</load_address>
         <run_address>0x2df4</run_address>
         <size>0x2e</size>
         <input_file_ref idref="fl-145"/>
      </object_component>
      <object_component id="oc-305">
         <name>.text:GPIODirModeSet</name>
         <load_address>0x2e22</load_address>
         <run_address>0x2e22</run_address>
         <size>0x2a</size>
         <input_file_ref idref="fl-16"/>
      </object_component>
      <object_component id="oc-197">
         <name>.text:PWMGenConfigure</name>
         <load_address>0x2e4c</load_address>
         <run_address>0x2e4c</run_address>
         <size>0x22</size>
         <input_file_ref idref="fl-15"/>
      </object_component>
      <object_component id="oc-158">
         <name>.text</name>
         <load_address>0x2e6e</load_address>
         <run_address>0x2e6e</run_address>
         <size>0x20</size>
         <input_file_ref idref="fl-14c"/>
      </object_component>
      <object_component id="oc-1a3">
         <name>.text:PWMPulseWidthSet</name>
         <load_address>0x2e8e</load_address>
         <run_address>0x2e8e</run_address>
         <size>0x1e</size>
         <input_file_ref idref="fl-15"/>
      </object_component>
      <object_component id="oc-339">
         <name>.text:UARTDisable</name>
         <load_address>0x2eac</load_address>
         <run_address>0x2eac</run_address>
         <size>0x1c</size>
         <input_file_ref idref="fl-11"/>
      </object_component>
      <object_component id="oc-1fc">
         <name>.text:GPIOIntRegister</name>
         <load_address>0x2ec8</load_address>
         <run_address>0x2ec8</run_address>
         <size>0x18</size>
         <input_file_ref idref="fl-16"/>
      </object_component>
      <object_component id="oc-1de">
         <name>.text:GPIOPinTypeGPIOOutput</name>
         <load_address>0x2ee0</load_address>
         <run_address>0x2ee0</run_address>
         <size>0x18</size>
         <input_file_ref idref="fl-16"/>
      </object_component>
      <object_component id="oc-134">
         <name>.text:TimerIntRegister</name>
         <load_address>0x2ef8</load_address>
         <run_address>0x2ef8</run_address>
         <size>0x18</size>
         <input_file_ref idref="fl-12"/>
      </object_component>
      <object_component id="oc-26d">
         <name>.text:UARTIntRegister</name>
         <load_address>0x2f10</load_address>
         <run_address>0x2f10</run_address>
         <size>0x18</size>
         <input_file_ref idref="fl-11"/>
      </object_component>
      <object_component id="oc-64">
         <name>.text</name>
         <load_address>0x2f28</load_address>
         <run_address>0x2f28</run_address>
         <size>0x18</size>
         <input_file_ref idref="fl-14e"/>
      </object_component>
      <object_component id="oc-185">
         <name>.text:SysCtlPWMClockSet</name>
         <load_address>0x2f40</load_address>
         <run_address>0x2f40</run_address>
         <size>0x14</size>
         <input_file_ref idref="fl-13"/>
      </object_component>
      <object_component id="oc-2d3">
         <name>.text:UARTEnable</name>
         <load_address>0x2f54</load_address>
         <run_address>0x2f54</run_address>
         <size>0x14</size>
         <input_file_ref idref="fl-11"/>
      </object_component>
      <object_component id="oc-fb">
         <name>.text</name>
         <load_address>0x2f68</load_address>
         <run_address>0x2f68</run_address>
         <size>0x14</size>
         <input_file_ref idref="fl-14d"/>
      </object_component>
      <object_component id="oc-231">
         <name>.text</name>
         <load_address>0x2f7c</load_address>
         <run_address>0x2f7c</run_address>
         <size>0x14</size>
         <input_file_ref idref="fl-14a"/>
      </object_component>
      <object_component id="oc-1ea">
         <name>.text:GPIOPinTypeGPIOInput</name>
         <load_address>0x2f90</load_address>
         <run_address>0x2f90</run_address>
         <size>0x12</size>
         <input_file_ref idref="fl-16"/>
      </object_component>
      <object_component id="oc-191">
         <name>.text:GPIOPinTypePWM</name>
         <load_address>0x2fa2</load_address>
         <run_address>0x2fa2</run_address>
         <size>0x12</size>
         <input_file_ref idref="fl-16"/>
      </object_component>
      <object_component id="oc-1af">
         <name>.text:GPIOPinTypeQEI</name>
         <load_address>0x2fb4</load_address>
         <run_address>0x2fb4</run_address>
         <size>0x12</size>
         <input_file_ref idref="fl-16"/>
      </object_component>
      <object_component id="oc-255">
         <name>.text:GPIOPinTypeUART</name>
         <load_address>0x2fc6</load_address>
         <run_address>0x2fc6</run_address>
         <size>0x12</size>
         <input_file_ref idref="fl-16"/>
      </object_component>
      <object_component id="oc-12e">
         <name>.text:TimerLoadSet</name>
         <load_address>0x2fd8</load_address>
         <run_address>0x2fd8</run_address>
         <size>0x12</size>
         <input_file_ref idref="fl-12"/>
      </object_component>
      <object_component id="oc-cf">
         <name>.text:FPUEnable</name>
         <load_address>0x2fec</load_address>
         <run_address>0x2fec</run_address>
         <size>0x10</size>
         <input_file_ref idref="fl-17"/>
      </object_component>
      <object_component id="oc-19d">
         <name>.text:PWMGenPeriodSet</name>
         <load_address>0x2ffc</load_address>
         <run_address>0x2ffc</run_address>
         <size>0x10</size>
         <input_file_ref idref="fl-15"/>
      </object_component>
      <object_component id="oc-1bb">
         <name>.text:QEIVelocityConfigure</name>
         <load_address>0x300c</load_address>
         <run_address>0x300c</run_address>
         <size>0x10</size>
         <input_file_ref idref="fl-14"/>
      </object_component>
      <object_component id="oc-20e">
         <name>.text:GPIOIntDisable</name>
         <load_address>0x301c</load_address>
         <run_address>0x301c</run_address>
         <size>0xe</size>
         <input_file_ref idref="fl-16"/>
      </object_component>
      <object_component id="oc-1b5">
         <name>.text:QEIConfigure</name>
         <load_address>0x302a</load_address>
         <run_address>0x302a</run_address>
         <size>0xe</size>
         <input_file_ref idref="fl-14"/>
      </object_component>
      <object_component id="oc-140">
         <name>.text:TimerEnable</name>
         <load_address>0x3038</load_address>
         <run_address>0x3038</run_address>
         <size>0xe</size>
         <input_file_ref idref="fl-12"/>
      </object_component>
      <object_component id="oc-249">
         <name>.text:UARTCharGetNonBlocking</name>
         <load_address>0x3046</load_address>
         <run_address>0x3046</run_address>
         <size>0xe</size>
         <input_file_ref idref="fl-11"/>
      </object_component>
      <object_component id="oc-12">
         <name>.text:decompress:none</name>
         <load_address>0x3054</load_address>
         <run_address>0x3054</run_address>
         <size>0xe</size>
         <input_file_ref idref="fl-13b"/>
      </object_component>
      <object_component id="oc-286">
         <name>.text:CPUcpsid</name>
         <load_address>0x3062</load_address>
         <run_address>0x3062</run_address>
         <size>0xc</size>
         <input_file_ref idref="fl-18"/>
      </object_component>
      <object_component id="oc-280">
         <name>.text:CPUcpsie</name>
         <load_address>0x306e</load_address>
         <run_address>0x306e</run_address>
         <size>0xc</size>
         <input_file_ref idref="fl-18"/>
      </object_component>
      <object_component id="oc-202">
         <name>.text:GPIOIntEnable</name>
         <load_address>0x307a</load_address>
         <run_address>0x307a</run_address>
         <size>0xc</size>
         <input_file_ref idref="fl-16"/>
      </object_component>
      <object_component id="oc-1a9">
         <name>.text:PWMGenEnable</name>
         <load_address>0x3086</load_address>
         <run_address>0x3086</run_address>
         <size>0xc</size>
         <input_file_ref idref="fl-15"/>
      </object_component>
      <object_component id="oc-24f">
         <name>.text:UARTCharsAvail</name>
         <load_address>0x3092</load_address>
         <run_address>0x3092</run_address>
         <size>0xc</size>
         <input_file_ref idref="fl-11"/>
      </object_component>
      <object_component id="oc-1e">
         <name>.text:decompress:ZI</name>
         <load_address>0x309e</load_address>
         <run_address>0x309e</run_address>
         <size>0xc</size>
         <input_file_ref idref="fl-13d"/>
      </object_component>
      <object_component id="oc-2a">
         <name>.text</name>
         <load_address>0x30aa</load_address>
         <run_address>0x30aa</run_address>
         <size>0xc</size>
         <input_file_ref idref="fl-a"/>
      </object_component>
      <object_component id="oc-298">
         <name>.text:CPUbasepriGet</name>
         <load_address>0x30b6</load_address>
         <run_address>0x30b6</run_address>
         <size>0xa</size>
         <input_file_ref idref="fl-18"/>
      </object_component>
      <object_component id="oc-1c7">
         <name>.text:QEIEnable</name>
         <load_address>0x30c0</load_address>
         <run_address>0x30c0</run_address>
         <size>0xa</size>
         <input_file_ref idref="fl-14"/>
      </object_component>
      <object_component id="oc-1cd">
         <name>.text:QEIVelocityEnable</name>
         <load_address>0x30ca</load_address>
         <run_address>0x30ca</run_address>
         <size>0xa</size>
         <input_file_ref idref="fl-14"/>
      </object_component>
      <object_component id="oc-146">
         <name>.text:TimerIntDisable</name>
         <load_address>0x30d4</load_address>
         <run_address>0x30d4</run_address>
         <size>0xa</size>
         <input_file_ref idref="fl-12"/>
      </object_component>
      <object_component id="oc-2d9">
         <name>.text:UARTCharGet</name>
         <load_address>0x30de</load_address>
         <run_address>0x30de</run_address>
         <size>0xa</size>
         <input_file_ref idref="fl-11"/>
      </object_component>
      <object_component id="oc-237">
         <name>.text:UARTCharPut</name>
         <load_address>0x30e8</load_address>
         <run_address>0x30e8</run_address>
         <size>0xa</size>
         <input_file_ref idref="fl-11"/>
      </object_component>
      <object_component id="oc-267">
         <name>.text:UARTFIFODisable</name>
         <load_address>0x30f2</load_address>
         <run_address>0x30f2</run_address>
         <size>0xa</size>
         <input_file_ref idref="fl-11"/>
      </object_component>
      <object_component id="oc-23d">
         <name>.text:UARTIntStatus</name>
         <load_address>0x30fc</load_address>
         <run_address>0x30fc</run_address>
         <size>0xa</size>
         <input_file_ref idref="fl-11"/>
      </object_component>
      <object_component id="oc-110">
         <name>.text:TimerIntEnable</name>
         <load_address>0x3106</load_address>
         <run_address>0x3106</run_address>
         <size>0x8</size>
         <input_file_ref idref="fl-12"/>
      </object_component>
      <object_component id="oc-273">
         <name>.text:UARTIntEnable</name>
         <load_address>0x310e</load_address>
         <run_address>0x310e</run_address>
         <size>0x8</size>
         <input_file_ref idref="fl-11"/>
      </object_component>
      <object_component id="oc-292">
         <name>.text:CPUbasepriSet</name>
         <load_address>0x3116</load_address>
         <run_address>0x3116</run_address>
         <size>0x6</size>
         <input_file_ref idref="fl-18"/>
      </object_component>
      <object_component id="oc-208">
         <name>.text:GPIOIntClear</name>
         <load_address>0x311c</load_address>
         <run_address>0x311c</run_address>
         <size>0x6</size>
         <input_file_ref idref="fl-16"/>
      </object_component>
      <object_component id="oc-217">
         <name>.text:GPIOPinRead</name>
         <load_address>0x3122</load_address>
         <run_address>0x3122</run_address>
         <size>0x6</size>
         <input_file_ref idref="fl-16"/>
      </object_component>
      <object_component id="oc-1e4">
         <name>.text:GPIOPinWrite</name>
         <load_address>0x3128</load_address>
         <run_address>0x3128</run_address>
         <size>0x6</size>
         <input_file_ref idref="fl-16"/>
      </object_component>
      <object_component id="oc-17c">
         <name>.text:SysCtlDelay</name>
         <load_address>0x312e</load_address>
         <run_address>0x312e</run_address>
         <size>0x6</size>
         <input_file_ref idref="fl-13"/>
      </object_component>
      <object_component id="oc-122">
         <name>.text:TimerClockSourceSet</name>
         <load_address>0x3134</load_address>
         <run_address>0x3134</run_address>
         <size>0x6</size>
         <input_file_ref idref="fl-12"/>
      </object_component>
      <object_component id="oc-25b">
         <name>.text:UARTClockSourceSet</name>
         <load_address>0x313a</load_address>
         <run_address>0x313a</run_address>
         <size>0x6</size>
         <input_file_ref idref="fl-11"/>
      </object_component>
      <object_component id="oc-18">
         <name>.text:decompress:rle24</name>
         <load_address>0x3140</load_address>
         <run_address>0x3140</run_address>
         <size>0x6</size>
         <input_file_ref idref="fl-13c"/>
      </object_component>
      <object_component id="oc-1c1">
         <name>.text:QEIPositionSet</name>
         <load_address>0x3146</load_address>
         <run_address>0x3146</run_address>
         <size>0x4</size>
         <input_file_ref idref="fl-14"/>
      </object_component>
      <object_component id="oc-152">
         <name>.text:QEIVelocityGet</name>
         <load_address>0x314a</load_address>
         <run_address>0x314a</run_address>
         <size>0x4</size>
         <input_file_ref idref="fl-14"/>
      </object_component>
      <object_component id="oc-13a">
         <name>.text:TimerIntClear</name>
         <load_address>0x314e</load_address>
         <run_address>0x314e</run_address>
         <size>0x4</size>
         <input_file_ref idref="fl-12"/>
      </object_component>
      <object_component id="oc-243">
         <name>.text:UARTIntClear</name>
         <load_address>0x3152</load_address>
         <run_address>0x3152</run_address>
         <size>0x4</size>
         <input_file_ref idref="fl-11"/>
      </object_component>
      <object_component id="oc-58">
         <name>.text</name>
         <load_address>0x3156</load_address>
         <run_address>0x3156</run_address>
         <size>0x4</size>
         <input_file_ref idref="fl-148"/>
      </object_component>
      <object_component id="oc-37b">
         <name>.const:g_ppui32GPIOIntMapBlizzard</name>
         <load_address>0x315c</load_address>
         <run_address>0x315c</run_address>
         <size>0xc0</size>
         <input_file_ref idref="fl-16"/>
      </object_component>
      <object_component id="oc-37e">
         <name>.const:g_ppui32GPIOIntMapSnowflake</name>
         <load_address>0x321c</load_address>
         <run_address>0x321c</run_address>
         <size>0xc0</size>
         <input_file_ref idref="fl-16"/>
      </object_component>
      <object_component id="oc-29e">
         <name>.const:g_pui32Regs</name>
         <load_address>0x32dc</load_address>
         <run_address>0x32dc</run_address>
         <size>0x9c</size>
         <input_file_ref idref="fl-9"/>
      </object_component>
      <object_component id="oc-300">
         <name>.const:g_pui32GPIOBaseAddrs</name>
         <load_address>0x3378</load_address>
         <run_address>0x3378</run_address>
         <size>0x90</size>
         <input_file_ref idref="fl-16"/>
      </object_component>
      <object_component id="oc-28f">
         <name>.const</name>
         <load_address>0x3408</load_address>
         <run_address>0x3408</run_address>
         <size>0x70</size>
         <input_file_ref idref="fl-9"/>
      </object_component>
      <object_component id="oc-2ab">
         <name>.const:g_pui32Xtals</name>
         <load_address>0x3478</load_address>
         <run_address>0x3478</run_address>
         <size>0x6c</size>
         <input_file_ref idref="fl-13"/>
      </object_component>
      <object_component id="oc-35c">
         <name>.const:g_ppui32TimerIntMap</name>
         <load_address>0x34e4</load_address>
         <run_address>0x34e4</run_address>
         <size>0x60</size>
         <input_file_ref idref="fl-12"/>
      </object_component>
      <object_component id="oc-35f">
         <name>.const:g_ppui32TimerIntMapSnowflake</name>
         <load_address>0x3544</load_address>
         <run_address>0x3544</run_address>
         <size>0x40</size>
         <input_file_ref idref="fl-12"/>
      </object_component>
      <object_component id="oc-387">
         <name>.const:g_ppui32UARTIntMap</name>
         <load_address>0x3584</load_address>
         <run_address>0x3584</run_address>
         <size>0x40</size>
         <input_file_ref idref="fl-11"/>
      </object_component>
      <object_component id="oc-38a">
         <name>.const:g_ppui32UARTIntMapSnowflake</name>
         <load_address>0x35c4</load_address>
         <run_address>0x35c4</run_address>
         <size>0x40</size>
         <input_file_ref idref="fl-11"/>
      </object_component>
      <object_component id="oc-2df">
         <name>.const</name>
         <load_address>0x3604</load_address>
         <run_address>0x3604</run_address>
         <size>0x1c</size>
         <input_file_ref idref="fl-b"/>
      </object_component>
      <object_component id="oc-36d">
         <name>.const:.string</name>
         <load_address>0x3620</load_address>
         <run_address>0x3620</run_address>
         <size>0x12</size>
         <input_file_ref idref="fl-b"/>
      </object_component>
      <object_component id="oc-3c0">
         <name>.cinit..data.load</name>
         <load_address>0x3638</load_address>
         <run_address>0x3638</run_address>
         <size>0x7c</size>
      </object_component>
      <object_component id="oc-3bd">
         <name>__TI_handler_table</name>
         <load_address>0x36b4</load_address>
         <run_address>0x36b4</run_address>
         <size>0xc</size>
      </object_component>
      <object_component id="oc-3c1">
         <name>.cinit..bss.load</name>
         <load_address>0x36c0</load_address>
         <run_address>0x36c0</run_address>
         <size>0x8</size>
      </object_component>
      <object_component id="oc-3bf">
         <name>.cinit..vtable.load</name>
         <load_address>0x36c8</load_address>
         <run_address>0x36c8</run_address>
         <size>0x8</size>
      </object_component>
      <object_component id="oc-3be">
         <name>__TI_cinit_table</name>
         <load_address>0x36d0</load_address>
         <run_address>0x36d0</run_address>
         <size>0x18</size>
      </object_component>
      <object_component id="oc-28c">
         <name>.vtable</name>
         <uninitialized>true</uninitialized>
         <run_address>0x20000000</run_address>
         <size>0x26c</size>
         <input_file_ref idref="fl-9"/>
      </object_component>
      <object_component id="oc-29">
         <name>.stack</name>
         <uninitialized>true</uninitialized>
         <run_address>0x2000026c</run_address>
         <size>0x0</size>
         <input_file_ref idref="fl-13a"/>
      </object_component>
      <object_component id="oc-3c2">
         <name>.stack</name>
         <uninitialized>true</uninitialized>
         <run_address>0x2000026c</run_address>
         <size>0x0</size>
      </object_component>
      <object_component id="oc-225">
         <name>.common:machineState</name>
         <uninitialized>true</uninitialized>
         <run_address>0x20000530</run_address>
         <size>0x1</size>
      </object_component>
      <object_component id="oc-224">
         <name>.common:ui64InfraRawCode</name>
         <uninitialized>true</uninitialized>
         <run_address>0x20000518</run_address>
         <size>0x10</size>
      </object_component>
      <object_component id="oc-226">
         <name>.common:ui32NECEncoded</name>
         <uninitialized>true</uninitialized>
         <run_address>0x20000528</run_address>
         <size>0x4</size>
      </object_component>
      <object_component id="oc-222">
         <name>.common:ui32PE0IntEnable</name>
         <uninitialized>true</uninitialized>
         <run_address>0x2000052c</run_address>
         <size>0x4</size>
      </object_component>
      <object_component id="oc-21d">
         <name>.common:ui8TransmitEnable</name>
         <uninitialized>true</uninitialized>
         <run_address>0x20000535</run_address>
         <size>0x1</size>
      </object_component>
      <object_component id="oc-223">
         <name>.common:ui8RawBitCounter</name>
         <uninitialized>true</uninitialized>
         <run_address>0x20000534</run_address>
         <size>0x1</size>
      </object_component>
      <object_component id="oc-229">
         <name>.common:ui8EncodedBitCounter</name>
         <uninitialized>true</uninitialized>
         <run_address>0x20000532</run_address>
         <size>0x1</size>
      </object_component>
      <object_component id="oc-227">
         <name>.common:ui8LeadOnesCounter</name>
         <uninitialized>true</uninitialized>
         <run_address>0x20000533</run_address>
         <size>0x1</size>
      </object_component>
      <object_component id="oc-228">
         <name>.common:ui8CountOnesCounter</name>
         <uninitialized>true</uninitialized>
         <run_address>0x20000531</run_address>
         <size>0x1</size>
      </object_component>
      <object_component id="oc-175">
         <name>.data</name>
         <load_address>0x200004cc</load_address>
         <run_address>0x200004cc</run_address>
         <size>0x10</size>
         <input_file_ref idref="fl-4"/>
      </object_component>
      <object_component id="oc-214">
         <name>.data</name>
         <load_address>0x200004ec</load_address>
         <run_address>0x200004ec</run_address>
         <size>0x9</size>
         <input_file_ref idref="fl-5"/>
      </object_component>
      <object_component id="oc-16d">
         <name>.data</name>
         <load_address>0x2000046c</load_address>
         <run_address>0x2000046c</run_address>
         <size>0x60</size>
         <input_file_ref idref="fl-6"/>
      </object_component>
      <object_component id="oc-2c4">
         <name>.data</name>
         <load_address>0x200004dc</load_address>
         <run_address>0x200004dc</run_address>
         <size>0x10</size>
         <input_file_ref idref="fl-7"/>
      </object_component>
      <object_component id="oc-178">
         <name>.data</name>
         <load_address>0x200004f5</load_address>
         <run_address>0x200004f5</run_address>
         <size>0x1</size>
         <input_file_ref idref="fl-8"/>
      </object_component>
      <object_component id="oc-2e2">
         <name>.data</name>
         <load_address>0x20000508</load_address>
         <run_address>0x20000508</run_address>
         <size>0x5</size>
         <input_file_ref idref="fl-b"/>
      </object_component>
      <object_component id="oc-a8">
         <name>.data</name>
         <load_address>0x20000500</load_address>
         <run_address>0x20000500</run_address>
         <size>0x8</size>
         <input_file_ref idref="fl-13e"/>
      </object_component>
      <object_component id="oc-70">
         <name>.data</name>
         <load_address>0x20000510</load_address>
         <run_address>0x20000510</run_address>
         <size>0x4</size>
         <input_file_ref idref="fl-149"/>
      </object_component>
      <object_component id="oc-a5">
         <name>.data</name>
         <load_address>0x200004f8</load_address>
         <run_address>0x200004f8</run_address>
         <size>0x8</size>
         <input_file_ref idref="fl-14d"/>
      </object_component>
      <object_component id="oc-21e">
         <name>.debug_info</name>
         <load_address>0x0</load_address>
         <run_address>0x0</run_address>
         <size>0x3d7</size>
         <input_file_ref idref="fl-2"/>
      </object_component>
      <object_component id="oc-9e">
         <name>.debug_info</name>
         <load_address>0x3d7</load_address>
         <run_address>0x3d7</run_address>
         <size>0x21e</size>
         <input_file_ref idref="fl-2"/>
      </object_component>
      <object_component id="oc-22b">
         <name>.debug_info</name>
         <load_address>0x5f5</load_address>
         <run_address>0x5f5</run_address>
         <size>0x176</size>
         <input_file_ref idref="fl-2"/>
      </object_component>
      <object_component id="oc-b0">
         <name>.debug_info</name>
         <load_address>0x76b</load_address>
         <run_address>0x76b</run_address>
         <size>0x8b</size>
         <input_file_ref idref="fl-2"/>
      </object_component>
      <object_component id="oc-7c">
         <name>.debug_info</name>
         <load_address>0x7f6</load_address>
         <run_address>0x7f6</run_address>
         <size>0x18b</size>
         <input_file_ref idref="fl-2"/>
      </object_component>
      <object_component id="oc-2e7">
         <name>.debug_info</name>
         <load_address>0x981</load_address>
         <run_address>0x981</run_address>
         <size>0x4e</size>
         <input_file_ref idref="fl-2"/>
      </object_component>
      <object_component id="oc-e2">
         <name>.debug_info</name>
         <load_address>0x9cf</load_address>
         <run_address>0x9cf</run_address>
         <size>0x44d</size>
         <input_file_ref idref="fl-3"/>
      </object_component>
      <object_component id="oc-77">
         <name>.debug_info</name>
         <load_address>0xe1c</load_address>
         <run_address>0xe1c</run_address>
         <size>0x84</size>
         <input_file_ref idref="fl-3"/>
      </object_component>
      <object_component id="oc-176">
         <name>.debug_info</name>
         <load_address>0xea0</load_address>
         <run_address>0xea0</run_address>
         <size>0x194</size>
         <input_file_ref idref="fl-4"/>
      </object_component>
      <object_component id="oc-d7">
         <name>.debug_info</name>
         <load_address>0x1034</load_address>
         <run_address>0x1034</run_address>
         <size>0xad9</size>
         <input_file_ref idref="fl-4"/>
      </object_component>
      <object_component id="oc-220">
         <name>.debug_info</name>
         <load_address>0x1b0d</load_address>
         <run_address>0x1b0d</run_address>
         <size>0x850</size>
         <input_file_ref idref="fl-5"/>
      </object_component>
      <object_component id="oc-215">
         <name>.debug_info</name>
         <load_address>0x235d</load_address>
         <run_address>0x235d</run_address>
         <size>0x11f</size>
         <input_file_ref idref="fl-5"/>
      </object_component>
      <object_component id="oc-dd">
         <name>.debug_info</name>
         <load_address>0x247c</load_address>
         <run_address>0x247c</run_address>
         <size>0xc0e</size>
         <input_file_ref idref="fl-5"/>
      </object_component>
      <object_component id="oc-16e">
         <name>.debug_info</name>
         <load_address>0x308a</load_address>
         <run_address>0x308a</run_address>
         <size>0x384</size>
         <input_file_ref idref="fl-6"/>
      </object_component>
      <object_component id="oc-c6">
         <name>.debug_info</name>
         <load_address>0x340e</load_address>
         <run_address>0x340e</run_address>
         <size>0xafd</size>
         <input_file_ref idref="fl-6"/>
      </object_component>
      <object_component id="oc-367">
         <name>.debug_info</name>
         <load_address>0x3f0b</load_address>
         <run_address>0x3f0b</run_address>
         <size>0x1ae</size>
         <input_file_ref idref="fl-7"/>
      </object_component>
      <object_component id="oc-2c5">
         <name>.debug_info</name>
         <load_address>0x40b9</load_address>
         <run_address>0x40b9</run_address>
         <size>0xc1</size>
         <input_file_ref idref="fl-7"/>
      </object_component>
      <object_component id="oc-14e">
         <name>.debug_info</name>
         <load_address>0x417a</load_address>
         <run_address>0x417a</run_address>
         <size>0x27b</size>
         <input_file_ref idref="fl-7"/>
      </object_component>
      <object_component id="oc-27f">
         <name>.debug_info</name>
         <load_address>0x43f5</load_address>
         <run_address>0x43f5</run_address>
         <size>0x40f</size>
         <input_file_ref idref="fl-8"/>
      </object_component>
      <object_component id="oc-179">
         <name>.debug_info</name>
         <load_address>0x4804</load_address>
         <run_address>0x4804</run_address>
         <size>0xc7</size>
         <input_file_ref idref="fl-8"/>
      </object_component>
      <object_component id="oc-e9">
         <name>.debug_info</name>
         <load_address>0x48cb</load_address>
         <run_address>0x48cb</run_address>
         <size>0x591</size>
         <input_file_ref idref="fl-8"/>
      </object_component>
      <object_component id="oc-8c">
         <name>.debug_info</name>
         <load_address>0x4e5c</load_address>
         <run_address>0x4e5c</run_address>
         <size>0x2c</size>
         <input_file_ref idref="fl-8"/>
      </object_component>
      <object_component id="oc-2a2">
         <name>.debug_info</name>
         <load_address>0x4e88</load_address>
         <run_address>0x4e88</run_address>
         <size>0x1a8</size>
         <input_file_ref idref="fl-9"/>
      </object_component>
      <object_component id="oc-290">
         <name>.debug_info</name>
         <load_address>0x5030</load_address>
         <run_address>0x5030</run_address>
         <size>0x1b4</size>
         <input_file_ref idref="fl-9"/>
      </object_component>
      <object_component id="oc-29f">
         <name>.debug_info</name>
         <load_address>0x51e4</load_address>
         <run_address>0x51e4</run_address>
         <size>0xf2</size>
         <input_file_ref idref="fl-9"/>
      </object_component>
      <object_component id="oc-28d">
         <name>.debug_info</name>
         <load_address>0x52d6</load_address>
         <run_address>0x52d6</run_address>
         <size>0xfb</size>
         <input_file_ref idref="fl-9"/>
      </object_component>
      <object_component id="oc-ee">
         <name>.debug_info</name>
         <load_address>0x53d1</load_address>
         <run_address>0x53d1</run_address>
         <size>0x113b</size>
         <input_file_ref idref="fl-9"/>
      </object_component>
      <object_component id="oc-32">
         <name>.debug_info</name>
         <load_address>0x650c</load_address>
         <run_address>0x650c</run_address>
         <size>0xf5</size>
         <input_file_ref idref="fl-a"/>
      </object_component>
      <object_component id="oc-10">
         <name>.debug_info</name>
         <load_address>0x6601</load_address>
         <run_address>0x6601</run_address>
         <size>0xda</size>
         <input_file_ref idref="fl-a"/>
      </object_component>
      <object_component id="oc-2b">
         <name>.debug_info</name>
         <load_address>0x66db</load_address>
         <run_address>0x66db</run_address>
         <size>0x256</size>
         <input_file_ref idref="fl-a"/>
      </object_component>
      <object_component id="oc-2e6">
         <name>.debug_info</name>
         <load_address>0x6931</load_address>
         <run_address>0x6931</run_address>
         <size>0x24f</size>
         <input_file_ref idref="fl-b"/>
      </object_component>
      <object_component id="oc-2e3">
         <name>.debug_info</name>
         <load_address>0x6b80</load_address>
         <run_address>0x6b80</run_address>
         <size>0xec</size>
         <input_file_ref idref="fl-b"/>
      </object_component>
      <object_component id="oc-2e0">
         <name>.debug_info</name>
         <load_address>0x6c6c</load_address>
         <run_address>0x6c6c</run_address>
         <size>0x142</size>
         <input_file_ref idref="fl-b"/>
      </object_component>
      <object_component id="oc-169">
         <name>.debug_info</name>
         <load_address>0x6dae</load_address>
         <run_address>0x6dae</run_address>
         <size>0x95d</size>
         <input_file_ref idref="fl-b"/>
      </object_component>
      <object_component id="oc-332">
         <name>.debug_info</name>
         <load_address>0x770b</load_address>
         <run_address>0x770b</run_address>
         <size>0x1ce</size>
         <input_file_ref idref="fl-11"/>
      </object_component>
      <object_component id="oc-388">
         <name>.debug_info</name>
         <load_address>0x78d9</load_address>
         <run_address>0x78d9</run_address>
         <size>0x109</size>
         <input_file_ref idref="fl-11"/>
      </object_component>
      <object_component id="oc-38b">
         <name>.debug_info</name>
         <load_address>0x79e2</load_address>
         <run_address>0x79e2</run_address>
         <size>0x11b</size>
         <input_file_ref idref="fl-11"/>
      </object_component>
      <object_component id="oc-344">
         <name>.debug_info</name>
         <load_address>0x7afd</load_address>
         <run_address>0x7afd</run_address>
         <size>0x26f</size>
         <input_file_ref idref="fl-11"/>
      </object_component>
      <object_component id="oc-240">
         <name>.debug_info</name>
         <load_address>0x7d6c</load_address>
         <run_address>0x7d6c</run_address>
         <size>0x1e3</size>
         <input_file_ref idref="fl-11"/>
      </object_component>
      <object_component id="oc-270">
         <name>.debug_info</name>
         <load_address>0x7f4f</load_address>
         <run_address>0x7f4f</run_address>
         <size>0x1f3</size>
         <input_file_ref idref="fl-11"/>
      </object_component>
      <object_component id="oc-276">
         <name>.debug_info</name>
         <load_address>0x8142</load_address>
         <run_address>0x8142</run_address>
         <size>0x1f3</size>
         <input_file_ref idref="fl-11"/>
      </object_component>
      <object_component id="oc-246">
         <name>.debug_info</name>
         <load_address>0x8335</load_address>
         <run_address>0x8335</run_address>
         <size>0x1f1</size>
         <input_file_ref idref="fl-11"/>
      </object_component>
      <object_component id="oc-26a">
         <name>.debug_info</name>
         <load_address>0x8526</load_address>
         <run_address>0x8526</run_address>
         <size>0x1b5</size>
         <input_file_ref idref="fl-11"/>
      </object_component>
      <object_component id="oc-2d6">
         <name>.debug_info</name>
         <load_address>0x86db</load_address>
         <run_address>0x86db</run_address>
         <size>0x1ab</size>
         <input_file_ref idref="fl-11"/>
      </object_component>
      <object_component id="oc-33c">
         <name>.debug_info</name>
         <load_address>0x8886</load_address>
         <run_address>0x8886</run_address>
         <size>0x233</size>
         <input_file_ref idref="fl-11"/>
      </object_component>
      <object_component id="oc-264">
         <name>.debug_info</name>
         <load_address>0x8ab9</load_address>
         <run_address>0x8ab9</run_address>
         <size>0x28a</size>
         <input_file_ref idref="fl-11"/>
      </object_component>
      <object_component id="oc-25e">
         <name>.debug_info</name>
         <load_address>0x8d43</load_address>
         <run_address>0x8d43</run_address>
         <size>0x1f5</size>
         <input_file_ref idref="fl-11"/>
      </object_component>
      <object_component id="oc-252">
         <name>.debug_info</name>
         <load_address>0x8f38</load_address>
         <run_address>0x8f38</run_address>
         <size>0x1b7</size>
         <input_file_ref idref="fl-11"/>
      </object_component>
      <object_component id="oc-23a">
         <name>.debug_info</name>
         <load_address>0x90ef</load_address>
         <run_address>0x90ef</run_address>
         <size>0x25d</size>
         <input_file_ref idref="fl-11"/>
      </object_component>
      <object_component id="oc-24c">
         <name>.debug_info</name>
         <load_address>0x934c</load_address>
         <run_address>0x934c</run_address>
         <size>0x1c7</size>
         <input_file_ref idref="fl-11"/>
      </object_component>
      <object_component id="oc-2dc">
         <name>.debug_info</name>
         <load_address>0x9513</load_address>
         <run_address>0x9513</run_address>
         <size>0x237</size>
         <input_file_ref idref="fl-11"/>
      </object_component>
      <object_component id="oc-2f3">
         <name>.debug_info</name>
         <load_address>0x974a</load_address>
         <run_address>0x974a</run_address>
         <size>0x90</size>
         <input_file_ref idref="fl-11"/>
      </object_component>
      <object_component id="oc-17e">
         <name>.debug_info</name>
         <load_address>0x97da</load_address>
         <run_address>0x97da</run_address>
         <size>0x18b</size>
         <input_file_ref idref="fl-11"/>
      </object_component>
      <object_component id="oc-2a7">
         <name>.debug_info</name>
         <load_address>0x9965</load_address>
         <run_address>0x9965</run_address>
         <size>0x1cf</size>
         <input_file_ref idref="fl-12"/>
      </object_component>
      <object_component id="oc-35d">
         <name>.debug_info</name>
         <load_address>0x9b34</load_address>
         <run_address>0x9b34</run_address>
         <size>0x10c</size>
         <input_file_ref idref="fl-12"/>
      </object_component>
      <object_component id="oc-360">
         <name>.debug_info</name>
         <load_address>0x9c40</load_address>
         <run_address>0x9c40</run_address>
         <size>0x11e</size>
         <input_file_ref idref="fl-12"/>
      </object_component>
      <object_component id="oc-12f">
         <name>.debug_info</name>
         <load_address>0x9d5e</load_address>
         <run_address>0x9d5e</run_address>
         <size>0x21e</size>
         <input_file_ref idref="fl-12"/>
      </object_component>
      <object_component id="oc-2b1">
         <name>.debug_info</name>
         <load_address>0x9f7c</load_address>
         <run_address>0x9f7c</run_address>
         <size>0x2dd</size>
         <input_file_ref idref="fl-12"/>
      </object_component>
      <object_component id="oc-135">
         <name>.debug_info</name>
         <load_address>0xa259</load_address>
         <run_address>0xa259</run_address>
         <size>0x214</size>
         <input_file_ref idref="fl-12"/>
      </object_component>
      <object_component id="oc-111">
         <name>.debug_info</name>
         <load_address>0xa46d</load_address>
         <run_address>0xa46d</run_address>
         <size>0x1f8</size>
         <input_file_ref idref="fl-12"/>
      </object_component>
      <object_component id="oc-147">
         <name>.debug_info</name>
         <load_address>0xa665</load_address>
         <run_address>0xa665</run_address>
         <size>0x1fa</size>
         <input_file_ref idref="fl-12"/>
      </object_component>
      <object_component id="oc-13b">
         <name>.debug_info</name>
         <load_address>0xa85f</load_address>
         <run_address>0xa85f</run_address>
         <size>0x1f6</size>
         <input_file_ref idref="fl-12"/>
      </object_component>
      <object_component id="oc-141">
         <name>.debug_info</name>
         <load_address>0xaa55</load_address>
         <run_address>0xaa55</run_address>
         <size>0x1e3</size>
         <input_file_ref idref="fl-12"/>
      </object_component>
      <object_component id="oc-11f">
         <name>.debug_info</name>
         <load_address>0xac38</load_address>
         <run_address>0xac38</run_address>
         <size>0x1f0</size>
         <input_file_ref idref="fl-12"/>
      </object_component>
      <object_component id="oc-125">
         <name>.debug_info</name>
         <load_address>0xae28</load_address>
         <run_address>0xae28</run_address>
         <size>0x1fa</size>
         <input_file_ref idref="fl-12"/>
      </object_component>
      <object_component id="oc-183">
         <name>.debug_info</name>
         <load_address>0xb022</load_address>
         <run_address>0xb022</run_address>
         <size>0x226</size>
         <input_file_ref idref="fl-13"/>
      </object_component>
      <object_component id="oc-2ac">
         <name>.debug_info</name>
         <load_address>0xb248</load_address>
         <run_address>0xb248</run_address>
         <size>0xff</size>
         <input_file_ref idref="fl-13"/>
      </object_component>
      <object_component id="oc-2cf">
         <name>.debug_info</name>
         <load_address>0xb347</load_address>
         <run_address>0xb347</run_address>
         <size>0x1e7</size>
         <input_file_ref idref="fl-13"/>
      </object_component>
      <object_component id="oc-118">
         <name>.debug_info</name>
         <load_address>0xb52e</load_address>
         <run_address>0xb52e</run_address>
         <size>0x1e1</size>
         <input_file_ref idref="fl-13"/>
      </object_component>
      <object_component id="oc-186">
         <name>.debug_info</name>
         <load_address>0xb70f</load_address>
         <run_address>0xb70f</run_address>
         <size>0x1c7</size>
         <input_file_ref idref="fl-13"/>
      </object_component>
      <object_component id="oc-ca">
         <name>.debug_info</name>
         <load_address>0xb8d6</load_address>
         <run_address>0xb8d6</run_address>
         <size>0x363</size>
         <input_file_ref idref="fl-13"/>
      </object_component>
      <object_component id="oc-129">
         <name>.debug_info</name>
         <load_address>0xbc39</load_address>
         <run_address>0xbc39</run_address>
         <size>0x219</size>
         <input_file_ref idref="fl-13"/>
      </object_component>
      <object_component id="oc-2fa">
         <name>.debug_info</name>
         <load_address>0xbe52</load_address>
         <run_address>0xbe52</run_address>
         <size>0x5f</size>
         <input_file_ref idref="fl-13"/>
      </object_component>
      <object_component id="oc-2c9">
         <name>.debug_info</name>
         <load_address>0xbeb1</load_address>
         <run_address>0xbeb1</run_address>
         <size>0x18f</size>
         <input_file_ref idref="fl-14"/>
      </object_component>
      <object_component id="oc-153">
         <name>.debug_info</name>
         <load_address>0xc040</load_address>
         <run_address>0xc040</run_address>
         <size>0x1b4</size>
         <input_file_ref idref="fl-14"/>
      </object_component>
      <object_component id="oc-1ce">
         <name>.debug_info</name>
         <load_address>0xc1f4</load_address>
         <run_address>0xc1f4</run_address>
         <size>0x1b6</size>
         <input_file_ref idref="fl-14"/>
      </object_component>
      <object_component id="oc-1bc">
         <name>.debug_info</name>
         <load_address>0xc3aa</load_address>
         <run_address>0xc3aa</run_address>
         <size>0x230</size>
         <input_file_ref idref="fl-14"/>
      </object_component>
      <object_component id="oc-1c2">
         <name>.debug_info</name>
         <load_address>0xc5da</load_address>
         <run_address>0xc5da</run_address>
         <size>0x1ef</size>
         <input_file_ref idref="fl-14"/>
      </object_component>
      <object_component id="oc-1c8">
         <name>.debug_info</name>
         <load_address>0xc7c9</load_address>
         <run_address>0xc7c9</run_address>
         <size>0x1a3</size>
         <input_file_ref idref="fl-14"/>
      </object_component>
      <object_component id="oc-1b6">
         <name>.debug_info</name>
         <load_address>0xc96c</load_address>
         <run_address>0xc96c</run_address>
         <size>0x231</size>
         <input_file_ref idref="fl-14"/>
      </object_component>
      <object_component id="oc-30d">
         <name>.debug_info</name>
         <load_address>0xcb9d</load_address>
         <run_address>0xcb9d</run_address>
         <size>0x194</size>
         <input_file_ref idref="fl-15"/>
      </object_component>
      <object_component id="oc-1a5">
         <name>.debug_info</name>
         <load_address>0xcd31</load_address>
         <run_address>0xcd31</run_address>
         <size>0x25a</size>
         <input_file_ref idref="fl-15"/>
      </object_component>
      <object_component id="oc-19f">
         <name>.debug_info</name>
         <load_address>0xcf8b</load_address>
         <run_address>0xcf8b</run_address>
         <size>0x21a</size>
         <input_file_ref idref="fl-15"/>
      </object_component>
      <object_component id="oc-1aa">
         <name>.debug_info</name>
         <load_address>0xd1a5</load_address>
         <run_address>0xd1a5</run_address>
         <size>0x1da</size>
         <input_file_ref idref="fl-15"/>
      </object_component>
      <object_component id="oc-198">
         <name>.debug_info</name>
         <load_address>0xd37f</load_address>
         <run_address>0xd37f</run_address>
         <size>0x217</size>
         <input_file_ref idref="fl-15"/>
      </object_component>
      <object_component id="oc-304">
         <name>.debug_info</name>
         <load_address>0xd596</load_address>
         <run_address>0xd596</run_address>
         <size>0x1d7</size>
         <input_file_ref idref="fl-16"/>
      </object_component>
      <object_component id="oc-37c">
         <name>.debug_info</name>
         <load_address>0xd76d</load_address>
         <run_address>0xd76d</run_address>
         <size>0x119</size>
         <input_file_ref idref="fl-16"/>
      </object_component>
      <object_component id="oc-37f">
         <name>.debug_info</name>
         <load_address>0xd886</load_address>
         <run_address>0xd886</run_address>
         <size>0x11b</size>
         <input_file_ref idref="fl-16"/>
      </object_component>
      <object_component id="oc-301">
         <name>.debug_info</name>
         <load_address>0xd9a1</load_address>
         <run_address>0xd9a1</run_address>
         <size>0x10d</size>
         <input_file_ref idref="fl-16"/>
      </object_component>
      <object_component id="oc-1e5">
         <name>.debug_info</name>
         <load_address>0xdaae</load_address>
         <run_address>0xdaae</run_address>
         <size>0x207</size>
         <input_file_ref idref="fl-16"/>
      </object_component>
      <object_component id="oc-306">
         <name>.debug_info</name>
         <load_address>0xdcb5</load_address>
         <run_address>0xdcb5</run_address>
         <size>0x217</size>
         <input_file_ref idref="fl-16"/>
      </object_component>
      <object_component id="oc-1f1">
         <name>.debug_info</name>
         <load_address>0xdecc</load_address>
         <run_address>0xdecc</run_address>
         <size>0x312</size>
         <input_file_ref idref="fl-16"/>
      </object_component>
      <object_component id="oc-256">
         <name>.debug_info</name>
         <load_address>0xe1de</load_address>
         <run_address>0xe1de</run_address>
         <size>0x1df</size>
         <input_file_ref idref="fl-16"/>
      </object_component>
      <object_component id="oc-1b0">
         <name>.debug_info</name>
         <load_address>0xe3bd</load_address>
         <run_address>0xe3bd</run_address>
         <size>0x1dd</size>
         <input_file_ref idref="fl-16"/>
      </object_component>
      <object_component id="oc-192">
         <name>.debug_info</name>
         <load_address>0xe59a</load_address>
         <run_address>0xe59a</run_address>
         <size>0x1dd</size>
         <input_file_ref idref="fl-16"/>
      </object_component>
      <object_component id="oc-1df">
         <name>.debug_info</name>
         <load_address>0xe777</load_address>
         <run_address>0xe777</run_address>
         <size>0x1eb</size>
         <input_file_ref idref="fl-16"/>
      </object_component>
      <object_component id="oc-1eb">
         <name>.debug_info</name>
         <load_address>0xe962</load_address>
         <run_address>0xe962</run_address>
         <size>0x1e9</size>
         <input_file_ref idref="fl-16"/>
      </object_component>
      <object_component id="oc-218">
         <name>.debug_info</name>
         <load_address>0xeb4b</load_address>
         <run_address>0xeb4b</run_address>
         <size>0x1df</size>
         <input_file_ref idref="fl-16"/>
      </object_component>
      <object_component id="oc-18c">
         <name>.debug_info</name>
         <load_address>0xed2a</load_address>
         <run_address>0xed2a</run_address>
         <size>0x1e4</size>
         <input_file_ref idref="fl-16"/>
      </object_component>
      <object_component id="oc-31f">
         <name>.debug_info</name>
         <load_address>0xef0e</load_address>
         <run_address>0xef0e</run_address>
         <size>0x26f</size>
         <input_file_ref idref="fl-16"/>
      </object_component>
      <object_component id="oc-1f7">
         <name>.debug_info</name>
         <load_address>0xf17d</load_address>
         <run_address>0xf17d</run_address>
         <size>0x21f</size>
         <input_file_ref idref="fl-16"/>
      </object_component>
      <object_component id="oc-1fd">
         <name>.debug_info</name>
         <load_address>0xf39c</load_address>
         <run_address>0xf39c</run_address>
         <size>0x1f9</size>
         <input_file_ref idref="fl-16"/>
      </object_component>
      <object_component id="oc-203">
         <name>.debug_info</name>
         <load_address>0xf595</load_address>
         <run_address>0xf595</run_address>
         <size>0x1f3</size>
         <input_file_ref idref="fl-16"/>
      </object_component>
      <object_component id="oc-20f">
         <name>.debug_info</name>
         <load_address>0xf788</load_address>
         <run_address>0xf788</run_address>
         <size>0x1f5</size>
         <input_file_ref idref="fl-16"/>
      </object_component>
      <object_component id="oc-209">
         <name>.debug_info</name>
         <load_address>0xf97d</load_address>
         <run_address>0xf97d</run_address>
         <size>0x1f1</size>
         <input_file_ref idref="fl-16"/>
      </object_component>
      <object_component id="oc-d0">
         <name>.debug_info</name>
         <load_address>0xfb6e</load_address>
         <run_address>0xfb6e</run_address>
         <size>0x171</size>
         <input_file_ref idref="fl-17"/>
      </object_component>
      <object_component id="oc-281">
         <name>.debug_info</name>
         <load_address>0xfcdf</load_address>
         <run_address>0xfcdf</run_address>
         <size>0x176</size>
         <input_file_ref idref="fl-18"/>
      </object_component>
      <object_component id="oc-288">
         <name>.debug_info</name>
         <load_address>0xfe55</load_address>
         <run_address>0xfe55</run_address>
         <size>0x173</size>
         <input_file_ref idref="fl-18"/>
      </object_component>
      <object_component id="oc-294">
         <name>.debug_info</name>
         <load_address>0xffc8</load_address>
         <run_address>0xffc8</run_address>
         <size>0x1a1</size>
         <input_file_ref idref="fl-18"/>
      </object_component>
      <object_component id="oc-29a">
         <name>.debug_info</name>
         <load_address>0x10169</load_address>
         <run_address>0x10169</run_address>
         <size>0x180</size>
         <input_file_ref idref="fl-18"/>
      </object_component>
      <object_component id="oc-26">
         <name>.debug_info</name>
         <load_address>0x102e9</load_address>
         <run_address>0x102e9</run_address>
         <size>0x138</size>
         <input_file_ref idref="fl-13a"/>
      </object_component>
      <object_component id="oc-3e">
         <name>.debug_info</name>
         <load_address>0x10421</load_address>
         <run_address>0x10421</run_address>
         <size>0x123</size>
         <input_file_ref idref="fl-13b"/>
      </object_component>
      <object_component id="oc-13">
         <name>.debug_info</name>
         <load_address>0x10544</load_address>
         <run_address>0x10544</run_address>
         <size>0x1c2</size>
         <input_file_ref idref="fl-13b"/>
      </object_component>
      <object_component id="oc-39">
         <name>.debug_info</name>
         <load_address>0x10706</load_address>
         <run_address>0x10706</run_address>
         <size>0x46</size>
         <input_file_ref idref="fl-13b"/>
      </object_component>
      <object_component id="oc-82">
         <name>.debug_info</name>
         <load_address>0x1074c</load_address>
         <run_address>0x1074c</run_address>
         <size>0x2c</size>
         <input_file_ref idref="fl-13b"/>
      </object_component>
      <object_component id="oc-46">
         <name>.debug_info</name>
         <load_address>0x10778</load_address>
         <run_address>0x10778</run_address>
         <size>0x117</size>
         <input_file_ref idref="fl-13c"/>
      </object_component>
      <object_component id="oc-42">
         <name>.debug_info</name>
         <load_address>0x1088f</load_address>
         <run_address>0x1088f</run_address>
         <size>0x22a</size>
         <input_file_ref idref="fl-13c"/>
      </object_component>
      <object_component id="oc-1b">
         <name>.debug_info</name>
         <load_address>0x10ab9</load_address>
         <run_address>0x10ab9</run_address>
         <size>0x1bc</size>
         <input_file_ref idref="fl-13c"/>
      </object_component>
      <object_component id="oc-47">
         <name>.debug_info</name>
         <load_address>0x10c75</load_address>
         <run_address>0x10c75</run_address>
         <size>0x39</size>
         <input_file_ref idref="fl-13c"/>
      </object_component>
      <object_component id="oc-57">
         <name>.debug_info</name>
         <load_address>0x10cae</load_address>
         <run_address>0x10cae</run_address>
         <size>0x112</size>
         <input_file_ref idref="fl-13d"/>
      </object_component>
      <object_component id="oc-1f">
         <name>.debug_info</name>
         <load_address>0x10dc0</load_address>
         <run_address>0x10dc0</run_address>
         <size>0x18d</size>
         <input_file_ref idref="fl-13d"/>
      </object_component>
      <object_component id="oc-52">
         <name>.debug_info</name>
         <load_address>0x10f4d</load_address>
         <run_address>0x10f4d</run_address>
         <size>0x46</size>
         <input_file_ref idref="fl-13d"/>
      </object_component>
      <object_component id="oc-ac">
         <name>.debug_info</name>
         <load_address>0x10f93</load_address>
         <run_address>0x10f93</run_address>
         <size>0x174</size>
         <input_file_ref idref="fl-13e"/>
      </object_component>
      <object_component id="oc-a9">
         <name>.debug_info</name>
         <load_address>0x11107</load_address>
         <run_address>0x11107</run_address>
         <size>0x119</size>
         <input_file_ref idref="fl-13e"/>
      </object_component>
      <object_component id="oc-6b">
         <name>.debug_info</name>
         <load_address>0x11220</load_address>
         <run_address>0x11220</run_address>
         <size>0x1f0</size>
         <input_file_ref idref="fl-13e"/>
      </object_component>
      <object_component id="oc-2c0">
         <name>.debug_info</name>
         <load_address>0x11410</load_address>
         <run_address>0x11410</run_address>
         <size>0x12d</size>
         <input_file_ref idref="fl-13f"/>
      </object_component>
      <object_component id="oc-15f">
         <name>.debug_info</name>
         <load_address>0x1153d</load_address>
         <run_address>0x1153d</run_address>
         <size>0x11b</size>
         <input_file_ref idref="fl-140"/>
      </object_component>
      <object_component id="oc-1da">
         <name>.debug_info</name>
         <load_address>0x11658</load_address>
         <run_address>0x11658</run_address>
         <size>0x11b</size>
         <input_file_ref idref="fl-141"/>
      </object_component>
      <object_component id="oc-172">
         <name>.debug_info</name>
         <load_address>0x11773</load_address>
         <run_address>0x11773</run_address>
         <size>0x116</size>
         <input_file_ref idref="fl-142"/>
      </object_component>
      <object_component id="oc-165">
         <name>.debug_info</name>
         <load_address>0x11889</load_address>
         <run_address>0x11889</run_address>
         <size>0x11a</size>
         <input_file_ref idref="fl-143"/>
      </object_component>
      <object_component id="oc-1d6">
         <name>.debug_info</name>
         <load_address>0x119a3</load_address>
         <run_address>0x119a3</run_address>
         <size>0x10d</size>
         <input_file_ref idref="fl-144"/>
      </object_component>
      <object_component id="oc-2bd">
         <name>.debug_info</name>
         <load_address>0x11ab0</load_address>
         <run_address>0x11ab0</run_address>
         <size>0x10d</size>
         <input_file_ref idref="fl-145"/>
      </object_component>
      <object_component id="oc-34">
         <name>.debug_info</name>
         <load_address>0x11bbd</load_address>
         <run_address>0x11bbd</run_address>
         <size>0xfa</size>
         <input_file_ref idref="fl-146"/>
      </object_component>
      <object_component id="oc-4d">
         <name>.debug_info</name>
         <load_address>0x11cb7</load_address>
         <run_address>0x11cb7</run_address>
         <size>0x12a</size>
         <input_file_ref idref="fl-147"/>
      </object_component>
      <object_component id="oc-5b">
         <name>.debug_info</name>
         <load_address>0x11de1</load_address>
         <run_address>0x11de1</run_address>
         <size>0x12b</size>
         <input_file_ref idref="fl-148"/>
      </object_component>
      <object_component id="oc-71">
         <name>.debug_info</name>
         <load_address>0x11f0c</load_address>
         <run_address>0x11f0c</run_address>
         <size>0xec</size>
         <input_file_ref idref="fl-149"/>
      </object_component>
      <object_component id="oc-330">
         <name>.debug_info</name>
         <load_address>0x11ff8</load_address>
         <run_address>0x11ff8</run_address>
         <size>0xcd</size>
         <input_file_ref idref="fl-14a"/>
      </object_component>
      <object_component id="oc-232">
         <name>.debug_info</name>
         <load_address>0x120c5</load_address>
         <run_address>0x120c5</run_address>
         <size>0x1dd</size>
         <input_file_ref idref="fl-14a"/>
      </object_component>
      <object_component id="oc-27a">
         <name>.debug_info</name>
         <load_address>0x122a2</load_address>
         <run_address>0x122a2</run_address>
         <size>0x165</size>
         <input_file_ref idref="fl-14b"/>
      </object_component>
      <object_component id="oc-159">
         <name>.debug_info</name>
         <load_address>0x12407</load_address>
         <run_address>0x12407</run_address>
         <size>0x10f</size>
         <input_file_ref idref="fl-14c"/>
      </object_component>
      <object_component id="oc-103">
         <name>.debug_info</name>
         <load_address>0x12516</load_address>
         <run_address>0x12516</run_address>
         <size>0x107</size>
         <input_file_ref idref="fl-14d"/>
      </object_component>
      <object_component id="oc-a6">
         <name>.debug_info</name>
         <load_address>0x1261d</load_address>
         <run_address>0x1261d</run_address>
         <size>0xf6</size>
         <input_file_ref idref="fl-14d"/>
      </object_component>
      <object_component id="oc-fd">
         <name>.debug_info</name>
         <load_address>0x12713</load_address>
         <run_address>0x12713</run_address>
         <size>0x202</size>
         <input_file_ref idref="fl-14d"/>
      </object_component>
      <object_component id="oc-a4">
         <name>.debug_info</name>
         <load_address>0x12915</load_address>
         <run_address>0x12915</run_address>
         <size>0x149</size>
         <input_file_ref idref="fl-14e"/>
      </object_component>
[...]
      <symbol id="sm-2ba">
         <name>IntPriorityGroupingGet</name>
         <value>0x153b</value>
         <object_component_ref idref="oc-ed"/>
      </symbol>
      <symbol id="sm-2bb">
         <name>IntPrioritySet</name>
         <value>0x1573</value>
         <object_component_ref idref="oc-ed"/>
      </symbol>
      <symbol id="sm-2bc">
         <name>IntIsEnabled</name>
         <value>0x16cb</value>
         <object_component_ref idref="oc-ed"/>
      </symbol>
      <symbol id="sm-2bd">
         <name>IntEnable</name>
         <value>0x15e7</value>
         <object_component_ref idref="oc-ed"/>
      </symbol>
      <symbol id="sm-2be">
         <name>IntTrigger</name>
         <value>0x1823</value>
         <object_component_ref idref="oc-ed"/>
      </symbol>
      <symbol id="sm-2bf">
         <name>IntPriorityMaskSet</name>
         <value>0x180f</value>
         <object_component_ref idref="oc-ed"/>
      </symbol>
      <symbol id="sm-2c0">
         <name>IntPriorityGroupingSet</name>
         <value>0x1521</value>
         <object_component_ref idref="oc-ed"/>
      </symbol>
      <symbol id="sm-2c1">
         <name>IntDisable</name>
         <value>0x1659</value>
         <object_component_ref idref="oc-ed"/>
      </symbol>
      <symbol id="sm-2c2">
         <name>IntRegister</name>
         <value>0x14bb</value>
         <object_component_ref idref="oc-ed"/>
      </symbol>
      <symbol id="sm-2c3">
         <name>IntPriorityGet</name>
         <value>0x15c3</value>
         <object_component_ref idref="oc-ed"/>
      </symbol>
      <symbol id="sm-2c4">
         <name>IntMasterDisable</name>
         <value>0x14ab</value>
         <object_component_ref idref="oc-ed"/>
      </symbol>
      <symbol id="sm-2c5">
         <name>IntUnregister</name>
         <value>0x150d</value>
         <object_component_ref idref="oc-ed"/>
      </symbol>
      <symbol id="sm-2c6">
         <name>IntPriorityMaskGet</name>
         <value>0x181b</value>
         <object_component_ref idref="oc-ed"/>
      </symbol>
      <symbol id="sm-2c7">
         <name>g_pfnRAMVectors</name>
         <value>0x20000000</value>
         <object_component_ref idref="oc-28c"/>
      </symbol>
      <symbol id="sm-2c8">
         <name>IntMasterEnable</name>
         <value>0x149b</value>
         <object_component_ref idref="oc-ed"/>
      </symbol>
      <symbol id="sm-2c9">
         <name>IntPendSet</name>
         <value>0x1751</value>
         <object_component_ref idref="oc-ed"/>
      </symbol>
      <symbol id="sm-2e5">
         <name>ResetISR</name>
         <value>0x30ab</value>
         <object_component_ref idref="oc-2a"/>
      </symbol>
      <symbol id="sm-2e6">
         <name>g_pfnVectors</name>
         <value>0x0</value>
         <object_component_ref idref="oc-f"/>
      </symbol>
      <symbol id="sm-34b">
         <name>UARTgetc</name>
         <value>0x1143</value>
         <object_component_ref idref="oc-167"/>
      </symbol>
      <symbol id="sm-34c">
         <name>UARTgets</name>
         <value>0x1089</value>
         <object_component_ref idref="oc-167"/>
      </symbol>
      <symbol id="sm-34d">
         <name>UARTStdioConfig</name>
         <value>0xffd</value>
         <object_component_ref idref="oc-167"/>
      </symbol>
      <symbol id="sm-34e">
         <name>UARTwrite</name>
         <value>0x1043</value>
         <object_component_ref idref="oc-167"/>
      </symbol>
      <symbol id="sm-34f">
         <name>UARTprintf</name>
         <value>0x1463</value>
         <object_component_ref idref="oc-167"/>
      </symbol>
      <symbol id="sm-350">
         <name>UARTvprintf</name>
         <value>0x1169</value>
         <object_component_ref idref="oc-167"/>
      </symbol>
      <symbol id="sm-3f6">
         <name>UARTFIFODisable</name>
         <value>0x30f3</value>
         <object_component_ref idref="oc-267"/>
      </symbol>
      <symbol id="sm-3f7">
         <name>UARTConfigSetExpClk</name>
         <value>0x2c93</value>
         <object_component_ref idref="oc-261"/>
      </symbol>
      <symbol id="sm-3f8">
         <name>UARTDisable</name>
         <value>0x2ead</value>
         <object_component_ref idref="oc-339"/>
      </symbol>
      <symbol id="sm-3f9">
         <name>UARTIntEnable</name>
         <value>0x310f</value>
         <object_component_ref idref="oc-273"/>
      </symbol>
      <symbol id="sm-3fa">
         <name>UARTCharsAvail</name>
         <value>0x3093</value>
         <object_component_ref idref="oc-24f"/>
      </symbol>
      <symbol id="sm-3fb">
         <name>UARTCharGetNonBlocking</name>
         <value>0x3047</value>
         <object_component_ref idref="oc-249"/>
      </symbol>
      <symbol id="sm-3fc">
         <name>UARTClockSourceSet</name>
         <value>0x313b</value>
         <object_component_ref idref="oc-25b"/>
      </symbol>
      <symbol id="sm-3fd">
         <name>UARTCharPut</name>
         <value>0x30e9</value>
         <object_component_ref idref="oc-237"/>
      </symbol>
      <symbol id="sm-3fe">
         <name>UARTEnable</name>
         <value>0x2f55</value>
         <object_component_ref idref="oc-2d3"/>
      </symbol>
      <symbol id="sm-3ff">
         <name>UARTIntClear</name>
         <value>0x3153</value>
         <object_component_ref idref="oc-243"/>
      </symbol>
      <symbol id="sm-400">
         <name>UARTIntStatus</name>
         <value>0x30fd</value>
         <object_component_ref idref="oc-23d"/>
      </symbol>
      <symbol id="sm-401">
         <name>UARTCharGet</name>
         <value>0x30df</value>
         <object_component_ref idref="oc-2d9"/>
      </symbol>
      <symbol id="sm-402">
         <name>UARTIntRegister</name>
         <value>0x2f11</value>
         <object_component_ref idref="oc-26d"/>
      </symbol>
      <symbol id="sm-470">
         <name>TimerLoadSet</name>
         <value>0x2fd9</value>
         <object_component_ref idref="oc-12e"/>
      </symbol>
      <symbol id="sm-471">
         <name>TimerIntRegister</name>
         <value>0x2ef9</value>
         <object_component_ref idref="oc-134"/>
      </symbol>
      <symbol id="sm-472">
         <name>TimerEnable</name>
         <value>0x3039</value>
         <object_component_ref idref="oc-140"/>
      </symbol>
      <symbol id="sm-473">
         <name>TimerIntDisable</name>
         <value>0x30d5</value>
         <object_component_ref idref="oc-146"/>
      </symbol>
      <symbol id="sm-474">
         <name>TimerIntEnable</name>
         <value>0x3107</value>
         <object_component_ref idref="oc-110"/>
      </symbol>
      <symbol id="sm-475">
         <name>TimerClockSourceSet</name>
         <value>0x3135</value>
         <object_component_ref idref="oc-122"/>
      </symbol>
      <symbol id="sm-476">
         <name>TimerConfigure</name>
         <value>0x2999</value>
         <object_component_ref idref="oc-11c"/>
      </symbol>
      <symbol id="sm-477">
         <name>TimerIntClear</name>
         <value>0x314f</value>
         <object_component_ref idref="oc-13a"/>
      </symbol>
      <symbol id="sm-4e6">
         <name>SysCtlPeripheralPresent</name>
         <value>0x2dc1</value>
         <object_component_ref idref="oc-2cd"/>
      </symbol>
      <symbol id="sm-4e7">
         <name>SysCtlClockSet</name>
         <value>0x265d</value>
         <object_component_ref idref="oc-c9"/>
      </symbol>
      <symbol id="sm-4e8">
         <name>SysCtlDelay</name>
         <value>0x312f</value>
         <object_component_ref idref="oc-17c"/>
      </symbol>
      <symbol id="sm-4e9">
         <name>SysCtlPeripheralEnable</name>
         <value>0x2d8d</value>
         <object_component_ref idref="oc-116"/>
      </symbol>
      <symbol id="sm-4ea">
         <name>SysCtlClockGet</name>
         <value>0x2449</value>
         <object_component_ref idref="oc-128"/>
      </symbol>
      <symbol id="sm-4eb">
         <name>SysCtlPWMClockSet</name>
         <value>0x2f41</value>
         <object_component_ref idref="oc-185"/>
      </symbol>
      <symbol id="sm-520">
         <name>QEIVelocityGet</name>
         <value>0x314b</value>
         <object_component_ref idref="oc-152"/>
      </symbol>
      <symbol id="sm-521">
         <name>QEIVelocityConfigure</name>
         <value>0x300d</value>
         <object_component_ref idref="oc-1bb"/>
      </symbol>
      <symbol id="sm-522">
         <name>QEIEnable</name>
         <value>0x30c1</value>
         <object_component_ref idref="oc-1c7"/>
      </symbol>
      <symbol id="sm-523">
         <name>QEIPositionSet</name>
         <value>0x3147</value>
         <object_component_ref idref="oc-1c1"/>
      </symbol>
      <symbol id="sm-524">
         <name>QEIVelocityEnable</name>
         <value>0x30cb</value>
         <object_component_ref idref="oc-1cd"/>
      </symbol>
      <symbol id="sm-525">
         <name>QEIConfigure</name>
         <value>0x302b</value>
         <object_component_ref idref="oc-1b5"/>
      </symbol>
      <symbol id="sm-54a">
         <name>PWMGenPeriodSet</name>
         <value>0x2ffd</value>
         <object_component_ref idref="oc-19d"/>
      </symbol>
      <symbol id="sm-54b">
         <name>PWMPulseWidthSet</name>
         <value>0x2e8f</value>
         <object_component_ref idref="oc-1a3"/>
      </symbol>
      <symbol id="sm-54c">
         <name>PWMGenEnable</name>
         <value>0x3087</value>
         <object_component_ref idref="oc-1a9"/>
      </symbol>
      <symbol id="sm-54d">
         <name>PWMGenConfigure</name>
         <value>0x2e4d</value>
         <object_component_ref idref="oc-197"/>
      </symbol>
      <symbol id="sm-600">
         <name>GPIOPinTypePWM</name>
         <value>0x2fa3</value>
         <object_component_ref idref="oc-191"/>
      </symbol>
      <symbol id="sm-601">
         <name>GPIOIntRegister</name>
         <value>0x2ec9</value>
         <object_component_ref idref="oc-1fc"/>
      </symbol>
      <symbol id="sm-602">
         <name>GPIOPinConfigure</name>
         <value>0x2b81</value>
         <object_component_ref idref="oc-18b"/>
      </symbol>
      <symbol id="sm-603">
         <name>GPIOIntDisable</name>
         <value>0x301d</value>
         <object_component_ref idref="oc-20e"/>
      </symbol>
      <symbol id="sm-604">
         <name>GPIOIntEnable</name>
         <value>0x307b</value>
         <object_component_ref idref="oc-202"/>
      </symbol>
      <symbol id="sm-605">
         <name>GPIOIntTypeSet</name>
         <value>0x29f5</value>
         <object_component_ref idref="oc-1f6"/>
      </symbol>
      <symbol id="sm-606">
         <name>GPIOPinTypeGPIOInput</name>
         <value>0x2f91</value>
         <object_component_ref idref="oc-1ea"/>
      </symbol>
      <symbol id="sm-607">
         <name>GPIOIntClear</name>
         <value>0x311d</value>
         <object_component_ref idref="oc-208"/>
      </symbol>
      <symbol id="sm-608">
         <name>GPIOPinTypeUART</name>
         <value>0x2fc7</value>
         <object_component_ref idref="oc-255"/>
      </symbol>
      <symbol id="sm-609">
         <name>GPIOPinTypeGPIOOutput</name>
         <value>0x2ee1</value>
         <object_component_ref idref="oc-1de"/>
      </symbol>
      <symbol id="sm-60a">
         <name>GPIOPinRead</name>
         <value>0x3123</value>
         <object_component_ref idref="oc-217"/>
      </symbol>
      <symbol id="sm-60b">
         <name>GPIODirModeSet</name>
         <value>0x2e23</value>
         <object_component_ref idref="oc-305"/>
      </symbol>
      <symbol id="sm-60c">
         <name>GPIOPinTypeQEI</name>
         <value>0x2fb5</value>
         <object_component_ref idref="oc-1af"/>
      </symbol>
      <symbol id="sm-60d">
         <name>GPIOPinWrite</name>
         <value>0x3129</value>
         <object_component_ref idref="oc-1e4"/>
      </symbol>
      <symbol id="sm-60e">
         <name>GPIOPadConfigSet</name>
         <value>0x21eb</value>
         <object_component_ref idref="oc-1f0"/>
      </symbol>
      <symbol id="sm-61a">
         <name>FPUEnable</name>
         <value>0x2fed</value>
         <object_component_ref idref="oc-cf"/>
      </symbol>
      <symbol id="sm-63c">
         <name>CPUbasepriGet</name>
         <value>0x30b7</value>
         <object_component_ref idref="oc-298"/>
      </symbol>
      <symbol id="sm-63d">
         <name>CPUbasepriSet</name>
         <value>0x3117</value>
         <object_component_ref idref="oc-292"/>
      </symbol>
      <symbol id="sm-63e">
         <name>CPUcpsie</name>
         <value>0x306f</value>
         <object_component_ref idref="oc-280"/>
      </symbol>
      <symbol id="sm-63f">
         <name>CPUcpsid</name>
         <value>0x3063</value>
         <object_component_ref idref="oc-286"/>
      </symbol>
      <symbol id="sm-651">
         <name>_c_int00</name>
         <value>0x2a4d</value>
         <object_component_ref idref="oc-24"/>
      </symbol>
      <symbol id="sm-652">
         <name>__stack</name>
         <value>0x2000026c</value>
         <object_component_ref idref="oc-29"/>
      </symbol>
      <symbol id="sm-669">
         <name>__TI_decompress_none</name>
         <value>0x3055</value>
         <object_component_ref idref="oc-12"/>
      </symbol>
      <symbol id="sm-68c">
         <name>__TI_decompress_rle24</name>
         <value>0x3141</value>
         <object_component_ref idref="oc-18"/>
      </symbol>
      <symbol id="sm-69e">
         <name>__TI_zero_init</name>
         <value>0x309f</value>
         <object_component_ref idref="oc-1e"/>
      </symbol>
      <symbol id="sm-6bd">
         <name>C$$EXIT</name>
         <value>0x2bc9</value>
         <object_component_ref idref="oc-6a"/>
      </symbol>
      <symbol id="sm-6be">
         <name>abort</name>
         <value>0x2bcd</value>
         <object_component_ref idref="oc-6a"/>
      </symbol>
      <symbol id="sm-6bf">
         <name>exit</name>
         <value>0x2bd5</value>
         <object_component_ref idref="oc-6a"/>
      </symbol>
      <symbol id="sm-6c0">
         <name>__TI_dtors_ptr</name>
         <value>0x20000504</value>
         <object_component_ref idref="oc-a8"/>
      </symbol>
      <symbol id="sm-6c1">
         <name>__TI_cleanup_ptr</name>
         <value>0x20000500</value>
         <object_component_ref idref="oc-a8"/>
      </symbol>
      <symbol id="sm-6e5">
         <name>__aeabi_dsub</name>
         <value>0x1c09</value>
         <object_component_ref idref="oc-2bf"/>
      </symbol>
      <symbol id="sm-6e6">
         <name>__aeabi_dadd</name>
         <value>0x1c13</value>
         <object_component_ref idref="oc-2bf"/>
      </symbol>
      <symbol id="sm-706">
         <name>__aeabi_ddiv</name>
         <value>0x20b5</value>
         <object_component_ref idref="oc-15d"/>
      </symbol>
      <symbol id="sm-71d">
         <name>__aeabi_dmul</name>
         <value>0x2561</value>
         <object_component_ref idref="oc-1d9"/>
      </symbol>
      <symbol id="sm-729">
         <name>__aeabi_d2f</name>
         <value>0x2b35</value>
         <object_component_ref idref="oc-170"/>
      </symbol>
      <symbol id="sm-736">
         <name>__aeabi_d2uiz</name>
         <value>0x2c0d</value>
         <object_component_ref idref="oc-162"/>
      </symbol>
      <symbol id="sm-744">
         <name>__aeabi_f2d</name>
         <value>0x2d55</value>
         <object_component_ref idref="oc-1d4"/>
      </symbol>
      <symbol id="sm-750">
         <name>__aeabi_i2d</name>
         <value>0x2df5</value>
         <object_component_ref idref="oc-2ba"/>
      </symbol>
      <symbol id="sm-76b">
         <name>memcpy</name>
         <value>0x274d</value>
         <object_component_ref idref="oc-33"/>
      </symbol>
      <symbol id="sm-76c">
         <name>__aeabi_memcpy</name>
         <value>0x274d</value>
         <object_component_ref idref="oc-33"/>
      </symbol>
      <symbol id="sm-76d">
         <name>__aeabi_memcpy8</name>
         <value>0x274d</value>
         <object_component_ref idref="oc-33"/>
      </symbol>
      <symbol id="sm-76e">
         <name>__aeabi_memcpy4</name>
         <value>0x274d</value>
         <object_component_ref idref="oc-33"/>
      </symbol>
      <symbol id="sm-77d">
         <name>__aeabi_memset</name>
         <value>0x27eb</value>
         <object_component_ref idref="oc-4c"/>
      </symbol>
      <symbol id="sm-77e">
         <name>memset</name>
         <value>0x27f1</value>
         <object_component_ref idref="oc-4c"/>
      </symbol>
      <symbol id="sm-77f">
         <name>__aeabi_memset8</name>
         <value>0x27eb</value>
         <object_component_ref idref="oc-4c"/>
      </symbol>
      <symbol id="sm-780">
         <name>__aeabi_memset4</name>
         <value>0x27eb</value>
         <object_component_ref idref="oc-4c"/>
      </symbol>
      <symbol id="sm-781">
         <name>__aeabi_memclr8</name>
         <value>0x27e9</value>
         <object_component_ref idref="oc-4c"/>
      </symbol>
      <symbol id="sm-782">
         <name>__aeabi_memclr4</name>
         <value>0x27e9</value>
         <object_component_ref idref="oc-4c"/>
      </symbol>
      <symbol id="sm-783">
         <name>__aeabi_memclr</name>
         <value>0x27e9</value>
         <object_component_ref idref="oc-4c"/>
      </symbol>
      <symbol id="sm-78d">
         <name>_system_pre_init</name>
         <value>0x3157</value>
         <object_component_ref idref="oc-58"/>
      </symbol>
      <symbol id="sm-795">
         <name>main_func_sp</name>
         <value>0x20000510</value>
         <object_component_ref idref="oc-70"/>
      </symbol>
      <symbol id="sm-7a3">
         <name>strlen</name>
         <value>0x2f7d</value>
         <object_component_ref idref="oc-231"/>
      </symbol>
      <symbol id="sm-7b6">
         <name>__aeabi_uidivmod</name>
         <value>0x2c51</value>
         <object_component_ref idref="oc-279"/>
      </symbol>
      <symbol id="sm-7b7">
         <name>__aeabi_uidiv</name>
         <value>0x2c51</value>
         <object_component_ref idref="oc-279"/>
      </symbol>
      <symbol id="sm-7c3">
         <name>__aeabi_ui2d</name>
         <value>0x2e6f</value>
         <object_component_ref idref="oc-158"/>
      </symbol>
      <symbol id="sm-7dc">
         <name>_nop</name>
         <value>0x2f77</value>
         <object_component_ref idref="oc-fb"/>
      </symbol>
      <symbol id="sm-7dd">
         <name>_lock</name>
         <value>0x200004f8</value>
         <object_component_ref idref="oc-a5"/>
      </symbol>
      <symbol id="sm-7de">
         <name>_unlock</name>
         <value>0x200004fc</value>
         <object_component_ref idref="oc-a5"/>
      </symbol>
      <symbol id="sm-7df">
         <name>_register_lock</name>
         <value>0x2f6f</value>
         <object_component_ref idref="oc-fb"/>
      </symbol>
      <symbol id="sm-7e0">
         <name>_register_unlock</name>
         <value>0x2f69</value>
         <object_component_ref idref="oc-fb"/>
      </symbol>
      <symbol id="sm-7f5">
         <name>_args_main</name>
         <value>0x2f29</value>
         <object_component_ref idref="oc-64"/>
      </symbol>
      <symbol id="sm-81b">
         <name>__TI_auto_init</name>
         <value>0x2865</value>
         <object_component_ref idref="oc-5e"/>
      </symbol>
      <symbol id="sm-835">
         <name>copy_in</name>
         <value>0x2ae9</value>
         <object_component_ref idref="oc-95"/>
      </symbol>
      <symbol id="sm-836">
         <name>__TI_static_base__</name>
         <value>0x0</value>
      </symbol>
      <symbol id="sm-839">
         <name>SHT$$INIT_ARRAY$$Limit</name>
         <value>0x0</value>
      </symbol>
      <symbol id="sm-83a">
         <name>SHT$$INIT_ARRAY$$Base</name>
         <value>0x0</value>
      </symbol>
   </symbol_table>
   <title>Link successful</title>
</link_info>
