<?xml version="1.0"?>
<link_info>
   <banner>TI ARM Linker PC v5.2.2</banner>
   <copyright>Copyright (c) 1996-2015 Texas Instruments Incorporated</copyright>
   <link_time>0x557450c3</link_time>
   <link_errors>0x0</link_errors>
   <output_file>EMouse.out</output_file>
   <entry_point>
      <name>_c_int00</name>
      <address>0x2835</address>
   </entry_point>
   <input_file_list>
      <input_file id="fl-2">
         <path>.\</path>
         <kind>object</kind>
         <file>EMouse.obj</file>
         <name>EMouse.obj</name>
      </input_file>
      <input_file id="fl-3">
         <path>.\</path>
         <kind>object</kind>
         <file>InfSen.obj</file>
         <name>InfSen.obj</name>
      </input_file>
      <input_file id="fl-4">
         <path>.\</path>
         <kind>object</kind>
         <file>Motor.obj</file>
         <name>Motor.obj</name>
      </input_file>
      <input_file id="fl-5">
         <path>.\</path>
         <kind>object</kind>
         <file>NEC.obj</file>
         <name>NEC.obj</name>
      </input_file>
      <input_file id="fl-6">
         <path>.\</path>
         <kind>object</kind>
         <file>PID.obj</file>
         <name>PID.obj</name>
      </input_file>
      <input_file id="fl-7">
         <path>.\</path>
         <kind>object</kind>
         <file>Seg.obj</file>
         <name>Seg.obj</name>
      </input_file>
      <input_file id="fl-8">
         <path>.\</path>
         <kind>object</kind>
         <file>UART0.obj</file>
         <name>UART0.obj</name>
      </input_file>
      <input_file id="fl-9">
         <path>.\</path>
         <kind>object</kind>
         <file>interrupt.obj</file>
         <name>interrupt.obj</name>
      </input_file>
      <input_file id="fl-a">
         <path>.\</path>
         <kind>object</kind>
         <file>tm4c123gh6pm_startup_ccs.obj</file>
         <name>tm4c123gh6pm_startup_ccs.obj</name>
      </input_file>
      <input_file id="fl-b">
         <path>.\</path>
         <kind>object</kind>
         <file>uartstdio.obj</file>
         <name>uartstdio.obj</name>
      </input_file>
      <input_file id="fl-11">
         <path>D:\Cygwin64\home\HuangKan\TivaWare\driverlib\ccs\Debug\</path>
         <kind>archive</kind>
         <file>driverlib.lib</file>
         <name>uart.obj</name>
      </input_file>
      <input_file id="fl-12">
         <path>D:\Cygwin64\home\HuangKan\TivaWare\driverlib\ccs\Debug\</path>
         <kind>archive</kind>
         <file>driverlib.lib</file>
         <name>timer.obj</name>
      </input_file>
      <input_file id="fl-13">
         <path>D:\Cygwin64\home\HuangKan\TivaWare\driverlib\ccs\Debug\</path>
         <kind>archive</kind>
         <file>driverlib.lib</file>
         <name>sysctl.obj</name>
      </input_file>
      <input_file id="fl-14">
         <path>D:\Cygwin64\home\HuangKan\TivaWare\driverlib\ccs\Debug\</path>
         <kind>archive</kind>
         <file>driverlib.lib</file>
         <name>qei.obj</name>
      </input_file>
      <input_file id="fl-15">
         <path>D:\Cygwin64\home\HuangKan\TivaWare\driverlib\ccs\Debug\</path>
         <kind>archive</kind>
         <file>driverlib.lib</file>
         <name>pwm.obj</name>
      </input_file>
      <input_file id="fl-16">
         <path>D:\Cygwin64\home\HuangKan\TivaWare\driverlib\ccs\Debug\</path>
         <kind>archive</kind>
         <file>driverlib.lib</file>
         <name>gpio.obj</name>
      </input_file>
      <input_file id="fl-17">
         <path>D:\Cygwin64\home\HuangKan\TivaWare\driverlib\ccs\Debug\</path>
         <kind>archive</kind>
         <file>driverlib.lib</file>
         <name>fpu.obj</name>
      </input_file>
      <input_file id="fl-18">
         <path>D:\Cygwin64\home\HuangKan\TivaWare\driverlib\ccs\Debug\</path>
         <kind>archive</kind>
         <file>driverlib.lib</file>
         <name>cpu.obj</name>
      </input_file>
      <input_file id="fl-13a">
         <path>D:\Program Files (x86)\ti\ccsv6\tools\compiler\ti-cgt-arm_5.2.2\lib\</path>
         <kind>archive</kind>
         <file>rtsv7M4_T_le_v4SPD16_eabi.lib</file>
         <name>boot.obj</name>
      </input_file>
      <input_file id="fl-13b">
         <path>D:\Program Files (x86)\ti\ccsv6\tools\compiler\ti-cgt-arm_5.2.2\lib\</path>
         <kind>archive</kind>
         <file>rtsv7M4_T_le_v4SPD16_eabi.lib</file>
         <name>copy_decompress_none.obj</name>
      </input_file>
      <input_file id="fl-13c">
         <path>D:\Program Files (x86)\ti\ccsv6\tools\compiler\ti-cgt-arm_5.2.2\lib\</path>
         <kind>archive</kind>
         <file>rtsv7M4_T_le_v4SPD16_eabi.lib</file>
         <name>copy_decompress_rle.obj</name>
      </input_file>
      <input_file id="fl-13d">
         <path>D:\Program Files (x86)\ti\ccsv6\tools\compiler\ti-cgt-arm_5.2.2\lib\</path>
         <kind>archive</kind>
         <file>rtsv7M4_T_le_v4SPD16_eabi.lib</file>
         <name>copy_zero_init.obj</name>
      </input_file>
      <input_file id="fl-13e">
         <path>D:\Program Files (x86)\ti\ccsv6\tools\compiler\ti-cgt-arm_5.2.2\lib\</path>
         <kind>archive</kind>
         <file>rtsv7M4_T_le_v4SPD16_eabi.lib</file>
         <name>exit.obj</name>
      </input_file>
      <input_file id="fl-13f">
         <path>D:\Program Files (x86)\ti\ccsv6\tools\compiler\ti-cgt-arm_5.2.2\lib\</path>
         <kind>archive</kind>
         <file>rtsv7M4_T_le_v4SPD16_eabi.lib</file>
         <name>fd_add_t2.obj</name>
      </input_file>
      <input_file id="fl-140">
         <path>D:\Program Files (x86)\ti\ccsv6\tools\compiler\ti-cgt-arm_5.2.2\lib\</path>
         <kind>archive</kind>
         <file>rtsv7M4_T_le_v4SPD16_eabi.lib</file>
         <name>fd_div_t2.obj</name>
      </input_file>
      <input_file id="fl-141">
         <path>D:\Program Files (x86)\ti\ccsv6\tools\compiler\ti-cgt-arm_5.2.2\lib\</path>
         <kind>archive</kind>
         <file>rtsv7M4_T_le_v4SPD16_eabi.lib</file>
         <name>fd_tos_t2.obj</name>
      </input_file>
      <input_file id="fl-142">
         <path>D:\Program Files (x86)\ti\ccsv6\tools\compiler\ti-cgt-arm_5.2.2\lib\</path>
         <kind>archive</kind>
         <file>rtsv7M4_T_le_v4SPD16_eabi.lib</file>
         <name>fs_tod_t2.obj</name>
      </input_file>
      <input_file id="fl-143">
         <path>D:\Program Files (x86)\ti\ccsv6\tools\compiler\ti-cgt-arm_5.2.2\lib\</path>
         <kind>archive</kind>
         <file>rtsv7M4_T_le_v4SPD16_eabi.lib</file>
         <name>memcpy_t2.obj</name>
      </input_file>
      <input_file id="fl-144">
         <path>D:\Program Files (x86)\ti\ccsv6\tools\compiler\ti-cgt-arm_5.2.2\lib\</path>
         <kind>archive</kind>
         <file>rtsv7M4_T_le_v4SPD16_eabi.lib</file>
         <name>memset_t2.obj</name>
      </input_file>
      <input_file id="fl-145">
         <path>D:\Program Files (x86)\ti\ccsv6\tools\compiler\ti-cgt-arm_5.2.2\lib\</path>
         <kind>archive</kind>
         <file>rtsv7M4_T_le_v4SPD16_eabi.lib</file>
         <name>pre_init.obj</name>
      </input_file>
      <input_file id="fl-146">
         <path>D:\Program Files (x86)\ti\ccsv6\tools\compiler\ti-cgt-arm_5.2.2\lib\</path>
         <kind>archive</kind>
         <file>rtsv7M4_T_le_v4SPD16_eabi.lib</file>
         <name>stkdepth_vars.obj</name>
      </input_file>
      <input_file id="fl-147">
         <path>D:\Program Files (x86)\ti\ccsv6\tools\compiler\ti-cgt-arm_5.2.2\lib\</path>
         <kind>archive</kind>
         <file>rtsv7M4_T_le_v4SPD16_eabi.lib</file>
         <name>strlen.obj</name>
      </input_file>
      <input_file id="fl-148">
         <path>D:\Program Files (x86)\ti\ccsv6\tools\compiler\ti-cgt-arm_5.2.2\lib\</path>
         <kind>archive</kind>
         <file>rtsv7M4_T_le_v4SPD16_eabi.lib</file>
         <name>u_divt2.obj</name>
      </input_file>
      <input_file id="fl-149">
         <path>D:\Program Files (x86)\ti\ccsv6\tools\compiler\ti-cgt-arm_5.2.2\lib\</path>
         <kind>archive</kind>
         <file>rtsv7M4_T_le_v4SPD16_eabi.lib</file>
         <name>u_tofd_t2.obj</name>
      </input_file>
      <input_file id="fl-14a">
         <path>D:\Program Files (x86)\ti\ccsv6\tools\compiler\ti-cgt-arm_5.2.2\lib\</path>
         <kind>archive</kind>
         <file>rtsv7M4_T_le_v4SPD16_eabi.lib</file>
         <name>_lock.obj</name>
      </input_file>
      <input_file id="fl-14b">
         <path>D:\Program Files (x86)\ti\ccsv6\tools\compiler\ti-cgt-arm_5.2.2\lib\</path>
         <kind>archive</kind>
         <file>rtsv7M4_T_le_v4SPD16_eabi.lib</file>
         <name>args_main.obj</name>
      </input_file>
      <input_file id="fl-14c">
         <path>D:\Program Files (x86)\ti\ccsv6\tools\compiler\ti-cgt-arm_5.2.2\lib\</path>
         <kind>archive</kind>
         <file>rtsv7M4_T_le_v4SPD16_eabi.lib</file>
         <name>autoinit.obj</name>
      </input_file>
      <input_file id="fl-14d">
         <path>D:\Program Files (x86)\ti\ccsv6\tools\compiler\ti-cgt-arm_5.2.2\lib\</path>
         <kind>archive</kind>
         <file>rtsv7M4_T_le_v4SPD16_eabi.lib</file>
         <name>cpy_tbl.obj</name>
      </input_file>
   </input_file_list>
   <object_component_list>
      <object_component id="oc-f">
         <name>.intvecs</name>
         <load_address>0x0</load_address>
         <run_address>0x0</run_address>
         <size>0x26c</size>
         <input_file_ref idref="fl-a"/>
      </object_component>
      <object_component id="oc-ee">
         <name>.text</name>
         <load_address>0x26c</load_address>
         <run_address>0x26c</run_address>
         <size>0x79c</size>
         <input_file_ref idref="fl-5"/>
      </object_component>
      <object_component id="oc-100">
         <name>.text</name>
         <load_address>0xa08</load_address>
         <run_address>0xa08</run_address>
         <size>0x560</size>
         <input_file_ref idref="fl-6"/>
      </object_component>
      <object_component id="oc-cf">
         <name>.text</name>
         <load_address>0xf68</load_address>
         <run_address>0xf68</run_address>
         <size>0x49c</size>
         <input_file_ref idref="fl-b"/>
      </object_component>
      <object_component id="oc-106">
         <name>.text</name>
         <load_address>0x1404</load_address>
         <run_address>0x1404</run_address>
         <size>0x3c0</size>
         <input_file_ref idref="fl-9"/>
      </object_component>
      <object_component id="oc-e8">
         <name>.text</name>
         <load_address>0x17c4</load_address>
         <run_address>0x17c4</run_address>
         <size>0x30c</size>
         <input_file_ref idref="fl-4"/>
      </object_component>
      <object_component id="oc-1d1">
         <name>.text</name>
         <load_address>0x1ad0</load_address>
         <run_address>0x1ad0</run_address>
         <size>0x1b6</size>
         <input_file_ref idref="fl-13f"/>
      </object_component>
      <object_component id="oc-fa">
         <name>.text</name>
         <load_address>0x1c88</load_address>
         <run_address>0x1c88</run_address>
         <size>0x18c</size>
         <input_file_ref idref="fl-8"/>
      </object_component>
      <object_component id="oc-f4">
         <name>.text</name>
         <load_address>0x1e14</load_address>
         <run_address>0x1e14</run_address>
         <size>0x168</size>
         <input_file_ref idref="fl-3"/>
      </object_component>
      <object_component id="oc-295">
         <name>.text</name>
         <load_address>0x1f7c</load_address>
         <run_address>0x1f7c</run_address>
         <size>0x136</size>
         <input_file_ref idref="fl-140"/>
      </object_component>
      <object_component id="oc-1e1">
         <name>.text:GPIOPadConfigSet</name>
         <load_address>0x20b2</load_address>
         <run_address>0x20b2</run_address>
         <size>0x130</size>
         <input_file_ref idref="fl-16"/>
      </object_component>
      <object_component id="oc-d5">
         <name>.text:SysCtlClockGet</name>
         <load_address>0x21e4</load_address>
         <run_address>0x21e4</run_address>
         <size>0x118</size>
         <input_file_ref idref="fl-13"/>
      </object_component>
      <object_component id="oc-dc">
         <name>.text:SysCtlClockSet</name>
         <load_address>0x22fc</load_address>
         <run_address>0x22fc</run_address>
         <size>0xf0</size>
         <input_file_ref idref="fl-13"/>
      </object_component>
      <object_component id="oc-c3">
         <name>.text</name>
         <load_address>0x23ec</load_address>
         <run_address>0x23ec</run_address>
         <size>0xe0</size>
         <input_file_ref idref="fl-7"/>
      </object_component>
      <object_component id="oc-9d">
         <name>.text</name>
         <load_address>0x24cc</load_address>
         <run_address>0x24cc</run_address>
         <size>0xc4</size>
         <input_file_ref idref="fl-2"/>
      </object_component>
      <object_component id="oc-33">
         <name>.text</name>
         <load_address>0x2590</load_address>
         <run_address>0x2590</run_address>
         <size>0x9c</size>
         <input_file_ref idref="fl-143"/>
      </object_component>
      <object_component id="oc-4c">
         <name>.text</name>
         <load_address>0x262c</load_address>
         <run_address>0x262c</run_address>
         <size>0x7a</size>
         <input_file_ref idref="fl-144"/>
      </object_component>
      <object_component id="oc-5e">
         <name>.text</name>
         <load_address>0x26a8</load_address>
         <run_address>0x26a8</run_address>
         <size>0x6c</size>
         <input_file_ref idref="fl-14c"/>
      </object_component>
      <object_component id="oc-3f">
         <name>.text</name>
         <load_address>0x2714</load_address>
         <run_address>0x2714</run_address>
         <size>0x6a</size>
         <input_file_ref idref="fl-13c"/>
      </object_component>
      <object_component id="oc-1f9">
         <name>.text:TimerConfigure</name>
         <load_address>0x2780</load_address>
         <run_address>0x2780</run_address>
         <size>0x5c</size>
         <input_file_ref idref="fl-12"/>
      </object_component>
      <object_component id="oc-1e7">
         <name>.text:GPIOIntTypeSet</name>
         <load_address>0x27dc</load_address>
         <run_address>0x27dc</run_address>
         <size>0x56</size>
         <input_file_ref idref="fl-16"/>
      </object_component>
      <object_component id="oc-24">
         <name>.text</name>
         <load_address>0x2834</load_address>
         <run_address>0x2834</run_address>
         <size>0x50</size>
         <input_file_ref idref="fl-13a"/>
      </object_component>
      <object_component id="oc-319">
         <name>.text:_TimerIntNumberGet</name>
         <load_address>0x2884</load_address>
         <run_address>0x2884</run_address>
         <size>0x4c</size>
         <input_file_ref idref="fl-12"/>
      </object_component>
      <object_component id="oc-95">
         <name>.text</name>
         <load_address>0x28d0</load_address>
         <run_address>0x28d0</run_address>
         <size>0x4c</size>
         <input_file_ref idref="fl-14d"/>
      </object_component>
      <object_component id="oc-1d6">
         <name>.text</name>
         <load_address>0x291c</load_address>
         <run_address>0x291c</run_address>
         <size>0x4a</size>
         <input_file_ref idref="fl-141"/>
      </object_component>
      <object_component id="oc-186">
         <name>.text:GPIOPinConfigure</name>
         <load_address>0x2968</load_address>
         <run_address>0x2968</run_address>
         <size>0x48</size>
         <input_file_ref idref="fl-16"/>
      </object_component>
      <object_component id="oc-6a">
         <name>.text</name>
         <load_address>0x29b0</load_address>
         <run_address>0x29b0</run_address>
         <size>0x44</size>
         <input_file_ref idref="fl-13e"/>
      </object_component>
      <object_component id="oc-16d">
         <name>.text</name>
         <load_address>0x29f4</load_address>
         <run_address>0x29f4</run_address>
         <size>0x42</size>
         <input_file_ref idref="fl-148"/>
      </object_component>
      <object_component id="oc-14f">
         <name>.text:UARTConfigSetExpClk</name>
         <load_address>0x2a36</load_address>
         <run_address>0x2a36</run_address>
         <size>0x40</size>
         <input_file_ref idref="fl-11"/>
      </object_component>
      <object_component id="oc-30c">
         <name>.text:_GPIOIntNumberGet</name>
         <load_address>0x2a78</load_address>
         <run_address>0x2a78</run_address>
         <size>0x40</size>
         <input_file_ref idref="fl-16"/>
      </object_component>
      <object_component id="oc-334">
         <name>.text:_UARTIntNumberGet</name>
         <load_address>0x2ab8</load_address>
         <run_address>0x2ab8</run_address>
         <size>0x40</size>
         <input_file_ref idref="fl-11"/>
      </object_component>
      <object_component id="oc-1cc">
         <name>.text</name>
         <load_address>0x2af8</load_address>
         <run_address>0x2af8</run_address>
         <size>0x38</size>
         <input_file_ref idref="fl-142"/>
      </object_component>
      <object_component id="oc-12c">
         <name>.text:SysCtlPeripheralEnable</name>
         <load_address>0x2b30</load_address>
         <run_address>0x2b30</run_address>
         <size>0x34</size>
         <input_file_ref idref="fl-13"/>
      </object_component>
      <object_component id="oc-149">
         <name>.text:SysCtlPeripheralPresent</name>
         <load_address>0x2b64</load_address>
         <run_address>0x2b64</run_address>
         <size>0x34</size>
         <input_file_ref idref="fl-13"/>
      </object_component>
      <object_component id="oc-2c4">
         <name>.text:GPIODirModeSet</name>
         <load_address>0x2b98</load_address>
         <run_address>0x2b98</run_address>
         <size>0x2a</size>
         <input_file_ref idref="fl-16"/>
      </object_component>
      <object_component id="oc-192">
         <name>.text:PWMGenConfigure</name>
         <load_address>0x2bc2</load_address>
         <run_address>0x2bc2</run_address>
         <size>0x22</size>
         <input_file_ref idref="fl-15"/>
      </object_component>
      <object_component id="oc-290">
         <name>.text</name>
         <load_address>0x2be4</load_address>
         <run_address>0x2be4</run_address>
         <size>0x20</size>
         <input_file_ref idref="fl-149"/>
      </object_component>
      <object_component id="oc-19e">
         <name>.text:PWMPulseWidthSet</name>
         <load_address>0x2c04</load_address>
         <run_address>0x2c04</run_address>
         <size>0x1e</size>
         <input_file_ref idref="fl-15"/>
      </object_component>
      <object_component id="oc-2d8">
         <name>.text:UARTDisable</name>
         <load_address>0x2c24</load_address>
         <run_address>0x2c24</run_address>
         <size>0x1c</size>
         <input_file_ref idref="fl-11"/>
      </object_component>
      <object_component id="oc-1ed">
         <name>.text:GPIOIntRegister</name>
         <load_address>0x2c40</load_address>
         <run_address>0x2c40</run_address>
         <size>0x18</size>
         <input_file_ref idref="fl-16"/>
      </object_component>
      <object_component id="oc-132">
         <name>.text:GPIOPinTypeGPIOOutput</name>
         <load_address>0x2c58</load_address>
         <run_address>0x2c58</run_address>
         <size>0x18</size>
         <input_file_ref idref="fl-16"/>
      </object_component>
      <object_component id="oc-211">
         <name>.text:TimerIntRegister</name>
         <load_address>0x2c70</load_address>
         <run_address>0x2c70</run_address>
         <size>0x18</size>
         <input_file_ref idref="fl-12"/>
      </object_component>
      <object_component id="oc-27c">
         <name>.text:UARTIntRegister</name>
         <load_address>0x2c88</load_address>
         <run_address>0x2c88</run_address>
         <size>0x18</size>
         <input_file_ref idref="fl-11"/>
      </object_component>
      <object_component id="oc-64">
         <name>.text</name>
         <load_address>0x2ca0</load_address>
         <run_address>0x2ca0</run_address>
         <size>0x18</size>
         <input_file_ref idref="fl-14b"/>
      </object_component>
      <object_component id="oc-180">
         <name>.text:SysCtlPWMClockSet</name>
         <load_address>0x2cb8</load_address>
         <run_address>0x2cb8</run_address>
         <size>0x14</size>
         <input_file_ref idref="fl-13"/>
      </object_component>
      <object_component id="oc-155">
         <name>.text:UARTEnable</name>
         <load_address>0x2ccc</load_address>
         <run_address>0x2ccc</run_address>
         <size>0x14</size>
         <input_file_ref idref="fl-11"/>
      </object_component>
      <object_component id="oc-117">
         <name>.text</name>
         <load_address>0x2ce0</load_address>
         <run_address>0x2ce0</run_address>
         <size>0x14</size>
         <input_file_ref idref="fl-14a"/>
      </object_component>
      <object_component id="oc-24c">
         <name>.text</name>
         <load_address>0x2cf4</load_address>
         <run_address>0x2cf4</run_address>
         <size>0x14</size>
         <input_file_ref idref="fl-147"/>
      </object_component>
      <object_component id="oc-1db">
         <name>.text:GPIOPinTypeGPIOInput</name>
         <load_address>0x2d08</load_address>
         <run_address>0x2d08</run_address>
         <size>0x12</size>
         <input_file_ref idref="fl-16"/>
      </object_component>
      <object_component id="oc-18c">
         <name>.text:GPIOPinTypePWM</name>
         <load_address>0x2d1a</load_address>
         <run_address>0x2d1a</run_address>
         <size>0x12</size>
         <input_file_ref idref="fl-16"/>
      </object_component>
      <object_component id="oc-1aa">
         <name>.text:GPIOPinTypeQEI</name>
         <load_address>0x2d2c</load_address>
         <run_address>0x2d2c</run_address>
         <size>0x12</size>
         <input_file_ref idref="fl-16"/>
      </object_component>
      <object_component id="oc-26a">
         <name>.text:GPIOPinTypeUART</name>
         <load_address>0x2d3e</load_address>
         <run_address>0x2d3e</run_address>
         <size>0x12</size>
         <input_file_ref idref="fl-16"/>
      </object_component>
      <object_component id="oc-205">
         <name>.text:TimerLoadSet</name>
         <load_address>0x2d50</load_address>
         <run_address>0x2d50</run_address>
         <size>0x12</size>
         <input_file_ref idref="fl-12"/>
      </object_component>
      <object_component id="oc-e2">
         <name>.text:FPUEnable</name>
         <load_address>0x2d64</load_address>
         <run_address>0x2d64</run_address>
         <size>0x10</size>
         <input_file_ref idref="fl-17"/>
      </object_component>
      <object_component id="oc-198">
         <name>.text:PWMGenPeriodSet</name>
         <load_address>0x2d74</load_address>
         <run_address>0x2d74</run_address>
         <size>0x10</size>
         <input_file_ref idref="fl-15"/>
      </object_component>
      <object_component id="oc-1b6">
         <name>.text:QEIVelocityConfigure</name>
         <load_address>0x2d84</load_address>
         <run_address>0x2d84</run_address>
         <size>0x10</size>
         <input_file_ref idref="fl-14"/>
      </object_component>
      <object_component id="oc-229">
         <name>.text:GPIOIntDisable</name>
         <load_address>0x2d94</load_address>
         <run_address>0x2d94</run_address>
         <size>0xe</size>
         <input_file_ref idref="fl-16"/>
      </object_component>
      <object_component id="oc-1b0">
         <name>.text:QEIConfigure</name>
         <load_address>0x2da2</load_address>
         <run_address>0x2da2</run_address>
         <size>0xe</size>
         <input_file_ref idref="fl-14"/>
      </object_component>
      <object_component id="oc-21d">
         <name>.text:TimerEnable</name>
         <load_address>0x2db0</load_address>
         <run_address>0x2db0</run_address>
         <size>0xe</size>
         <input_file_ref idref="fl-12"/>
      </object_component>
      <object_component id="oc-25e">
         <name>.text:UARTCharGetNonBlocking</name>
         <load_address>0x2dbe</load_address>
         <run_address>0x2dbe</run_address>
         <size>0xe</size>
         <input_file_ref idref="fl-11"/>
      </object_component>
      <object_component id="oc-12">
         <name>.text:decompress:none</name>
         <load_address>0x2dcc</load_address>
         <run_address>0x2dcc</run_address>
         <size>0xe</size>
         <input_file_ref idref="fl-13b"/>
      </object_component>
      <object_component id="oc-2a1">
         <name>.text:CPUcpsid</name>
         <load_address>0x2dda</load_address>
         <run_address>0x2dda</run_address>
         <size>0xc</size>
         <input_file_ref idref="fl-18"/>
      </object_component>
      <object_component id="oc-29b">
         <name>.text:CPUcpsie</name>
         <load_address>0x2de6</load_address>
         <run_address>0x2de6</run_address>
         <size>0xc</size>
         <input_file_ref idref="fl-18"/>
      </object_component>
      <object_component id="oc-1f3">
         <name>.text:GPIOIntEnable</name>
         <load_address>0x2df2</load_address>
         <run_address>0x2df2</run_address>
         <size>0xc</size>
         <input_file_ref idref="fl-16"/>
      </object_component>
      <object_component id="oc-1a4">
         <name>.text:PWMGenEnable</name>
         <load_address>0x2dfe</load_address>
         <run_address>0x2dfe</run_address>
         <size>0xc</size>
         <input_file_ref idref="fl-15"/>
      </object_component>
      <object_component id="oc-264">
         <name>.text:UARTCharsAvail</name>
         <load_address>0x2e0a</load_address>
         <run_address>0x2e0a</run_address>
         <size>0xc</size>
         <input_file_ref idref="fl-11"/>
      </object_component>
      <object_component id="oc-1e">
         <name>.text:decompress:ZI</name>
         <load_address>0x2e16</load_address>
         <run_address>0x2e16</run_address>
         <size>0xc</size>
         <input_file_ref idref="fl-13d"/>
      </object_component>
      <object_component id="oc-2a">
         <name>.text</name>
         <load_address>0x2e22</load_address>
         <run_address>0x2e22</run_address>
         <size>0xc</size>
         <input_file_ref idref="fl-a"/>
      </object_component>
      <object_component id="oc-2b3">
         <name>.text:CPUbasepriGet</name>
         <load_address>0x2e2e</load_address>
         <run_address>0x2e2e</run_address>
         <size>0xa</size>
         <input_file_ref idref="fl-18"/>
      </object_component>
      <object_component id="oc-1bc">
         <name>.text:QEIEnable</name>
         <load_address>0x2e38</load_address>
         <run_address>0x2e38</run_address>
         <size>0xa</size>
         <input_file_ref idref="fl-14"/>
      </object_component>
      <object_component id="oc-1c2">
         <name>.text:QEIVelocityEnable</name>
         <load_address>0x2e42</load_address>
         <run_address>0x2e42</run_address>
         <size>0xa</size>
         <input_file_ref idref="fl-14"/>
      </object_component>
      <object_component id="oc-28a">
         <name>.text:TimerIntDisable</name>
         <load_address>0x2e4c</load_address>
         <run_address>0x2e4c</run_address>
         <size>0xa</size>
         <input_file_ref idref="fl-12"/>
      </object_component>
      <object_component id="oc-161">
         <name>.text:UARTCharGet</name>
         <load_address>0x2e56</load_address>
         <run_address>0x2e56</run_address>
         <size>0xa</size>
         <input_file_ref idref="fl-11"/>
      </object_component>
      <object_component id="oc-15b">
         <name>.text:UARTCharPut</name>
         <load_address>0x2e60</load_address>
         <run_address>0x2e60</run_address>
         <size>0xa</size>
         <input_file_ref idref="fl-11"/>
      </object_component>
      <object_component id="oc-276">
         <name>.text:UARTFIFODisable</name>
         <load_address>0x2e6a</load_address>
         <run_address>0x2e6a</run_address>
         <size>0xa</size>
         <input_file_ref idref="fl-11"/>
      </object_component>
      <object_component id="oc-252">
         <name>.text:UARTIntStatus</name>
         <load_address>0x2e74</load_address>
         <run_address>0x2e74</run_address>
         <size>0xa</size>
         <input_file_ref idref="fl-11"/>
      </object_component>
      <object_component id="oc-20b">
         <name>.text:TimerIntEnable</name>
         <load_address>0x2e7e</load_address>
         <run_address>0x2e7e</run_address>
         <size>0x8</size>
         <input_file_ref idref="fl-12"/>
      </object_component>
      <object_component id="oc-282">
         <name>.text:UARTIntEnable</name>
         <load_address>0x2e86</load_address>
         <run_address>0x2e86</run_address>
         <size>0x8</size>
         <input_file_ref idref="fl-11"/>
      </object_component>
      <object_component id="oc-2ad">
         <name>.text:CPUbasepriSet</name>
         <load_address>0x2e8e</load_address>
         <run_address>0x2e8e</run_address>
         <size>0x6</size>
         <input_file_ref idref="fl-18"/>
      </object_component>
      <object_component id="oc-223">
         <name>.text:GPIOIntClear</name>
         <load_address>0x2e94</load_address>
         <run_address>0x2e94</run_address>
         <size>0x6</size>
         <input_file_ref idref="fl-16"/>
      </object_component>
      <object_component id="oc-22f">
         <name>.text:GPIOPinRead</name>
         <load_address>0x2e9a</load_address>
         <run_address>0x2e9a</run_address>
         <size>0x6</size>
         <input_file_ref idref="fl-16"/>
      </object_component>
      <object_component id="oc-138">
         <name>.text:GPIOPinWrite</name>
         <load_address>0x2ea0</load_address>
         <run_address>0x2ea0</run_address>
         <size>0x6</size>
         <input_file_ref idref="fl-16"/>
      </object_component>
      <object_component id="oc-db">
         <name>.text:SysCtlDelay</name>
         <load_address>0x2ea6</load_address>
         <run_address>0x2ea6</run_address>
         <size>0x6</size>
         <input_file_ref idref="fl-13"/>
      </object_component>
      <object_component id="oc-1ff">
         <name>.text:TimerClockSourceSet</name>
         <load_address>0x2eac</load_address>
         <run_address>0x2eac</run_address>
         <size>0x6</size>
         <input_file_ref idref="fl-12"/>
      </object_component>
      <object_component id="oc-270">
         <name>.text:UARTClockSourceSet</name>
         <load_address>0x2eb2</load_address>
         <run_address>0x2eb2</run_address>
         <size>0x6</size>
         <input_file_ref idref="fl-11"/>
      </object_component>
      <object_component id="oc-18">
         <name>.text:decompress:rle24</name>
         <load_address>0x2eb8</load_address>
         <run_address>0x2eb8</run_address>
         <size>0x6</size>
         <input_file_ref idref="fl-13c"/>
      </object_component>
      <object_component id="oc-c9">
         <name>.text:QEIVelocityGet</name>
         <load_address>0x2ebe</load_address>
         <run_address>0x2ebe</run_address>
         <size>0x4</size>
         <input_file_ref idref="fl-14"/>
      </object_component>
      <object_component id="oc-217">
         <name>.text:TimerIntClear</name>
         <load_address>0x2ec2</load_address>
         <run_address>0x2ec2</run_address>
         <size>0x4</size>
         <input_file_ref idref="fl-12"/>
      </object_component>
      <object_component id="oc-258">
         <name>.text:UARTIntClear</name>
         <load_address>0x2ec6</load_address>
         <run_address>0x2ec6</run_address>
         <size>0x4</size>
         <input_file_ref idref="fl-11"/>
      </object_component>
      <object_component id="oc-58">
         <name>.text</name>
         <load_address>0x2eca</load_address>
         <run_address>0x2eca</run_address>
         <size>0x4</size>
         <input_file_ref idref="fl-145"/>
      </object_component>
      <object_component id="oc-359">
         <name>.const:g_ppui32GPIOIntMapBlizzard</name>
         <load_address>0x2ed0</load_address>
         <run_address>0x2ed0</run_address>
         <size>0xc0</size>
         <input_file_ref idref="fl-16"/>
      </object_component>
      <object_component id="oc-35c">
         <name>.const:g_ppui32GPIOIntMapSnowflake</name>
         <load_address>0x2f90</load_address>
         <run_address>0x2f90</run_address>
         <size>0xc0</size>
         <input_file_ref idref="fl-16"/>
      </object_component>
      <object_component id="oc-2b9">
         <name>.const:g_pui32Regs</name>
         <load_address>0x3050</load_address>
         <run_address>0x3050</run_address>
         <size>0x9c</size>
         <input_file_ref idref="fl-9"/>
      </object_component>
      <object_component id="oc-2f5">
         <name>.const:g_pui32GPIOBaseAddrs</name>
         <load_address>0x30ec</load_address>
         <run_address>0x30ec</run_address>
         <size>0x90</size>
         <input_file_ref idref="fl-16"/>
      </object_component>
      <object_component id="oc-2aa">
         <name>.const</name>
         <load_address>0x317c</load_address>
         <run_address>0x317c</run_address>
         <size>0x70</size>
         <input_file_ref idref="fl-9"/>
      </object_component>
      <object_component id="oc-179">
         <name>.const:g_pui32Xtals</name>
         <load_address>0x31ec</load_address>
         <run_address>0x31ec</run_address>
         <size>0x6c</size>
         <input_file_ref idref="fl-13"/>
      </object_component>
      <object_component id="oc-362">
         <name>.const:g_ppui32TimerIntMap</name>
         <load_address>0x3258</load_address>
         <run_address>0x3258</run_address>
         <size>0x60</size>
         <input_file_ref idref="fl-12"/>
      </object_component>
      <object_component id="oc-365">
         <name>.const:g_ppui32TimerIntMapSnowflake</name>
         <load_address>0x32b8</load_address>
         <run_address>0x32b8</run_address>
         <size>0x40</size>
         <input_file_ref idref="fl-12"/>
      </object_component>
      <object_component id="oc-36b">
         <name>.const:g_ppui32UARTIntMap</name>
         <load_address>0x32f8</load_address>
         <run_address>0x32f8</run_address>
         <size>0x40</size>
         <input_file_ref idref="fl-11"/>
      </object_component>
      <object_component id="oc-36e">
         <name>.const:g_ppui32UARTIntMapSnowflake</name>
         <load_address>0x3338</load_address>
         <run_address>0x3338</run_address>
         <size>0x40</size>
         <input_file_ref idref="fl-11"/>
      </object_component>
      <object_component id="oc-167">
         <name>.const</name>
         <load_address>0x3378</load_address>
         <run_address>0x3378</run_address>
         <size>0x1c</size>
         <input_file_ref idref="fl-b"/>
      </object_component>
      <object_component id="oc-2e3">
         <name>.const:.string</name>
         <load_address>0x3394</load_address>
         <run_address>0x3394</run_address>
         <size>0x12</size>
         <input_file_ref idref="fl-b"/>
      </object_component>
      <object_component id="oc-3a2">
         <name>.cinit..data.load</name>
         <load_address>0x33a8</load_address>
         <run_address>0x33a8</run_address>
         <size>0x5d</size>
      </object_component>
      <object_component id="oc-39f">
         <name>__TI_handler_table</name>
         <load_address>0x3408</load_address>
         <run_address>0x3408</run_address>
         <size>0xc</size>
      </object_component>
      <object_component id="oc-3a3">
         <name>.cinit..bss.load</name>
         <load_address>0x3418</load_address>
         <run_address>0x3418</run_address>
         <size>0x8</size>
      </object_component>
      <object_component id="oc-3a1">
         <name>.cinit..vtable.load</name>
         <load_address>0x3420</load_address>
         <run_address>0x3420</run_address>
         <size>0x8</size>
      </object_component>
      <object_component id="oc-3a0">
         <name>__TI_cinit_table</name>
         <load_address>0x3428</load_address>
         <run_address>0x3428</run_address>
         <size>0x18</size>
      </object_component>
      <object_component id="oc-2a7">
         <name>.vtable</name>
         <uninitialized>true</uninitialized>
         <run_address>0x20000000</run_address>
         <size>0x26c</size>
         <input_file_ref idref="fl-9"/>
      </object_component>
      <object_component id="oc-29">
         <name>.stack</name>
         <uninitialized>true</uninitialized>
         <run_address>0x2000026c</run_address>
         <size>0x0</size>
         <input_file_ref idref="fl-13a"/>
      </object_component>
      <object_component id="oc-3a4">
         <name>.stack</name>
         <uninitialized>true</uninitialized>
         <run_address>0x2000026c</run_address>
         <size>0x0</size>
      </object_component>
      <object_component id="oc-23d">
         <name>.common:machineState</name>
         <uninitialized>true</uninitialized>
         <run_address>0x20000510</run_address>
         <size>0x1</size>
      </object_component>
      <object_component id="oc-23c">
         <name>.common:ui64InfraRawCode</name>
         <uninitialized>true</uninitialized>
         <run_address>0x200004f8</run_address>
         <size>0x10</size>
      </object_component>
      <object_component id="oc-23e">
         <name>.common:ui32NECEncoded</name>
         <uninitialized>true</uninitialized>
         <run_address>0x20000508</run_address>
         <size>0x4</size>
      </object_component>
      <object_component id="oc-23a">
         <name>.common:ui32PE0IntEnable</name>
         <uninitialized>true</uninitialized>
         <run_address>0x2000050c</run_address>
         <size>0x4</size>
      </object_component>
      <object_component id="oc-235">
         <name>.common:ui8TransmitEnable</name>
         <uninitialized>true</uninitialized>
         <run_address>0x20000515</run_address>
         <size>0x1</size>
      </object_component>
      <object_component id="oc-23b">
         <name>.common:ui8RawBitCounter</name>
         <uninitialized>true</uninitialized>
         <run_address>0x20000514</run_address>
         <size>0x1</size>
      </object_component>
      <object_component id="oc-244">
         <name>.common:ui8EncodedBitCounter</name>
         <uninitialized>true</uninitialized>
         <run_address>0x20000512</run_address>
         <size>0x1</size>
      </object_component>
      <object_component id="oc-242">
         <name>.common:ui8LeadOnesCounter</name>
         <uninitialized>true</uninitialized>
         <run_address>0x20000513</run_address>
         <size>0x1</size>
      </object_component>
      <object_component id="oc-243">
         <name>.common:ui8CountOnesCounter</name>
         <uninitialized>true</uninitialized>
         <run_address>0x20000511</run_address>
         <size>0x1</size>
      </object_component>
      <object_component id="oc-1c8">
         <name>.data</name>
         <load_address>0x200004ea</load_address>
         <run_address>0x200004ea</run_address>
         <size>0x4</size>
         <input_file_ref idref="fl-4"/>
      </object_component>
      <object_component id="oc-23f">
         <name>.data</name>
         <load_address>0x200004cc</load_address>
         <run_address>0x200004cc</run_address>
         <size>0x8</size>
         <input_file_ref idref="fl-5"/>
      </object_component>
      <object_component id="oc-10c">
         <name>.data</name>
         <load_address>0x2000046c</load_address>
         <run_address>0x2000046c</run_address>
         <size>0x50</size>
         <input_file_ref idref="fl-6"/>
      </object_component>
      <object_component id="oc-13e">
         <name>.data</name>
         <load_address>0x200004bc</load_address>
         <run_address>0x200004bc</run_address>
         <size>0x10</size>
         <input_file_ref idref="fl-7"/>
      </object_component>
      <object_component id="oc-16a">
         <name>.data</name>
         <load_address>0x200004e4</load_address>
         <run_address>0x200004e4</run_address>
         <size>0x5</size>
         <input_file_ref idref="fl-b"/>
      </object_component>
      <object_component id="oc-a8">
         <name>.data</name>
         <load_address>0x200004dc</load_address>
         <run_address>0x200004dc</run_address>
         <size>0x8</size>
         <input_file_ref idref="fl-13e"/>
      </object_component>
      <object_component id="oc-70">
         <name>.data</name>
         <load_address>0x200004f0</load_address>
         <run_address>0x200004f0</run_address>
         <size>0x4</size>
         <input_file_ref idref="fl-146"/>
      </object_component>
      <object_component id="oc-a5">
         <name>.data</name>
         <load_address>0x200004d4</load_address>
         <run_address>0x200004d4</run_address>
         <size>0x8</size>
         <input_file_ref idref="fl-14a"/>
      </object_component>
      <object_component id="oc-236">
         <name>.debug_info</name>
         <load_address>0x0</load_address>
         <run_address>0x0</run_address>
         <size>0x4a4</size>
         <input_file_ref idref="fl-2"/>
      </object_component>
      <object_component id="oc-9e">
         <name>.debug_info</name>
         <load_address>0x4a4</load_address>
         <run_address>0x4a4</run_address>
         <size>0x298</size>
         <input_file_ref idref="fl-2"/>
      </object_component>
      <object_component id="oc-246">
         <name>.debug_info</name>
         <load_address>0x73c</load_address>
         <run_address>0x73c</run_address>
         <size>0x176</size>
         <input_file_ref idref="fl-2"/>
      </object_component>
      <object_component id="oc-b0">
         <name>.debug_info</name>
         <load_address>0x8b2</load_address>
         <run_address>0x8b2</run_address>
         <size>0x8b</size>
         <input_file_ref idref="fl-2"/>
      </object_component>
      <object_component id="oc-7c">
         <name>.debug_info</name>
         <load_address>0x93d</load_address>
         <run_address>0x93d</run_address>
         <size>0x18b</size>
         <input_file_ref idref="fl-2"/>
      </object_component>
      <object_component id="oc-174">
         <name>.debug_info</name>
         <load_address>0xac8</load_address>
         <run_address>0xac8</run_address>
         <size>0x4e</size>
         <input_file_ref idref="fl-2"/>
      </object_component>
      <object_component id="oc-f5">
         <name>.debug_info</name>
         <load_address>0xb16</load_address>
         <run_address>0xb16</run_address>
         <size>0x44d</size>
         <input_file_ref idref="fl-3"/>
      </object_component>
      <object_component id="oc-77">
         <name>.debug_info</name>
         <load_address>0xf63</load_address>
         <run_address>0xf63</run_address>
         <size>0x84</size>
         <input_file_ref idref="fl-3"/>
      </object_component>
      <object_component id="oc-1c9">
         <name>.debug_info</name>
         <load_address>0xfe7</load_address>
         <run_address>0xfe7</run_address>
         <size>0xec</size>
         <input_file_ref idref="fl-4"/>
      </object_component>
      <object_component id="oc-ea">
         <name>.debug_info</name>
         <load_address>0x10d3</load_address>
         <run_address>0x10d3</run_address>
         <size>0x919</size>
         <input_file_ref idref="fl-4"/>
      </object_component>
      <object_component id="oc-238">
         <name>.debug_info</name>
         <load_address>0x19ec</load_address>
         <run_address>0x19ec</run_address>
         <size>0x799</size>
         <input_file_ref idref="fl-5"/>
      </object_component>
      <object_component id="oc-240">
         <name>.debug_info</name>
         <load_address>0x2185</load_address>
         <run_address>0x2185</run_address>
         <size>0xf8</size>
         <input_file_ref idref="fl-5"/>
      </object_component>
      <object_component id="oc-ef">
         <name>.debug_info</name>
         <load_address>0x227d</load_address>
         <run_address>0x227d</run_address>
         <size>0xba8</size>
         <input_file_ref idref="fl-5"/>
      </object_component>
      <object_component id="oc-10d">
         <name>.debug_info</name>
         <load_address>0x2e25</load_address>
         <run_address>0x2e25</run_address>
         <size>0x310</size>
         <input_file_ref idref="fl-6"/>
      </object_component>
      <object_component id="oc-102">
         <name>.debug_info</name>
         <load_address>0x3135</load_address>
         <run_address>0x3135</run_address>
         <size>0x9fc</size>
         <input_file_ref idref="fl-6"/>
      </object_component>
      <object_component id="oc-2cf">
         <name>.debug_info</name>
         <load_address>0x3b31</load_address>
         <run_address>0x3b31</run_address>
         <size>0x16a</size>
         <input_file_ref idref="fl-7"/>
      </object_component>
      <object_component id="oc-13f">
         <name>.debug_info</name>
         <load_address>0x3c9b</load_address>
         <run_address>0x3c9b</run_address>
         <size>0xc1</size>
         <input_file_ref idref="fl-7"/>
      </object_component>
      <object_component id="oc-c4">
         <name>.debug_info</name>
         <load_address>0x3d5c</load_address>
         <run_address>0x3d5c</run_address>
         <size>0x1c1</size>
         <input_file_ref idref="fl-7"/>
      </object_component>
      <object_component id="oc-289">
         <name>.debug_info</name>
         <load_address>0x3f1d</load_address>
         <run_address>0x3f1d</run_address>
         <size>0x40f</size>
         <input_file_ref idref="fl-8"/>
      </object_component>
      <object_component id="oc-fc">
         <name>.debug_info</name>
         <load_address>0x432c</load_address>
         <run_address>0x432c</run_address>
         <size>0x591</size>
         <input_file_ref idref="fl-8"/>
      </object_component>
      <object_component id="oc-8c">
         <name>.debug_info</name>
         <load_address>0x48bd</load_address>
         <run_address>0x48bd</run_address>
         <size>0x2c</size>
         <input_file_ref idref="fl-8"/>
      </object_component>
      <object_component id="oc-2bd">
         <name>.debug_info</name>
         <load_address>0x48e9</load_address>
         <run_address>0x48e9</run_address>
         <size>0x1a8</size>
         <input_file_ref idref="fl-9"/>
      </object_component>
      <object_component id="oc-2ab">
         <name>.debug_info</name>
         <load_address>0x4a91</load_address>
         <run_address>0x4a91</run_address>
         <size>0x1b4</size>
         <input_file_ref idref="fl-9"/>
      </object_component>
      <object_component id="oc-2ba">
         <name>.debug_info</name>
         <load_address>0x4c45</load_address>
         <run_address>0x4c45</run_address>
         <size>0xf2</size>
         <input_file_ref idref="fl-9"/>
      </object_component>
      <object_component id="oc-2a8">
         <name>.debug_info</name>
         <load_address>0x4d37</load_address>
         <run_address>0x4d37</run_address>
         <size>0xfb</size>
         <input_file_ref idref="fl-9"/>
      </object_component>
      <object_component id="oc-107">
         <name>.debug_info</name>
         <load_address>0x4e32</load_address>
         <run_address>0x4e32</run_address>
         <size>0x113b</size>
         <input_file_ref idref="fl-9"/>
      </object_component>
      <object_component id="oc-32">
         <name>.debug_info</name>
         <load_address>0x5f6d</load_address>
         <run_address>0x5f6d</run_address>
         <size>0xf5</size>
         <input_file_ref idref="fl-a"/>
      </object_component>
      <object_component id="oc-10">
         <name>.debug_info</name>
         <load_address>0x6062</load_address>
         <run_address>0x6062</run_address>
         <size>0xda</size>
         <input_file_ref idref="fl-a"/>
      </object_component>
      <object_component id="oc-2c">
         <name>.debug_info</name>
         <load_address>0x613c</load_address>
         <run_address>0x613c</run_address>
         <size>0x256</size>
         <input_file_ref idref="fl-a"/>
      </object_component>
      <object_component id="oc-173">
         <name>.debug_info</name>
         <load_address>0x6392</load_address>
         <run_address>0x6392</run_address>
         <size>0x24f</size>
         <input_file_ref idref="fl-b"/>
      </object_component>
      <object_component id="oc-16b">
         <name>.debug_info</name>
         <load_address>0x65e1</load_address>
         <run_address>0x65e1</run_address>
         <size>0xec</size>
         <input_file_ref idref="fl-b"/>
      </object_component>
      <object_component id="oc-168">
         <name>.debug_info</name>
         <load_address>0x66cd</load_address>
         <run_address>0x66cd</run_address>
         <size>0x142</size>
         <input_file_ref idref="fl-b"/>
      </object_component>
      <object_component id="oc-d3">
         <name>.debug_info</name>
         <load_address>0x680f</load_address>
         <run_address>0x680f</run_address>
         <size>0x95d</size>
         <input_file_ref idref="fl-b"/>
      </object_component>
      <object_component id="oc-2df">
         <name>.debug_info</name>
         <load_address>0x716c</load_address>
         <run_address>0x716c</run_address>
         <size>0x1ce</size>
         <input_file_ref idref="fl-11"/>
      </object_component>
      <object_component id="oc-36c">
         <name>.debug_info</name>
         <load_address>0x733a</load_address>
         <run_address>0x733a</run_address>
         <size>0x109</size>
         <input_file_ref idref="fl-11"/>
      </object_component>
      <object_component id="oc-36f">
         <name>.debug_info</name>
         <load_address>0x7443</load_address>
         <run_address>0x7443</run_address>
         <size>0x11b</size>
         <input_file_ref idref="fl-11"/>
      </object_component>
      <object_component id="oc-336">
         <name>.debug_info</name>
         <load_address>0x755e</load_address>
         <run_address>0x755e</run_address>
         <size>0x26f</size>
         <input_file_ref idref="fl-11"/>
      </object_component>
      <object_component id="oc-254">
         <name>.debug_info</name>
         <load_address>0x77cd</load_address>
         <run_address>0x77cd</run_address>
         <size>0x1e3</size>
         <input_file_ref idref="fl-11"/>
      </object_component>
      <object_component id="oc-27e">
         <name>.debug_info</name>
         <load_address>0x79b0</load_address>
         <run_address>0x79b0</run_address>
         <size>0x1f3</size>
         <input_file_ref idref="fl-11"/>
      </object_component>
      <object_component id="oc-285">
         <name>.debug_info</name>
         <load_address>0x7ba3</load_address>
         <run_address>0x7ba3</run_address>
         <size>0x1f3</size>
         <input_file_ref idref="fl-11"/>
      </object_component>
      <object_component id="oc-25b">
         <name>.debug_info</name>
         <load_address>0x7d96</load_address>
         <run_address>0x7d96</run_address>
         <size>0x1f1</size>
         <input_file_ref idref="fl-11"/>
      </object_component>
      <object_component id="oc-279">
         <name>.debug_info</name>
         <load_address>0x7f87</load_address>
         <run_address>0x7f87</run_address>
         <size>0x1b5</size>
         <input_file_ref idref="fl-11"/>
      </object_component>
      <object_component id="oc-158">
         <name>.debug_info</name>
         <load_address>0x813c</load_address>
         <run_address>0x813c</run_address>
         <size>0x1ab</size>
         <input_file_ref idref="fl-11"/>
      </object_component>
      <object_component id="oc-2db">
         <name>.debug_info</name>
         <load_address>0x82e7</load_address>
         <run_address>0x82e7</run_address>
         <size>0x233</size>
         <input_file_ref idref="fl-11"/>
      </object_component>
      <object_component id="oc-152">
         <name>.debug_info</name>
         <load_address>0x851a</load_address>
         <run_address>0x851a</run_address>
         <size>0x28a</size>
         <input_file_ref idref="fl-11"/>
      </object_component>
      <object_component id="oc-273">
         <name>.debug_info</name>
         <load_address>0x87a4</load_address>
         <run_address>0x87a4</run_address>
         <size>0x1f5</size>
         <input_file_ref idref="fl-11"/>
      </object_component>
      <object_component id="oc-267">
         <name>.debug_info</name>
         <load_address>0x8999</load_address>
         <run_address>0x8999</run_address>
         <size>0x1b7</size>
         <input_file_ref idref="fl-11"/>
      </object_component>
      <object_component id="oc-15e">
         <name>.debug_info</name>
         <load_address>0x8b50</load_address>
         <run_address>0x8b50</run_address>
         <size>0x25d</size>
         <input_file_ref idref="fl-11"/>
      </object_component>
      <object_component id="oc-261">
         <name>.debug_info</name>
         <load_address>0x8dad</load_address>
         <run_address>0x8dad</run_address>
         <size>0x1c7</size>
         <input_file_ref idref="fl-11"/>
      </object_component>
      <object_component id="oc-164">
         <name>.debug_info</name>
         <load_address>0x8f74</load_address>
         <run_address>0x8f74</run_address>
         <size>0x237</size>
         <input_file_ref idref="fl-11"/>
      </object_component>
      <object_component id="oc-2d0">
         <name>.debug_info</name>
         <load_address>0x91ab</load_address>
         <run_address>0x91ab</run_address>
         <size>0x90</size>
         <input_file_ref idref="fl-11"/>
      </object_component>
      <object_component id="oc-143">
         <name>.debug_info</name>
         <load_address>0x923b</load_address>
         <run_address>0x923b</run_address>
         <size>0x18b</size>
         <input_file_ref idref="fl-11"/>
      </object_component>
      <object_component id="oc-315">
         <name>.debug_info</name>
         <load_address>0x93c6</load_address>
         <run_address>0x93c6</run_address>
         <size>0x1cf</size>
         <input_file_ref idref="fl-12"/>
      </object_component>
      <object_component id="oc-363">
         <name>.debug_info</name>
         <load_address>0x9595</load_address>
         <run_address>0x9595</run_address>
         <size>0x10c</size>
         <input_file_ref idref="fl-12"/>
      </object_component>
      <object_component id="oc-366">
         <name>.debug_info</name>
         <load_address>0x96a1</load_address>
         <run_address>0x96a1</run_address>
         <size>0x11e</size>
         <input_file_ref idref="fl-12"/>
      </object_component>
      <object_component id="oc-206">
         <name>.debug_info</name>
         <load_address>0x97bf</load_address>
         <run_address>0x97bf</run_address>
         <size>0x21e</size>
         <input_file_ref idref="fl-12"/>
      </object_component>
      <object_component id="oc-31a">
         <name>.debug_info</name>
         <load_address>0x99dd</load_address>
         <run_address>0x99dd</run_address>
         <size>0x2dd</size>
         <input_file_ref idref="fl-12"/>
      </object_component>
      <object_component id="oc-212">
         <name>.debug_info</name>
         <load_address>0x9cba</load_address>
         <run_address>0x9cba</run_address>
         <size>0x214</size>
         <input_file_ref idref="fl-12"/>
      </object_component>
      <object_component id="oc-20c">
         <name>.debug_info</name>
         <load_address>0x9ece</load_address>
         <run_address>0x9ece</run_address>
         <size>0x1f8</size>
         <input_file_ref idref="fl-12"/>
      </object_component>
      <object_component id="oc-28b">
         <name>.debug_info</name>
         <load_address>0xa0c6</load_address>
         <run_address>0xa0c6</run_address>
         <size>0x1fa</size>
         <input_file_ref idref="fl-12"/>
      </object_component>
      <object_component id="oc-218">
         <name>.debug_info</name>
         <load_address>0xa2c0</load_address>
         <run_address>0xa2c0</run_address>
         <size>0x1f6</size>
         <input_file_ref idref="fl-12"/>
      </object_component>
      <object_component id="oc-21e">
         <name>.debug_info</name>
         <load_address>0xa4b6</load_address>
         <run_address>0xa4b6</run_address>
         <size>0x1e3</size>
         <input_file_ref idref="fl-12"/>
      </object_component>
      <object_component id="oc-1fa">
         <name>.debug_info</name>
         <load_address>0xa699</load_address>
         <run_address>0xa699</run_address>
         <size>0x1f0</size>
         <input_file_ref idref="fl-12"/>
      </object_component>
      <object_component id="oc-200">
         <name>.debug_info</name>
         <load_address>0xa889</load_address>
         <run_address>0xa889</run_address>
         <size>0x1fa</size>
         <input_file_ref idref="fl-12"/>
      </object_component>
      <object_component id="oc-17e">
         <name>.debug_info</name>
         <load_address>0xaa83</load_address>
         <run_address>0xaa83</run_address>
         <size>0x226</size>
         <input_file_ref idref="fl-13"/>
      </object_component>
      <object_component id="oc-17a">
         <name>.debug_info</name>
         <load_address>0xaca9</load_address>
         <run_address>0xaca9</run_address>
         <size>0xff</size>
         <input_file_ref idref="fl-13"/>
      </object_component>
      <object_component id="oc-14b">
         <name>.debug_info</name>
         <load_address>0xada8</load_address>
         <run_address>0xada8</run_address>
         <size>0x1e7</size>
         <input_file_ref idref="fl-13"/>
      </object_component>
      <object_component id="oc-12e">
         <name>.debug_info</name>
         <load_address>0xaf8f</load_address>
         <run_address>0xaf8f</run_address>
         <size>0x1e1</size>
         <input_file_ref idref="fl-13"/>
      </object_component>
      <object_component id="oc-182">
         <name>.debug_info</name>
         <load_address>0xb170</load_address>
         <run_address>0xb170</run_address>
         <size>0x1c7</size>
         <input_file_ref idref="fl-13"/>
      </object_component>
      <object_component id="oc-dd">
         <name>.debug_info</name>
         <load_address>0xb337</load_address>
         <run_address>0xb337</run_address>
         <size>0x363</size>
         <input_file_ref idref="fl-13"/>
      </object_component>
      <object_component id="oc-d6">
         <name>.debug_info</name>
         <load_address>0xb69a</load_address>
         <run_address>0xb69a</run_address>
         <size>0x219</size>
         <input_file_ref idref="fl-13"/>
      </object_component>
      <object_component id="oc-2ef">
         <name>.debug_info</name>
         <load_address>0xb8b3</load_address>
         <run_address>0xb8b3</run_address>
         <size>0x5f</size>
         <input_file_ref idref="fl-13"/>
      </object_component>
      <object_component id="oc-148">
         <name>.debug_info</name>
         <load_address>0xb912</load_address>
         <run_address>0xb912</run_address>
         <size>0x18f</size>
         <input_file_ref idref="fl-14"/>
      </object_component>
      <object_component id="oc-ca">
         <name>.debug_info</name>
         <load_address>0xbaa1</load_address>
         <run_address>0xbaa1</run_address>
         <size>0x1b4</size>
         <input_file_ref idref="fl-14"/>
      </object_component>
      <object_component id="oc-1c3">
         <name>.debug_info</name>
         <load_address>0xbc55</load_address>
         <run_address>0xbc55</run_address>
         <size>0x1b6</size>
         <input_file_ref idref="fl-14"/>
      </object_component>
      <object_component id="oc-1b7">
         <name>.debug_info</name>
         <load_address>0xbe0b</load_address>
         <run_address>0xbe0b</run_address>
         <size>0x230</size>
         <input_file_ref idref="fl-14"/>
      </object_component>
      <object_component id="oc-1bd">
         <name>.debug_info</name>
         <load_address>0xc03b</load_address>
         <run_address>0xc03b</run_address>
         <size>0x1a3</size>
         <input_file_ref idref="fl-14"/>
      </object_component>
      <object_component id="oc-1b1">
         <name>.debug_info</name>
         <load_address>0xc1de</load_address>
         <run_address>0xc1de</run_address>
         <size>0x231</size>
         <input_file_ref idref="fl-14"/>
      </object_component>
      <object_component id="oc-2fb">
         <name>.debug_info</name>
         <load_address>0xc40f</load_address>
         <run_address>0xc40f</run_address>
         <size>0x194</size>
         <input_file_ref idref="fl-15"/>
      </object_component>
      <object_component id="oc-19f">
         <name>.debug_info</name>
         <load_address>0xc5a3</load_address>
         <run_address>0xc5a3</run_address>
         <size>0x25a</size>
         <input_file_ref idref="fl-15"/>
      </object_component>
      <object_component id="oc-19a">
         <name>.debug_info</name>
         <load_address>0xc7fd</load_address>
         <run_address>0xc7fd</run_address>
         <size>0x21a</size>
         <input_file_ref idref="fl-15"/>
      </object_component>
      <object_component id="oc-1a6">
         <name>.debug_info</name>
         <load_address>0xca17</load_address>
         <run_address>0xca17</run_address>
         <size>0x1da</size>
         <input_file_ref idref="fl-15"/>
      </object_component>
      <object_component id="oc-194">
         <name>.debug_info</name>
         <load_address>0xcbf1</load_address>
         <run_address>0xcbf1</run_address>
         <size>0x217</size>
         <input_file_ref idref="fl-15"/>
      </object_component>
      <object_component id="oc-2cc">
         <name>.debug_info</name>
         <load_address>0xce08</load_address>
         <run_address>0xce08</run_address>
         <size>0x1d7</size>
         <input_file_ref idref="fl-16"/>
      </object_component>
      <object_component id="oc-35a">
         <name>.debug_info</name>
         <load_address>0xcfdf</load_address>
         <run_address>0xcfdf</run_address>
         <size>0x119</size>
         <input_file_ref idref="fl-16"/>
      </object_component>
      <object_component id="oc-35d">
         <name>.debug_info</name>
         <load_address>0xd0f8</load_address>
         <run_address>0xd0f8</run_address>
         <size>0x11b</size>
         <input_file_ref idref="fl-16"/>
      </object_component>
      <object_component id="oc-2f6">
         <name>.debug_info</name>
         <load_address>0xd213</load_address>
         <run_address>0xd213</run_address>
         <size>0x10d</size>
         <input_file_ref idref="fl-16"/>
      </object_component>
      <object_component id="oc-139">
         <name>.debug_info</name>
         <load_address>0xd320</load_address>
         <run_address>0xd320</run_address>
         <size>0x207</size>
         <input_file_ref idref="fl-16"/>
      </object_component>
      <object_component id="oc-2c5">
         <name>.debug_info</name>
         <load_address>0xd527</load_address>
         <run_address>0xd527</run_address>
         <size>0x217</size>
         <input_file_ref idref="fl-16"/>
      </object_component>
      <object_component id="oc-1e2">
         <name>.debug_info</name>
         <load_address>0xd73e</load_address>
         <run_address>0xd73e</run_address>
         <size>0x312</size>
         <input_file_ref idref="fl-16"/>
      </object_component>
      <object_component id="oc-26b">
         <name>.debug_info</name>
         <load_address>0xda50</load_address>
         <run_address>0xda50</run_address>
         <size>0x1df</size>
         <input_file_ref idref="fl-16"/>
      </object_component>
      <object_component id="oc-1ab">
         <name>.debug_info</name>
         <load_address>0xdc2f</load_address>
         <run_address>0xdc2f</run_address>
         <size>0x1dd</size>
         <input_file_ref idref="fl-16"/>
      </object_component>
      <object_component id="oc-18d">
         <name>.debug_info</name>
         <load_address>0xde0c</load_address>
         <run_address>0xde0c</run_address>
         <size>0x1dd</size>
         <input_file_ref idref="fl-16"/>
      </object_component>
      <object_component id="oc-133">
         <name>.debug_info</name>
         <load_address>0xdfe9</load_address>
         <run_address>0xdfe9</run_address>
         <size>0x1eb</size>
         <input_file_ref idref="fl-16"/>
      </object_component>
      <object_component id="oc-1dc">
         <name>.debug_info</name>
         <load_address>0xe1d4</load_address>
         <run_address>0xe1d4</run_address>
         <size>0x1e9</size>
         <input_file_ref idref="fl-16"/>
      </object_component>
      <object_component id="oc-230">
         <name>.debug_info</name>
         <load_address>0xe3bd</load_address>
         <run_address>0xe3bd</run_address>
         <size>0x1df</size>
         <input_file_ref idref="fl-16"/>
      </object_component>
      <object_component id="oc-187">
         <name>.debug_info</name>
         <load_address>0xe59c</load_address>
         <run_address>0xe59c</run_address>
         <size>0x1e4</size>
         <input_file_ref idref="fl-16"/>
      </object_component>
      <object_component id="oc-30d">
         <name>.debug_info</name>
         <load_address>0xe780</load_address>
         <run_address>0xe780</run_address>
         <size>0x26f</size>
         <input_file_ref idref="fl-16"/>
      </object_component>
      <object_component id="oc-1e8">
         <name>.debug_info</name>
         <load_address>0xe9ef</load_address>
         <run_address>0xe9ef</run_address>
         <size>0x21f</size>
         <input_file_ref idref="fl-16"/>
      </object_component>
      <object_component id="oc-1ee">
         <name>.debug_info</name>
         <load_address>0xec0e</load_address>
         <run_address>0xec0e</run_address>
         <size>0x1f9</size>
         <input_file_ref idref="fl-16"/>
      </object_component>
      <object_component id="oc-1f4">
         <name>.debug_info</name>
         <load_address>0xee07</load_address>
         <run_address>0xee07</run_address>
         <size>0x1f3</size>
         <input_file_ref idref="fl-16"/>
      </object_component>
      <object_component id="oc-22a">
         <name>.debug_info</name>
         <load_address>0xeffa</load_address>
         <run_address>0xeffa</run_address>
         <size>0x1f5</size>
         <input_file_ref idref="fl-16"/>
      </object_component>
      <object_component id="oc-224">
         <name>.debug_info</name>
         <load_address>0xf1ef</load_address>
         <run_address>0xf1ef</run_address>
         <size>0x1f1</size>
         <input_file_ref idref="fl-16"/>
      </object_component>
      <object_component id="oc-e3">
         <name>.debug_info</name>
         <load_address>0xf3e0</load_address>
         <run_address>0xf3e0</run_address>
         <size>0x171</size>
         <input_file_ref idref="fl-17"/>
      </object_component>
      <object_component id="oc-29c">
         <name>.debug_info</name>
         <load_address>0xf551</load_address>
         <run_address>0xf551</run_address>
         <size>0x176</size>
         <input_file_ref idref="fl-18"/>
      </object_component>
      <object_component id="oc-2a2">
         <name>.debug_info</name>
         <load_address>0xf6c7</load_address>
         <run_address>0xf6c7</run_address>
         <size>0x173</size>
         <input_file_ref idref="fl-18"/>
      </object_component>
      <object_component id="oc-2ae">
         <name>.debug_info</name>
         <load_address>0xf83a</load_address>
         <run_address>0xf83a</run_address>
         <size>0x1a1</size>
         <input_file_ref idref="fl-18"/>
      </object_component>
      <object_component id="oc-2b4">
         <name>.debug_info</name>
         <load_address>0xf9db</load_address>
         <run_address>0xf9db</run_address>
         <size>0x180</size>
         <input_file_ref idref="fl-18"/>
      </object_component>
      <object_component id="oc-27">
         <name>.debug_info</name>
         <load_address>0xfb5b</load_address>
         <run_address>0xfb5b</run_address>
         <size>0x138</size>
         <input_file_ref idref="fl-13a"/>
      </object_component>
      <object_component id="oc-3e">
         <name>.debug_info</name>
         <load_address>0xfc93</load_address>
         <run_address>0xfc93</run_address>
         <size>0x123</size>
         <input_file_ref idref="fl-13b"/>
      </object_component>
      <object_component id="oc-15">
         <name>.debug_info</name>
         <load_address>0xfdb6</load_address>
         <run_address>0xfdb6</run_address>
         <size>0x1c2</size>
         <input_file_ref idref="fl-13b"/>
      </object_component>
      <object_component id="oc-39">
         <name>.debug_info</name>
         <load_address>0xff78</load_address>
         <run_address>0xff78</run_address>
         <size>0x46</size>
         <input_file_ref idref="fl-13b"/>
      </object_component>
      <object_component id="oc-82">
         <name>.debug_info</name>
         <load_address>0xffbe</load_address>
         <run_address>0xffbe</run_address>
         <size>0x2c</size>
         <input_file_ref idref="fl-13b"/>
      </object_component>
      <object_component id="oc-46">
         <name>.debug_info</name>
         <load_address>0xffea</load_address>
         <run_address>0xffea</run_address>
         <size>0x117</size>
         <input_file_ref idref="fl-13c"/>
      </object_component>
      <object_component id="oc-42">
         <name>.debug_info</name>
         <load_address>0x10101</load_address>
         <run_address>0x10101</run_address>
         <size>0x22a</size>
         <input_file_ref idref="fl-13c"/>
      </object_component>
      <object_component id="oc-19">
         <name>.debug_info</name>
         <load_address>0x1032b</load_address>
         <run_address>0x1032b</run_address>
         <size>0x1bc</size>
         <input_file_ref idref="fl-13c"/>
      </object_component>
      <object_component id="oc-47">
         <name>.debug_info</name>
         <load_address>0x104e7</load_address>
         <run_address>0x104e7</run_address>
         <size>0x39</size>
         <input_file_ref idref="fl-13c"/>
      </object_component>
      <object_component id="oc-57">
         <name>.debug_info</name>
         <load_address>0x10520</load_address>
         <run_address>0x10520</run_address>
         <size>0x112</size>
         <input_file_ref idref="fl-13d"/>
      </object_component>
      <object_component id="oc-1f">
         <name>.debug_info</name>
         <load_address>0x10632</load_address>
         <run_address>0x10632</run_address>
         <size>0x18d</size>
         <input_file_ref idref="fl-13d"/>
      </object_component>
      <object_component id="oc-52">
         <name>.debug_info</name>
         <load_address>0x107bf</load_address>
         <run_address>0x107bf</run_address>
         <size>0x46</size>
         <input_file_ref idref="fl-13d"/>
      </object_component>
      <object_component id="oc-ac">
         <name>.debug_info</name>
         <load_address>0x10805</load_address>
         <run_address>0x10805</run_address>
         <size>0x174</size>
         <input_file_ref idref="fl-13e"/>
      </object_component>
      <object_component id="oc-a9">
         <name>.debug_info</name>
         <load_address>0x10979</load_address>
         <run_address>0x10979</run_address>
         <size>0x119</size>
         <input_file_ref idref="fl-13e"/>
      </object_component>
      <object_component id="oc-6c">
         <name>.debug_info</name>
         <load_address>0x10a92</load_address>
         <run_address>0x10a92</run_address>
         <size>0x1f0</size>
         <input_file_ref idref="fl-13e"/>
      </object_component>
      <object_component id="oc-1d2">
         <name>.debug_info</name>
         <load_address>0x10c82</load_address>
         <run_address>0x10c82</run_address>
         <size>0x12d</size>
         <input_file_ref idref="fl-13f"/>
      </object_component>
      <object_component id="oc-296">
         <name>.debug_info</name>
         <load_address>0x10daf</load_address>
         <run_address>0x10daf</run_address>
         <size>0x11b</size>
         <input_file_ref idref="fl-140"/>
      </object_component>
      <object_component id="oc-1d7">
         <name>.debug_info</name>
         <load_address>0x10eca</load_address>
         <run_address>0x10eca</run_address>
         <size>0x116</size>
         <input_file_ref idref="fl-141"/>
      </object_component>
      <object_component id="oc-1ce">
         <name>.debug_info</name>
         <load_address>0x10fe0</load_address>
         <run_address>0x10fe0</run_address>
         <size>0x10d</size>
         <input_file_ref idref="fl-142"/>
      </object_component>
      <object_component id="oc-34">
         <name>.debug_info</name>
         <load_address>0x110ed</load_address>
         <run_address>0x110ed</run_address>
         <size>0xfa</size>
         <input_file_ref idref="fl-143"/>
      </object_component>
      <object_component id="oc-4d">
         <name>.debug_info</name>
         <load_address>0x111e7</load_address>
         <run_address>0x111e7</run_address>
         <size>0x12a</size>
         <input_file_ref idref="fl-144"/>
      </object_component>
      <object_component id="oc-59">
         <name>.debug_info</name>
         <load_address>0x11311</load_address>
         <run_address>0x11311</run_address>
         <size>0x12b</size>
         <input_file_ref idref="fl-145"/>
      </object_component>
      <object_component id="oc-71">
         <name>.debug_info</name>
         <load_address>0x1143c</load_address>
         <run_address>0x1143c</run_address>
         <size>0xec</size>
         <input_file_ref idref="fl-146"/>
      </object_component>
      <object_component id="oc-32c">
         <name>.debug_info</name>
         <load_address>0x11528</load_address>
         <run_address>0x11528</run_address>
         <size>0xcd</size>
         <input_file_ref idref="fl-147"/>
      </object_component>
      <object_component id="oc-24f">
         <name>.debug_info</name>
         <load_address>0x115f5</load_address>
         <run_address>0x115f5</run_address>
         <size>0x1dd</size>
         <input_file_ref idref="fl-147"/>
      </object_component>
      <object_component id="oc-16e">
         <name>.debug_info</name>
         <load_address>0x117d2</load_address>
         <run_address>0x117d2</run_address>
         <size>0x165</size>
         <input_file_ref idref="fl-148"/>
      </object_component>
      <object_component id="oc-291">
         <name>.debug_info</name>
         <load_address>0x11937</load_address>
         <run_address>0x11937</run_address>
         <size>0x10f</size>
         <input_file_ref idref="fl-149"/>
      </object_component>
      <object_component id="oc-11f">
         <name>.debug_info</name>
         <load_address>0x11a46</load_address>
         <run_address>0x11a46</run_address>
         <size>0x107</size>
         <input_file_ref idref="fl-14a"/>
      </object_component>
      <object_component id="oc-a6">
         <name>.debug_info</name>
         <load_address>0x11b4d</load_address>
         <run_address>0x11b4d</run_address>
         <size>0xf6</size>
         <input_file_ref idref="fl-14a"/>
      </object_component>
      <object_component id="oc-118">
         <name>.debug_info</name>
         <load_address>0x11c43</load_address>
         <run_address>0x11c43</run_address>
         <size>0x202</size>
         <input_file_ref idref="fl-14a"/>
      </object_component>
      <object_component id="oc-a4">
         <name>.debug_info</name>
         <load_address>0x11e45</load_address>
         <run_address>0x11e45</run_address>
         <size>0x149</size>
         <input_file_ref idref="fl-14b"/>
      </object_component>
      <object_component id="oc-67">
         <name>.debug_info</name>
         <load_address>0x11f8e</load_address>
         <run_address>0x11f8e</run_address>
         <size>0x14a</size>
         <input_file_ref idref="fl-14b"/>
      </object_component>
      <object_component id="oc-112">
         <name>.debug_info</name>
         <load_address>0x120d8</load_address>
         <run_address>0x120d8</run_address>
         <size>0x5e</size>
         <input_file_ref idref="fl-14b"/>
      </object_component>
      <object_component id="oc-9c">
         <name>.debug_info</name>
         <load_address>0x12136</load_address>
         <run_address>0x12136</run_address>
         <size>0x2a0</size>
         <input_file_ref idref="fl-14c"/>
      </object_component>
      <object_component id="oc-5f">
         <name>.debug_info</name>
         <load_address>0x123d6</load_address>
         <run_address>0x123d6</run_address>
         <size>0x15a</size>
         <input_file_ref idref="fl-14c"/>
      </object_component>
      <object_component id="oc-b9">
         <name>.debug_info</name>
         <load_address>0x12530</load_address>
         <run_address>0x12530</run_address>
         <size>0x39</size>
         <input_file_ref idref="fl-14c"/>
      </object_component>
      <object_component id="oc-be">
         <name>.debug_info</name>
         <load_address>0x12569</load_address>
         <run_address>0x12569</run_address>
         <size>0xcd</size>
         <input_file_ref idref="fl-14c"/>
      </object_component>
      <object_component id="oc-b6">
         <name>.debug_info</name>
         <load_address>0x12636</load_address>
         <run_address>0x12636</run_address>
         <size>0x1c3</size>
         <input_file_ref idref="fl-14d"/>
      </object_component>
      <object_component id="oc-98">
         <name>.debug_info</name>
         <load_address>0x127f9</load_address>
         <run_address>0x127f9</run_address>
         <size>0x17f</size>
         <input_file_ref idref="fl-14d"/>
      </object_component>
      <object_component id="oc-127">
         <name>.debug_info</name>
         <load_address>0x12978</load_address>
         <run_address>0x12978</run_address>
         <size>0x2c</size>
         <input_file_ref idref="fl-14d"/>
      </object_component>
      <object_component id="oc-3a5">
         <name>.debug_info</name>
         <load_address>0x129a4</load_address>
         <run_address>0x129a4</run_address>
         <size>0x94</size>
      </object_component>
      <object_component id="oc-326">
         <name>.debug_line</name>
         <load_address>0x0</load_address>
         <run_address>0x0</run_address>
         <size>0x197</size>
         <input_file_ref idref="fl-2"/>
      </object_component>
      <object_component id="oc-a1">
         <name>.debug_line</name>
         <load_address>0x197</load_address>
         <run_address>0x197</run_address>
         <size>0x73</size>
         <input_file_ref idref="fl-2"/>
      </object_component>
      <object_component id="oc-249">
         <name>.debug_line</name>
         <load_address>0x20a</load_address>
         <run_address>0x20a</run_address>
         <size>0x2c</size>
         <input_file_ref idref="fl-2"/>
      </object_component>
      <object_component id="oc-b3">
         <name>.debug_line</name>
[...]
         <name>UART0_Interrupt</name>
         <value>0x1cd9</value>
         <object_component_ref idref="oc-fa"/>
      </symbol>
      <symbol id="sm-22d">
         <name>UART_Send_String</name>
         <value>0x1c89</value>
         <object_component_ref idref="oc-fa"/>
      </symbol>
      <symbol id="sm-22e">
         <name>UART0_Init</name>
         <value>0x1d0f</value>
         <object_component_ref idref="oc-fa"/>
      </symbol>
      <symbol id="sm-297">
         <name>IntPendClear</name>
         <value>0x172d</value>
         <object_component_ref idref="oc-106"/>
      </symbol>
      <symbol id="sm-298">
         <name>IntPriorityGroupingGet</name>
         <value>0x14a7</value>
         <object_component_ref idref="oc-106"/>
      </symbol>
      <symbol id="sm-299">
         <name>IntPrioritySet</name>
         <value>0x14df</value>
         <object_component_ref idref="oc-106"/>
      </symbol>
      <symbol id="sm-29a">
         <name>IntIsEnabled</name>
         <value>0x1637</value>
         <object_component_ref idref="oc-106"/>
      </symbol>
      <symbol id="sm-29b">
         <name>IntEnable</name>
         <value>0x1553</value>
         <object_component_ref idref="oc-106"/>
      </symbol>
      <symbol id="sm-29c">
         <name>IntTrigger</name>
         <value>0x178f</value>
         <object_component_ref idref="oc-106"/>
      </symbol>
      <symbol id="sm-29d">
         <name>IntPriorityMaskSet</name>
         <value>0x177b</value>
         <object_component_ref idref="oc-106"/>
      </symbol>
      <symbol id="sm-29e">
         <name>IntPriorityGroupingSet</name>
         <value>0x148d</value>
         <object_component_ref idref="oc-106"/>
      </symbol>
      <symbol id="sm-29f">
         <name>IntDisable</name>
         <value>0x15c5</value>
         <object_component_ref idref="oc-106"/>
      </symbol>
      <symbol id="sm-2a0">
         <name>IntRegister</name>
         <value>0x1427</value>
         <object_component_ref idref="oc-106"/>
      </symbol>
      <symbol id="sm-2a1">
         <name>IntPriorityGet</name>
         <value>0x152f</value>
         <object_component_ref idref="oc-106"/>
      </symbol>
      <symbol id="sm-2a2">
         <name>IntMasterDisable</name>
         <value>0x1417</value>
         <object_component_ref idref="oc-106"/>
      </symbol>
      <symbol id="sm-2a3">
         <name>IntUnregister</name>
         <value>0x1479</value>
         <object_component_ref idref="oc-106"/>
      </symbol>
      <symbol id="sm-2a4">
         <name>IntPriorityMaskGet</name>
         <value>0x1787</value>
         <object_component_ref idref="oc-106"/>
      </symbol>
      <symbol id="sm-2a5">
         <name>g_pfnRAMVectors</name>
         <value>0x20000000</value>
         <object_component_ref idref="oc-2a7"/>
      </symbol>
      <symbol id="sm-2a6">
         <name>IntMasterEnable</name>
         <value>0x1407</value>
         <object_component_ref idref="oc-106"/>
      </symbol>
      <symbol id="sm-2a7">
         <name>IntPendSet</name>
         <value>0x16bd</value>
         <object_component_ref idref="oc-106"/>
      </symbol>
      <symbol id="sm-2c3">
         <name>ResetISR</name>
         <value>0x2e23</value>
         <object_component_ref idref="oc-2a"/>
      </symbol>
      <symbol id="sm-2c4">
         <name>g_pfnVectors</name>
         <value>0x0</value>
         <object_component_ref idref="oc-f"/>
      </symbol>
      <symbol id="sm-329">
         <name>UARTgetc</name>
         <value>0x10af</value>
         <object_component_ref idref="oc-cf"/>
      </symbol>
      <symbol id="sm-32a">
         <name>UARTgets</name>
         <value>0xff5</value>
         <object_component_ref idref="oc-cf"/>
      </symbol>
      <symbol id="sm-32b">
         <name>UARTStdioConfig</name>
         <value>0xf69</value>
         <object_component_ref idref="oc-cf"/>
      </symbol>
      <symbol id="sm-32c">
         <name>UARTwrite</name>
         <value>0xfaf</value>
         <object_component_ref idref="oc-cf"/>
      </symbol>
      <symbol id="sm-32d">
         <name>UARTprintf</name>
         <value>0x13cf</value>
         <object_component_ref idref="oc-cf"/>
      </symbol>
      <symbol id="sm-32e">
         <name>UARTvprintf</name>
         <value>0x10d5</value>
         <object_component_ref idref="oc-cf"/>
      </symbol>
      <symbol id="sm-3d4">
         <name>UARTFIFODisable</name>
         <value>0x2e6b</value>
         <object_component_ref idref="oc-276"/>
      </symbol>
      <symbol id="sm-3d5">
         <name>UARTConfigSetExpClk</name>
         <value>0x2a37</value>
         <object_component_ref idref="oc-14f"/>
      </symbol>
      <symbol id="sm-3d6">
         <name>UARTDisable</name>
         <value>0x2c25</value>
         <object_component_ref idref="oc-2d8"/>
      </symbol>
      <symbol id="sm-3d7">
         <name>UARTIntEnable</name>
         <value>0x2e87</value>
         <object_component_ref idref="oc-282"/>
      </symbol>
      <symbol id="sm-3d8">
         <name>UARTCharsAvail</name>
         <value>0x2e0b</value>
         <object_component_ref idref="oc-264"/>
      </symbol>
      <symbol id="sm-3d9">
         <name>UARTCharGetNonBlocking</name>
         <value>0x2dbf</value>
         <object_component_ref idref="oc-25e"/>
      </symbol>
      <symbol id="sm-3da">
         <name>UARTClockSourceSet</name>
         <value>0x2eb3</value>
         <object_component_ref idref="oc-270"/>
      </symbol>
      <symbol id="sm-3db">
         <name>UARTCharPut</name>
         <value>0x2e61</value>
         <object_component_ref idref="oc-15b"/>
      </symbol>
      <symbol id="sm-3dc">
         <name>UARTEnable</name>
         <value>0x2ccd</value>
         <object_component_ref idref="oc-155"/>
      </symbol>
      <symbol id="sm-3dd">
         <name>UARTIntClear</name>
         <value>0x2ec7</value>
         <object_component_ref idref="oc-258"/>
      </symbol>
      <symbol id="sm-3de">
         <name>UARTIntStatus</name>
         <value>0x2e75</value>
         <object_component_ref idref="oc-252"/>
      </symbol>
      <symbol id="sm-3df">
         <name>UARTCharGet</name>
         <value>0x2e57</value>
         <object_component_ref idref="oc-161"/>
      </symbol>
      <symbol id="sm-3e0">
         <name>UARTIntRegister</name>
         <value>0x2c89</value>
         <object_component_ref idref="oc-27c"/>
      </symbol>
      <symbol id="sm-44e">
         <name>TimerLoadSet</name>
         <value>0x2d51</value>
         <object_component_ref idref="oc-205"/>
      </symbol>
      <symbol id="sm-44f">
         <name>TimerIntRegister</name>
         <value>0x2c71</value>
         <object_component_ref idref="oc-211"/>
      </symbol>
      <symbol id="sm-450">
         <name>TimerEnable</name>
         <value>0x2db1</value>
         <object_component_ref idref="oc-21d"/>
      </symbol>
      <symbol id="sm-451">
         <name>TimerIntDisable</name>
         <value>0x2e4d</value>
         <object_component_ref idref="oc-28a"/>
      </symbol>
      <symbol id="sm-452">
         <name>TimerIntEnable</name>
         <value>0x2e7f</value>
         <object_component_ref idref="oc-20b"/>
      </symbol>
      <symbol id="sm-453">
         <name>TimerClockSourceSet</name>
         <value>0x2ead</value>
         <object_component_ref idref="oc-1ff"/>
      </symbol>
      <symbol id="sm-454">
         <name>TimerConfigure</name>
         <value>0x2781</value>
         <object_component_ref idref="oc-1f9"/>
      </symbol>
      <symbol id="sm-455">
         <name>TimerIntClear</name>
         <value>0x2ec3</value>
         <object_component_ref idref="oc-217"/>
      </symbol>
      <symbol id="sm-4c4">
         <name>SysCtlPeripheralPresent</name>
         <value>0x2b65</value>
         <object_component_ref idref="oc-149"/>
      </symbol>
      <symbol id="sm-4c5">
         <name>SysCtlClockSet</name>
         <value>0x22fd</value>
         <object_component_ref idref="oc-dc"/>
      </symbol>
      <symbol id="sm-4c6">
         <name>SysCtlDelay</name>
         <value>0x2ea7</value>
         <object_component_ref idref="oc-db"/>
      </symbol>
      <symbol id="sm-4c7">
         <name>SysCtlPeripheralEnable</name>
         <value>0x2b31</value>
         <object_component_ref idref="oc-12c"/>
      </symbol>
      <symbol id="sm-4c8">
         <name>SysCtlClockGet</name>
         <value>0x21e5</value>
         <object_component_ref idref="oc-d5"/>
      </symbol>
      <symbol id="sm-4c9">
         <name>SysCtlPWMClockSet</name>
         <value>0x2cb9</value>
         <object_component_ref idref="oc-180"/>
      </symbol>
      <symbol id="sm-4f6">
         <name>QEIVelocityGet</name>
         <value>0x2ebf</value>
         <object_component_ref idref="oc-c9"/>
      </symbol>
      <symbol id="sm-4f7">
         <name>QEIVelocityConfigure</name>
         <value>0x2d85</value>
         <object_component_ref idref="oc-1b6"/>
      </symbol>
      <symbol id="sm-4f8">
         <name>QEIEnable</name>
         <value>0x2e39</value>
         <object_component_ref idref="oc-1bc"/>
      </symbol>
      <symbol id="sm-4f9">
         <name>QEIVelocityEnable</name>
         <value>0x2e43</value>
         <object_component_ref idref="oc-1c2"/>
      </symbol>
      <symbol id="sm-4fa">
         <name>QEIConfigure</name>
         <value>0x2da3</value>
         <object_component_ref idref="oc-1b0"/>
      </symbol>
      <symbol id="sm-51f">
         <name>PWMGenPeriodSet</name>
         <value>0x2d75</value>
         <object_component_ref idref="oc-198"/>
      </symbol>
      <symbol id="sm-520">
         <name>PWMPulseWidthSet</name>
         <value>0x2c05</value>
         <object_component_ref idref="oc-19e"/>
      </symbol>
      <symbol id="sm-521">
         <name>PWMGenEnable</name>
         <value>0x2dff</value>
         <object_component_ref idref="oc-1a4"/>
      </symbol>
      <symbol id="sm-522">
         <name>PWMGenConfigure</name>
         <value>0x2bc3</value>
         <object_component_ref idref="oc-192"/>
      </symbol>
      <symbol id="sm-5d5">
         <name>GPIOPinTypePWM</name>
         <value>0x2d1b</value>
         <object_component_ref idref="oc-18c"/>
      </symbol>
      <symbol id="sm-5d6">
         <name>GPIOIntRegister</name>
         <value>0x2c41</value>
         <object_component_ref idref="oc-1ed"/>
      </symbol>
      <symbol id="sm-5d7">
         <name>GPIOPinConfigure</name>
         <value>0x2969</value>
         <object_component_ref idref="oc-186"/>
      </symbol>
      <symbol id="sm-5d8">
         <name>GPIOIntDisable</name>
         <value>0x2d95</value>
         <object_component_ref idref="oc-229"/>
      </symbol>
      <symbol id="sm-5d9">
         <name>GPIOIntEnable</name>
         <value>0x2df3</value>
         <object_component_ref idref="oc-1f3"/>
      </symbol>
      <symbol id="sm-5da">
         <name>GPIOIntTypeSet</name>
         <value>0x27dd</value>
         <object_component_ref idref="oc-1e7"/>
      </symbol>
      <symbol id="sm-5db">
         <name>GPIOPinTypeGPIOInput</name>
         <value>0x2d09</value>
         <object_component_ref idref="oc-1db"/>
      </symbol>
      <symbol id="sm-5dc">
         <name>GPIOIntClear</name>
         <value>0x2e95</value>
         <object_component_ref idref="oc-223"/>
      </symbol>
      <symbol id="sm-5dd">
         <name>GPIOPinTypeUART</name>
         <value>0x2d3f</value>
         <object_component_ref idref="oc-26a"/>
      </symbol>
      <symbol id="sm-5de">
         <name>GPIOPinTypeGPIOOutput</name>
         <value>0x2c59</value>
         <object_component_ref idref="oc-132"/>
      </symbol>
      <symbol id="sm-5df">
         <name>GPIOPinRead</name>
         <value>0x2e9b</value>
         <object_component_ref idref="oc-22f"/>
      </symbol>
      <symbol id="sm-5e0">
         <name>GPIODirModeSet</name>
         <value>0x2b99</value>
         <object_component_ref idref="oc-2c4"/>
      </symbol>
      <symbol id="sm-5e1">
         <name>GPIOPinTypeQEI</name>
         <value>0x2d2d</value>
         <object_component_ref idref="oc-1aa"/>
      </symbol>
      <symbol id="sm-5e2">
         <name>GPIOPinWrite</name>
         <value>0x2ea1</value>
         <object_component_ref idref="oc-138"/>
      </symbol>
      <symbol id="sm-5e3">
         <name>GPIOPadConfigSet</name>
         <value>0x20b3</value>
         <object_component_ref idref="oc-1e1"/>
      </symbol>
      <symbol id="sm-5ef">
         <name>FPUEnable</name>
         <value>0x2d65</value>
         <object_component_ref idref="oc-e2"/>
      </symbol>
      <symbol id="sm-611">
         <name>CPUbasepriGet</name>
         <value>0x2e2f</value>
         <object_component_ref idref="oc-2b3"/>
      </symbol>
      <symbol id="sm-612">
         <name>CPUbasepriSet</name>
         <value>0x2e8f</value>
         <object_component_ref idref="oc-2ad"/>
      </symbol>
      <symbol id="sm-613">
         <name>CPUcpsie</name>
         <value>0x2de7</value>
         <object_component_ref idref="oc-29b"/>
      </symbol>
      <symbol id="sm-614">
         <name>CPUcpsid</name>
         <value>0x2ddb</value>
         <object_component_ref idref="oc-2a1"/>
      </symbol>
      <symbol id="sm-626">
         <name>_c_int00</name>
         <value>0x2835</value>
         <object_component_ref idref="oc-24"/>
      </symbol>
      <symbol id="sm-627">
         <name>__stack</name>
         <value>0x2000026c</value>
         <object_component_ref idref="oc-29"/>
      </symbol>
      <symbol id="sm-63e">
         <name>__TI_decompress_none</name>
         <value>0x2dcd</value>
         <object_component_ref idref="oc-12"/>
      </symbol>
      <symbol id="sm-661">
         <name>__TI_decompress_rle24</name>
         <value>0x2eb9</value>
         <object_component_ref idref="oc-18"/>
      </symbol>
      <symbol id="sm-673">
         <name>__TI_zero_init</name>
         <value>0x2e17</value>
         <object_component_ref idref="oc-1e"/>
      </symbol>
      <symbol id="sm-692">
         <name>C$$EXIT</name>
         <value>0x29b1</value>
         <object_component_ref idref="oc-6a"/>
      </symbol>
      <symbol id="sm-693">
         <name>abort</name>
         <value>0x29b5</value>
         <object_component_ref idref="oc-6a"/>
      </symbol>
      <symbol id="sm-694">
         <name>exit</name>
         <value>0x29bd</value>
         <object_component_ref idref="oc-6a"/>
      </symbol>
      <symbol id="sm-695">
         <name>__TI_dtors_ptr</name>
         <value>0x200004e0</value>
         <object_component_ref idref="oc-a8"/>
      </symbol>
      <symbol id="sm-696">
         <name>__TI_cleanup_ptr</name>
         <value>0x200004dc</value>
         <object_component_ref idref="oc-a8"/>
      </symbol>
      <symbol id="sm-6ba">
         <name>__aeabi_dsub</name>
         <value>0x1ad1</value>
         <object_component_ref idref="oc-1d1"/>
      </symbol>
      <symbol id="sm-6bb">
         <name>__aeabi_dadd</name>
         <value>0x1adb</value>
         <object_component_ref idref="oc-1d1"/>
      </symbol>
      <symbol id="sm-6db">
         <name>__aeabi_ddiv</name>
         <value>0x1f7d</value>
         <object_component_ref idref="oc-295"/>
      </symbol>
      <symbol id="sm-6e7">
         <name>__aeabi_d2f</name>
         <value>0x291d</value>
         <object_component_ref idref="oc-1d6"/>
      </symbol>
      <symbol id="sm-6f5">
         <name>__aeabi_f2d</name>
         <value>0x2af9</value>
         <object_component_ref idref="oc-1cc"/>
      </symbol>
      <symbol id="sm-710">
         <name>memcpy</name>
         <value>0x2591</value>
         <object_component_ref idref="oc-33"/>
      </symbol>
      <symbol id="sm-711">
         <name>__aeabi_memcpy</name>
         <value>0x2591</value>
         <object_component_ref idref="oc-33"/>
      </symbol>
      <symbol id="sm-712">
         <name>__aeabi_memcpy8</name>
         <value>0x2591</value>
         <object_component_ref idref="oc-33"/>
      </symbol>
      <symbol id="sm-713">
         <name>__aeabi_memcpy4</name>
         <value>0x2591</value>
         <object_component_ref idref="oc-33"/>
      </symbol>
      <symbol id="sm-722">
         <name>__aeabi_memset</name>
         <value>0x262f</value>
         <object_component_ref idref="oc-4c"/>
      </symbol>
      <symbol id="sm-723">
         <name>memset</name>
         <value>0x2635</value>
         <object_component_ref idref="oc-4c"/>
      </symbol>
      <symbol id="sm-724">
         <name>__aeabi_memset8</name>
         <value>0x262f</value>
         <object_component_ref idref="oc-4c"/>
      </symbol>
      <symbol id="sm-725">
         <name>__aeabi_memset4</name>
         <value>0x262f</value>
         <object_component_ref idref="oc-4c"/>
      </symbol>
      <symbol id="sm-726">
         <name>__aeabi_memclr8</name>
         <value>0x262d</value>
         <object_component_ref idref="oc-4c"/>
      </symbol>
      <symbol id="sm-727">
         <name>__aeabi_memclr4</name>
         <value>0x262d</value>
         <object_component_ref idref="oc-4c"/>
      </symbol>
      <symbol id="sm-728">
         <name>__aeabi_memclr</name>
         <value>0x262d</value>
         <object_component_ref idref="oc-4c"/>
      </symbol>
      <symbol id="sm-732">
         <name>_system_pre_init</name>
         <value>0x2ecb</value>
         <object_component_ref idref="oc-58"/>
      </symbol>
      <symbol id="sm-73a">
         <name>main_func_sp</name>
         <value>0x200004f0</value>
         <object_component_ref idref="oc-70"/>
      </symbol>
      <symbol id="sm-748">
         <name>strlen</name>
         <value>0x2cf5</value>
         <object_component_ref idref="oc-24c"/>
      </symbol>
      <symbol id="sm-75b">
         <name>__aeabi_uidivmod</name>
         <value>0x29f5</value>
         <object_component_ref idref="oc-16d"/>
      </symbol>
      <symbol id="sm-75c">
         <name>__aeabi_uidiv</name>
         <value>0x29f5</value>
         <object_component_ref idref="oc-16d"/>
      </symbol>
      <symbol id="sm-768">
         <name>__aeabi_ui2d</name>
         <value>0x2be5</value>
         <object_component_ref idref="oc-290"/>
      </symbol>
      <symbol id="sm-781">
         <name>_nop</name>
         <value>0x2cef</value>
         <object_component_ref idref="oc-117"/>
      </symbol>
      <symbol id="sm-782">
         <name>_lock</name>
         <value>0x200004d4</value>
         <object_component_ref idref="oc-a5"/>
      </symbol>
      <symbol id="sm-783">
         <name>_unlock</name>
         <value>0x200004d8</value>
         <object_component_ref idref="oc-a5"/>
      </symbol>
      <symbol id="sm-784">
         <name>_register_lock</name>
         <value>0x2ce7</value>
         <object_component_ref idref="oc-117"/>
      </symbol>
      <symbol id="sm-785">
         <name>_register_unlock</name>
         <value>0x2ce1</value>
         <object_component_ref idref="oc-117"/>
      </symbol>
      <symbol id="sm-79a">
         <name>_args_main</name>
         <value>0x2ca1</value>
         <object_component_ref idref="oc-64"/>
      </symbol>
      <symbol id="sm-7c0">
         <name>__TI_auto_init</name>
         <value>0x26a9</value>
         <object_component_ref idref="oc-5e"/>
      </symbol>
      <symbol id="sm-7da">
         <name>copy_in</name>
         <value>0x28d1</value>
         <object_component_ref idref="oc-95"/>
      </symbol>
      <symbol id="sm-7db">
         <name>__TI_static_base__</name>
         <value>0x0</value>
      </symbol>
      <symbol id="sm-7de">
         <name>SHT$$INIT_ARRAY$$Limit</name>
         <value>0x0</value>
      </symbol>
      <symbol id="sm-7df">
         <name>SHT$$INIT_ARRAY$$Base</name>
         <value>0x0</value>
      </symbol>
   </symbol_table>
   <title>Link successful</title>
</link_info>
