******************************************************************************
                  TI ARM Linker PC v5.2.2                      
******************************************************************************
>> Linked Mon Jun 08 17:31:05 2015

OUTPUT FILE NAME:   <EMouse.out>
ENTRY POINT SYMBOL: "_c_int00"  address: 00002959


MEMORY CONFIGURATION

         name            origin    length      used     unused   attr    fill
----------------------  --------  ---------  --------  --------  ----  --------
  FLASH                 00000000   00040000  00003624  0003c9dc  R  X
  SRAM                  20000000   00008000  0000051e  00007ae2  RW X


SEGMENT ALLOCATION MAP

run origin  load origin   length   init length attrs members
----------  ----------- ---------- ----------- ----- -------
00000000    00000000    00003628   00003628    r-x
  00000000    00000000    0000026c   0000026c    r-- .intvecs
  0000026c    0000026c    00002e42   00002e42    r-x .text
  000030b0    000030b0    000004d6   000004d6    r-- .const
  00003588    00003588    000000a0   000000a0    r-- .cinit
20000000    20000000    0000051e   00000000    rw-
  20000000    20000000    0000026c   00000000    rw- .vtable
  2000026c    2000026c    00000200   00000000    rw- .stack
  2000046c    2000046c    00000094   00000000    rw- .data
  20000500    20000500    0000001e   00000000    rw- .bss


SECTION ALLOCATION MAP

 output                                  attributes/
section   page    origin      length       input sections
--------  ----  ----------  ----------   ----------------
.intvecs   0    00000000    0000026c     
                  00000000    0000026c     tm4c123gh6pm_startup_ccs.obj (.intvecs)

.text      0    0000026c    00002e42     
                  0000026c    000007d4     NEC.obj (.text)
                  00000a40    00000598     PID.obj (.text)
                  00000fd8    0000049c     uartstdio.obj (.text)
                  00001474    000003c0     interrupt.obj (.text)
                  00001834    00000388     Motor.obj (.text)
                  00001bbc    000001b6     rtsv7M4_T_le_v4SPD16_eabi.lib : fd_add_t2.obj (.text)
                  00001d72    00000002     --HOLE-- [fill = 0]
                  00001d74    0000018c     UART0.obj (.text)
                  00001f00    00000168     InfSen.obj (.text)
                  00002068    00000136     rtsv7M4_T_le_v4SPD16_eabi.lib : fd_div_t2.obj (.text)
                  0000219e    00000130     driverlib.lib : gpio.obj (.text:GPIOPadConfigSet)
                  000022ce    00000002     --HOLE-- [fill = 0]
                  000022d0    00000118                   : sysctl.obj (.text:SysCtlClockGet)
                  000023e8    000000fc     rtsv7M4_T_le_v4SPD16_eabi.lib : fd_mul_t2.obj (.text)
                  000024e4    000000f0     driverlib.lib : sysctl.obj (.text:SysCtlClockSet)
                  000025d4    000000e0     Seg.obj (.text)
                  000026b4    0000009c     rtsv7M4_T_le_v4SPD16_eabi.lib : memcpy_t2.obj (.text)
                  00002750    0000007a                                   : memset_t2.obj (.text)
                  000027ca    00000002     --HOLE-- [fill = 0]
                  000027cc    0000006c                                   : autoinit.obj (.text)
                  00002838    0000006a                                   : copy_decompress_rle.obj (.text)
                  000028a2    00000002     --HOLE-- [fill = 0]
                  000028a4    0000005c     driverlib.lib : timer.obj (.text:TimerConfigure)
                  00002900    00000056                   : gpio.obj (.text:GPIOIntTypeSet)
                  00002956    00000002     --HOLE-- [fill = 0]
                  00002958    00000050     rtsv7M4_T_le_v4SPD16_eabi.lib : boot.obj (.text)
                  000029a8    0000004c     EMouse.obj (.text)
                  000029f4    0000004c     driverlib.lib : timer.obj (.text:_TimerIntNumberGet)
                  00002a40    0000004c     rtsv7M4_T_le_v4SPD16_eabi.lib : cpy_tbl.obj (.text)
                  00002a8c    0000004a                                   : fd_tos_t2.obj (.text)
                  00002ad6    00000002     --HOLE-- [fill = 0]
                  00002ad8    00000048     driverlib.lib : gpio.obj (.text:GPIOPinConfigure)
                  00002b20    00000044     rtsv7M4_T_le_v4SPD16_eabi.lib : exit.obj (.text)
                  00002b64    00000044                                   : fd_tou_t2.obj (.text)
                  00002ba8    00000042                                   : u_divt2.obj (.text)
                  00002bea    00000040     driverlib.lib : uart.obj (.text:UARTConfigSetExpClk)
                  00002c2a    00000002     --HOLE-- [fill = 0]
                  00002c2c    00000040                   : gpio.obj (.text:_GPIOIntNumberGet)
                  00002c6c    00000040                   : uart.obj (.text:_UARTIntNumberGet)
                  00002cac    00000038     rtsv7M4_T_le_v4SPD16_eabi.lib : fs_tod_t2.obj (.text)
                  00002ce4    00000034     driverlib.lib : sysctl.obj (.text:SysCtlPeripheralEnable)
                  00002d18    00000034                   : sysctl.obj (.text:SysCtlPeripheralPresent)
                  00002d4c    0000002e     rtsv7M4_T_le_v4SPD16_eabi.lib : i_tofd_t2.obj (.text)
                  00002d7a    0000002a     driverlib.lib : gpio.obj (.text:GPIODirModeSet)
                  00002da4    00000022                   : pwm.obj (.text:PWMGenConfigure)
                  00002dc6    00000020     rtsv7M4_T_le_v4SPD16_eabi.lib : u_tofd_t2.obj (.text)
                  00002de6    0000001e     driverlib.lib : pwm.obj (.text:PWMPulseWidthSet)
                  00002e04    0000001c                   : uart.obj (.text:UARTDisable)
                  00002e20    00000018                   : gpio.obj (.text:GPIOIntRegister)
                  00002e38    00000018                   : gpio.obj (.text:GPIOPinTypeGPIOOutput)
                  00002e50    00000018                   : timer.obj (.text:TimerIntRegister)
                  00002e68    00000018                   : uart.obj (.text:UARTIntRegister)
                  00002e80    00000018     rtsv7M4_T_le_v4SPD16_eabi.lib : args_main.obj (.text)
                  00002e98    00000014     driverlib.lib : sysctl.obj (.text:SysCtlPWMClockSet)
                  00002eac    00000014                   : uart.obj (.text:UARTEnable)
                  00002ec0    00000014     rtsv7M4_T_le_v4SPD16_eabi.lib : _lock.obj (.text)
                  00002ed4    00000014                                   : strlen.obj (.text)
                  00002ee8    00000012     driverlib.lib : gpio.obj (.text:GPIOPinTypeGPIOInput)
                  00002efa    00000012                   : gpio.obj (.text:GPIOPinTypePWM)
                  00002f0c    00000012                   : gpio.obj (.text:GPIOPinTypeQEI)
                  00002f1e    00000012                   : gpio.obj (.text:GPIOPinTypeUART)
                  00002f30    00000012                   : timer.obj (.text:TimerLoadSet)
                  00002f42    00000002     --HOLE-- [fill = 0]
                  00002f44    00000010                   : fpu.obj (.text:FPUEnable)
                  00002f54    00000010                   : pwm.obj (.text:PWMGenPeriodSet)
                  00002f64    00000010                   : qei.obj (.text:QEIVelocityConfigure)
                  00002f74    0000000e                   : gpio.obj (.text:GPIOIntDisable)
                  00002f82    0000000e                   : qei.obj (.text:QEIConfigure)
                  00002f90    0000000e                   : timer.obj (.text:TimerEnable)
                  00002f9e    0000000e                   : uart.obj (.text:UARTCharGetNonBlocking)
                  00002fac    0000000e     rtsv7M4_T_le_v4SPD16_eabi.lib : copy_decompress_none.obj (.text:decompress:none)
                  00002fba    0000000c     driverlib.lib : cpu.obj (.text:CPUcpsid)
                  00002fc6    0000000c                   : cpu.obj (.text:CPUcpsie)
                  00002fd2    0000000c                   : gpio.obj (.text:GPIOIntEnable)
                  00002fde    0000000c                   : pwm.obj (.text:PWMGenEnable)
                  00002fea    0000000c                   : uart.obj (.text:UARTCharsAvail)
                  00002ff6    0000000c     rtsv7M4_T_le_v4SPD16_eabi.lib : copy_zero_init.obj (.text:decompress:ZI)
                  00003002    0000000c     tm4c123gh6pm_startup_ccs.obj (.text)
                  0000300e    0000000a     driverlib.lib : cpu.obj (.text:CPUbasepriGet)
                  00003018    0000000a                   : qei.obj (.text:QEIEnable)
                  00003022    0000000a                   : qei.obj (.text:QEIVelocityEnable)
                  0000302c    0000000a                   : timer.obj (.text:TimerIntDisable)
                  00003036    0000000a                   : uart.obj (.text:UARTCharGet)
                  00003040    0000000a                   : uart.obj (.text:UARTCharPut)
                  0000304a    0000000a                   : uart.obj (.text:UARTFIFODisable)
                  00003054    0000000a                   : uart.obj (.text:UARTIntStatus)
                  0000305e    00000008                   : timer.obj (.text:TimerIntEnable)
                  00003066    00000008                   : uart.obj (.text:UARTIntEnable)
                  0000306e    00000006                   : cpu.obj (.text:CPUbasepriSet)
                  00003074    00000006                   : gpio.obj (.text:GPIOIntClear)
                  0000307a    00000006                   : gpio.obj (.text:GPIOPinRead)
                  00003080    00000006                   : gpio.obj (.text:GPIOPinWrite)
                  00003086    00000006                   : sysctl.obj (.text:SysCtlDelay)
                  0000308c    00000006                   : timer.obj (.text:TimerClockSourceSet)
                  00003092    00000006                   : uart.obj (.text:UARTClockSourceSet)
                  00003098    00000006     rtsv7M4_T_le_v4SPD16_eabi.lib : copy_decompress_rle.obj (.text:decompress:rle24)
                  0000309e    00000004     driverlib.lib : qei.obj (.text:QEIVelocityGet)
                  000030a2    00000004                   : timer.obj (.text:TimerIntClear)
                  000030a6    00000004                   : uart.obj (.text:UARTIntClear)
                  000030aa    00000004     rtsv7M4_T_le_v4SPD16_eabi.lib : pre_init.obj (.text)

.const     0    000030b0    000004d6     
                  000030b0    000000c0     driverlib.lib : gpio.obj (.const:g_ppui32GPIOIntMapBlizzard)
                  00003170    000000c0                   : gpio.obj (.const:g_ppui32GPIOIntMapSnowflake)
                  00003230    0000009c     interrupt.obj (.const:g_pui32Regs)
                  000032cc    00000090     driverlib.lib : gpio.obj (.const:g_pui32GPIOBaseAddrs)
                  0000335c    00000070     interrupt.obj (.const)
                  000033cc    0000006c     driverlib.lib : sysctl.obj (.const:g_pui32Xtals)
                  00003438    00000060                   : timer.obj (.const:g_ppui32TimerIntMap)
                  00003498    00000040                   : timer.obj (.const:g_ppui32TimerIntMapSnowflake)
                  000034d8    00000040                   : uart.obj (.const:g_ppui32UARTIntMap)
                  00003518    00000040                   : uart.obj (.const:g_ppui32UARTIntMapSnowflake)
                  00003558    0000001c     uartstdio.obj (.const)
                  00003574    00000012     uartstdio.obj (.const:.string)

.cinit     0    00003588    000000a0     
                  00003588    00000068     (.cinit..data.load) [load image, compression = rle]
                  000035f0    0000000c     (__TI_handler_table)
                  000035fc    00000004     --HOLE-- [fill = 0]
                  00003600    00000008     (.cinit..bss.load) [load image, compression = zero_init]
                  00003608    00000008     (.cinit..vtable.load) [load image, compression = zero_init]
                  00003610    00000018     (__TI_cinit_table)

.init_array 
*          0    00000000    00000000     UNINITIALIZED

.vtable    0    20000000    0000026c     UNINITIALIZED
                  20000000    0000026c     interrupt.obj (.vtable)

.stack     0    2000026c    00000200     UNINITIALIZED
                  2000026c    00000200     --HOLE--

.data      0    2000046c    00000094     UNINITIALIZED
                  2000046c    00000050     PID.obj (.data)
                  200004bc    00000010     Motor.obj (.data)
                  200004cc    00000010     Seg.obj (.data)
                  200004dc    00000008     NEC.obj (.data)
                  200004e4    00000008     rtsv7M4_T_le_v4SPD16_eabi.lib : _lock.obj (.data)
                  200004ec    00000008                                   : exit.obj (.data)
                  200004f4    00000005     uartstdio.obj (.data)
                  200004f9    00000003     --HOLE--
                  200004fc    00000004     rtsv7M4_T_le_v4SPD16_eabi.lib : stkdepth_vars.obj (.data)

.bss       0    20000500    0000001e     UNINITIALIZED
                  20000500    00000010     (.common:ui64InfraRawCode)
                  20000510    00000004     (.common:ui32NECEncoded)
                  20000514    00000004     (.common:ui32PE0IntEnable)
                  20000518    00000001     (.common:machineState)
                  20000519    00000001     (.common:ui8CountOnesCounter)
                  2000051a    00000001     (.common:ui8EncodedBitCounter)
                  2000051b    00000001     (.common:ui8LeadOnesCounter)
                  2000051c    00000001     (.common:ui8RawBitCounter)
                  2000051d    00000001     (.common:ui8TransmitEnable)

.TI.persistent 
*          0    2000046c    00000000     UNINITIALIZED

.TI.noinit 
*          0    20000500    00000000     UNINITIALIZED


LINKER GENERATED COPY TABLES

__TI_cinit_table @ 00003610 records: 3, size/record: 8, table size: 24
	.data: load addr=00003588, load size=00000068 bytes, run addr=2000046c, run size=00000094 bytes, compression=rle
	.bss: load addr=00003600, load size=00000008 bytes, run addr=20000500, run size=0000001e bytes, compression=zero_init
	.vtable: load addr=00003608, load size=00000008 bytes, run addr=20000000, run size=0000026c bytes, compression=zero_init


LINKER GENERATED HANDLER TABLE

__TI_handler_table @ 000035f0 records: 3, size/record: 4, table size: 12
	index: 0, handler: __TI_zero_init
	index: 1, handler: __TI_decompress_rle24
	index: 2, handler: __TI_decompress_none


GLOBAL SYMBOLS: SORTED ALPHABETICALLY BY Name 

address   name                    
-------   ----                    
00002b21  C$$EXIT                 
0000300f  CPUbasepriGet           
0000306f  CPUbasepriSet           
00002fbb  CPUcpsid                
00002fc7  CPUcpsie                
000029b1  EMouse_Init             
00002f45  FPUEnable               
00002d7b  GPIODirModeSet          
00003075  GPIOIntClear            
00002f75  GPIOIntDisable          
00002fd3  GPIOIntEnable           
00002e21  GPIOIntRegister         
00002901  GPIOIntTypeSet          
0000219f  GPIOPadConfigSet        
00002ad9  GPIOPinConfigure        
0000307b  GPIOPinRead             
00002ee9  GPIOPinTypeGPIOInput    
00002e39  GPIOPinTypeGPIOOutput   
00002efb  GPIOPinTypePWM          
00002f0d  GPIOPinTypeQEI          
00002f1f  GPIOPinTypeUART         
00003081  GPIOPinWrite            
00001f01  InfSen_Init             
00001fd1  InfSen_Read             
00000459  InfraPortInit           
000004fb  InfraPortIntHandler     
00001635  IntDisable              
000015c3  IntEnable               
000016a7  IntIsEnabled            
00001487  IntMasterDisable        
00001477  IntMasterEnable         
0000179d  IntPendClear            
0000172d  IntPendSet              
0000159f  IntPriorityGet          
00001517  IntPriorityGroupingGet  
000014fd  IntPriorityGroupingSet  
000017f7  IntPriorityMaskGet      
000017eb  IntPriorityMaskSet      
0000154f  IntPrioritySet          
00001497  IntRegister             
000017ff  IntTrigger              
000014e9  IntUnregister           
00001a45  Motor_Break             
000019df  Motor_Init              
00001835  Motor_Init_PWM          
0000191b  Motor_Init_QEI          
000019eb  Motor_Left_PWM_Width    
00001a83  Motor_Move              
00001a05  Motor_Right_PWM_Width   
00001a21  Motor_Start             
00001a35  Motor_Stop              
000002ab  NECCommandExecute       
000008d1  NECCommandExtract       
00000a01  NECCommandMenu          
00000833  NECReceiveBit           
0000086d  NECReceiveReset         
00000491  NECTimerInit            
0000055d  NECTimerIntHandler      
00000431  NEC_Init                
00000cff  PIDTimerIntHandler      
00000d75  PID_Cali_Left_RPS       
00000e85  PID_Cali_Right_RPS      
00000c91  PID_Init                
00000c99  PID_Init_Timer          
00000ab5  PID_Left_RPS_To_PWM     
00000a41  PID_Move                
00000b11  PID_Right_RPS_To_PWM    
00000b6d  PID_Set_Left_RPS        
00000bfb  PID_Set_Right_RPS       
00000a8d  PID_Start               
00000f6d  PID_Stop                
00002da5  PWMGenConfigure         
00002fdf  PWMGenEnable            
00002f55  PWMGenPeriodSet         
00002de7  PWMPulseWidthSet        
00002f83  QEIConfigure            
00003019  QEIEnable               
00002f65  QEIVelocityConfigure    
00003023  QEIVelocityEnable       
0000309f  QEIVelocityGet          
00003003  ResetISR                
200004cc  SEG_A_List              
UNDEFED   SHT$$INIT_ARRAY$$Base   
UNDEFED   SHT$$INIT_ARRAY$$Limit  
000025d5  Seg_Display_Num         
0000026d  Seg_Update              
00000735  StateMachine            
000022d1  SysCtlClockGet          
000024e5  SysCtlClockSet          
00003087  SysCtlDelay             
00002e99  SysCtlPWMClockSet       
00002ce5  SysCtlPeripheralEnable  
00002d19  SysCtlPeripheralPresent 
0000308d  TimerClockSourceSet     
000028a5  TimerConfigure          
00002f91  TimerEnable             
000030a3  TimerIntClear           
0000302d  TimerIntDisable         
0000305f  TimerIntEnable          
00002e51  TimerIntRegister        
00002f31  TimerLoadSet            
00001dfb  UART0_Init              
00001dc5  UART0_Interrupt         
00003037  UARTCharGet             
00002f9f  UARTCharGetNonBlocking  
00003041  UARTCharPut             
00002feb  UARTCharsAvail          
00003093  UARTClockSourceSet      
00002beb  UARTConfigSetExpClk     
00002e05  UARTDisable             
00002ead  UARTEnable              
0000304b  UARTFIFODisable         
000030a7  UARTIntClear            
00003067  UARTIntEnable           
00002e69  UARTIntRegister         
00003055  UARTIntStatus           
00000fd9  UARTStdioConfig         
00001ebf  UART_Int_Len            
00001e5b  UART_Int_To_String      
00001d75  UART_Send_String        
0000111f  UARTgetc                
00001065  UARTgets                
0000143f  UARTprintf              
00001145  UARTvprintf             
0000101f  UARTwrite               
2000046c  __STACK_END             
00000200  __STACK_SIZE            
2000046c  __STACK_TOP             
00003610  __TI_CINIT_Base         
00003628  __TI_CINIT_Limit        
000035f0  __TI_Handler_Table_Base 
000035fc  __TI_Handler_Table_Limit
000027cd  __TI_auto_init          
200004ec  __TI_cleanup_ptr        
00002fad  __TI_decompress_none    
00003099  __TI_decompress_rle24   
200004f0  __TI_dtors_ptr          
00000000  __TI_static_base__      
00002ff7  __TI_zero_init          
00002a8d  __aeabi_d2f             
00002b65  __aeabi_d2uiz           
00001bc7  __aeabi_dadd            
00002069  __aeabi_ddiv            
000023e9  __aeabi_dmul            
00001bbd  __aeabi_dsub            
00002cad  __aeabi_f2d             
00002d4d  __aeabi_i2d             
00002751  __aeabi_memclr          
00002751  __aeabi_memclr4         
00002751  __aeabi_memclr8         
000026b5  __aeabi_memcpy          
000026b5  __aeabi_memcpy4         
000026b5  __aeabi_memcpy8         
00002753  __aeabi_memset          
00002753  __aeabi_memset4         
00002753  __aeabi_memset8         
00002dc7  __aeabi_ui2d            
00002ba9  __aeabi_uidiv           
00002ba9  __aeabi_uidivmod        
ffffffff  __binit__               
ffffffff  __c_args__              
2000026c  __stack                 
00002e81  _args_main              
00002959  _c_int00                
200004e4  _lock                   
00002ecf  _nop                    
00002ec7  _register_lock          
00002ec1  _register_unlock        
000030ab  _system_pre_init        
200004e8  _unlock                 
00002b25  abort                   
ffffffff  binit                   
00002a41  copy_in                 
00002b2d  exit                    
200004e0  freqToSet               
20000484  g_L_A                   
20000488  g_L_A1                  
2000048c  g_L_B1                  
200004c0  g_L_Cur_Dir             
200004bc  g_L_Cur_PWM             
200004a0  g_L_Dir                 
200004a8  g_L_Integral            
2000047c  g_L_Kd                  
20000474  g_L_Ki                  
2000046c  g_L_Kp                  
200004a4  g_L_Pre_Err             
2000049c  g_L_RPS                 
200004c4  g_L_Sample_RPS          
20000490  g_R_A                   
20000494  g_R_A1                  
20000498  g_R_B1                  
200004c1  g_R_Cur_Dir             
200004be  g_R_Cur_PWM             
200004b0  g_R_Dir                 
200004b8  g_R_Integral            
20000480  g_R_Kd                  
20000478  g_R_Ki                  
20000470  g_R_Kp                  
200004b4  g_R_Pre_Err             
200004ac  g_R_RPS                 
200004c8  g_R_Sample_RPS          
20000000  g_pfnRAMVectors         
00000000  g_pfnVectors            
20000518  machineState            
000029a9  main                    
200004fc  main_func_sp            
000026b5  memcpy                  
00002759  memset                  
200004dc  necCommandMenuStatus    
00002ed5  strlen                  
20000510  ui32NECEncoded          
20000514  ui32PE0IntEnable        
20000500  ui64InfraRawCode        
20000519  ui8CountOnesCounter     
2000051a  ui8EncodedBitCounter    
2000051b  ui8LeadOnesCounter      
2000051c  ui8RawBitCounter        
2000051d  ui8TransmitEnable       


GLOBAL SYMBOLS: SORTED BY Symbol Address 

address   name                    
-------   ----                    
00000000  __TI_static_base__      
00000000  g_pfnVectors            
00000200  __STACK_SIZE            
0000026d  Seg_Update              
000002ab  NECCommandExecute       
00000431  NEC_Init                
00000459  InfraPortInit           
00000491  NECTimerInit            
000004fb  InfraPortIntHandler     
0000055d  NECTimerIntHandler      
00000735  StateMachine            
00000833  NECReceiveBit           
0000086d  NECReceiveReset         
000008d1  NECCommandExtract       
00000a01  NECCommandMenu          
00000a41  PID_Move                
00000a8d  PID_Start               
00000ab5  PID_Left_RPS_To_PWM     
00000b11  PID_Right_RPS_To_PWM    
00000b6d  PID_Set_Left_RPS        
00000bfb  PID_Set_Right_RPS       
00000c91  PID_Init                
00000c99  PID_Init_Timer          
00000cff  PIDTimerIntHandler      
00000d75  PID_Cali_Left_RPS       
00000e85  PID_Cali_Right_RPS      
00000f6d  PID_Stop                
00000fd9  UARTStdioConfig         
0000101f  UARTwrite               
00001065  UARTgets                
0000111f  UARTgetc                
00001145  UARTvprintf             
0000143f  UARTprintf              
00001477  IntMasterEnable         
00001487  IntMasterDisable        
00001497  IntRegister             
000014e9  IntUnregister           
000014fd  IntPriorityGroupingSet  
00001517  IntPriorityGroupingGet  
0000154f  IntPrioritySet          
0000159f  IntPriorityGet          
000015c3  IntEnable               
00001635  IntDisable              
000016a7  IntIsEnabled            
0000172d  IntPendSet              
0000179d  IntPendClear            
000017eb  IntPriorityMaskSet      
000017f7  IntPriorityMaskGet      
000017ff  IntTrigger              
00001835  Motor_Init_PWM          
0000191b  Motor_Init_QEI          
000019df  Motor_Init              
000019eb  Motor_Left_PWM_Width    
00001a05  Motor_Right_PWM_Width   
00001a21  Motor_Start             
00001a35  Motor_Stop              
00001a45  Motor_Break             
00001a83  Motor_Move              
00001bbd  __aeabi_dsub            
00001bc7  __aeabi_dadd            
00001d75  UART_Send_String        
00001dc5  UART0_Interrupt         
00001dfb  UART0_Init              
00001e5b  UART_Int_To_String      
00001ebf  UART_Int_Len            
00001f01  InfSen_Init             
00001fd1  InfSen_Read             
00002069  __aeabi_ddiv            
0000219f  GPIOPadConfigSet        
000022d1  SysCtlClockGet          
000023e9  __aeabi_dmul            
000024e5  SysCtlClockSet          
000025d5  Seg_Display_Num         
000026b5  __aeabi_memcpy          
000026b5  __aeabi_memcpy4         
000026b5  __aeabi_memcpy8         
000026b5  memcpy                  
00002751  __aeabi_memclr          
00002751  __aeabi_memclr4         
00002751  __aeabi_memclr8         
00002753  __aeabi_memset          
00002753  __aeabi_memset4         
00002753  __aeabi_memset8         
00002759  memset                  
000027cd  __TI_auto_init          
000028a5  TimerConfigure          
00002901  GPIOIntTypeSet          
00002959  _c_int00                
000029a9  main                    
000029b1  EMouse_Init             
00002a41  copy_in                 
00002a8d  __aeabi_d2f             
00002ad9  GPIOPinConfigure        
00002b21  C$$EXIT                 
00002b25  abort                   
00002b2d  exit                    
00002b65  __aeabi_d2uiz           
00002ba9  __aeabi_uidiv           
00002ba9  __aeabi_uidivmod        
00002beb  UARTConfigSetExpClk     
00002cad  __aeabi_f2d             
00002ce5  SysCtlPeripheralEnable  
00002d19  SysCtlPeripheralPresent 
00002d4d  __aeabi_i2d             
00002d7b  GPIODirModeSet          
00002da5  PWMGenConfigure         
00002dc7  __aeabi_ui2d            
00002de7  PWMPulseWidthSet        
00002e05  UARTDisable             
00002e21  GPIOIntRegister         
00002e39  GPIOPinTypeGPIOOutput   
00002e51  TimerIntRegister        
00002e69  UARTIntRegister         
00002e81  _args_main              
00002e99  SysCtlPWMClockSet       
00002ead  UARTEnable              
00002ec1  _register_unlock        
00002ec7  _register_lock          
00002ecf  _nop                    
00002ed5  strlen                  
00002ee9  GPIOPinTypeGPIOInput    
00002efb  GPIOPinTypePWM          
00002f0d  GPIOPinTypeQEI          
00002f1f  GPIOPinTypeUART         
00002f31  TimerLoadSet            
00002f45  FPUEnable               
00002f55  PWMGenPeriodSet         
00002f65  QEIVelocityConfigure    
00002f75  GPIOIntDisable          
00002f83  QEIConfigure            
00002f91  TimerEnable             
00002f9f  UARTCharGetNonBlocking  
00002fad  __TI_decompress_none    
00002fbb  CPUcpsid                
00002fc7  CPUcpsie                
00002fd3  GPIOIntEnable           
00002fdf  PWMGenEnable            
00002feb  UARTCharsAvail          
00002ff7  __TI_zero_init          
00003003  ResetISR                
0000300f  CPUbasepriGet           
00003019  QEIEnable               
00003023  QEIVelocityEnable       
0000302d  TimerIntDisable         
00003037  UARTCharGet             
00003041  UARTCharPut             
0000304b  UARTFIFODisable         
00003055  UARTIntStatus           
0000305f  TimerIntEnable          
00003067  UARTIntEnable           
0000306f  CPUbasepriSet           
00003075  GPIOIntClear            
0000307b  GPIOPinRead             
00003081  GPIOPinWrite            
00003087  SysCtlDelay             
0000308d  TimerClockSourceSet     
00003093  UARTClockSourceSet      
00003099  __TI_decompress_rle24   
0000309f  QEIVelocityGet          
000030a3  TimerIntClear           
000030a7  UARTIntClear            
000030ab  _system_pre_init        
000035f0  __TI_Handler_Table_Base 
000035fc  __TI_Handler_Table_Limit
00003610  __TI_CINIT_Base         
00003628  __TI_CINIT_Limit        
20000000  g_pfnRAMVectors         
2000026c  __stack                 
2000046c  __STACK_END             
2000046c  __STACK_TOP             
2000046c  g_L_Kp                  
20000470  g_R_Kp                  
20000474  g_L_Ki                  
20000478  g_R_Ki                  
2000047c  g_L_Kd                  
20000480  g_R_Kd                  
20000484  g_L_A                   
20000488  g_L_A1                  
2000048c  g_L_B1                  
20000490  g_R_A                   
20000494  g_R_A1                  
20000498  g_R_B1                  
2000049c  g_L_RPS                 
200004a0  g_L_Dir                 
200004a4  g_L_Pre_Err             
200004a8  g_L_Integral            
200004ac  g_R_RPS                 
200004b0  g_R_Dir                 
200004b4  g_R_Pre_Err             
200004b8  g_R_Integral            
200004bc  g_L_Cur_PWM             
200004be  g_R_Cur_PWM             
200004c0  g_L_Cur_Dir             
200004c1  g_R_Cur_Dir             
200004c4  g_L_Sample_RPS          
200004c8  g_R_Sample_RPS          
200004cc  SEG_A_List              
200004dc  necCommandMenuStatus    
200004e0  freqToSet               
200004e4  _lock                   
200004e8  _unlock                 
200004ec  __TI_cleanup_ptr        
200004f0  __TI_dtors_ptr          
200004fc  main_func_sp            
20000500  ui64InfraRawCode        
20000510  ui32NECEncoded          
20000514  ui32PE0IntEnable        
20000518  machineState            
20000519  ui8CountOnesCounter     
2000051a  ui8EncodedBitCounter    
2000051b  ui8LeadOnesCounter      
2000051c  ui8RawBitCounter        
2000051d  ui8TransmitEnable       
ffffffff  __binit__               
ffffffff  __c_args__              
ffffffff  binit                   
UNDEFED   SHT$$INIT_ARRAY$$Base   
UNDEFED   SHT$$INIT_ARRAY$$Limit  

[218 symbols]
